13:14:18 **** Incremental Build of configuration Debug for project blink2_CM0PLUS ****
make -j8 all 
arm-none-eabi-gcc "../Core/Src/main.c" -mcpu=cortex-m0plus -std=gnu11 -g3 -DDEBUG '-DCORE_CM0+' -DSTM32WL55xx -DUSE_NUCLEO_64 -DUSE_HAL_DRIVER -c -I../Core/Inc -I../../Drivers/STM32WLxx_HAL_Driver/Inc -I../../Drivers/STM32WLxx_HAL_Driver/Inc/Legacy -I../../Drivers/BSP/STM32WLxx_Nucleo -I../../Drivers/CMSIS/Device/ST/STM32WLxx/Include -I../../Drivers/CMSIS/Include -O0 -ffunction-sections -fdata-sections -Wall -fstack-usage -fcyclomatic-complexity -MMD -MP -MF"Core/Src/main.d" -MT"Core/Src/main.o" --specs=nano.specs -mfloat-abi=soft -mthumb -o "Core/Src/main.o"
<command-line>: warning: ISO C99 requires whitespace after the macro name
arm-none-eabi-gcc -o "blink2_CM0PLUS.elf" @"objects.list"   -mcpu=cortex-m0plus -T"/home/mark/git/veltzer/demos-hw-stm32/workspace/blink2/CM0PLUS/STM32WL55JCIX_FLASH.ld" --specs=nosys.specs -Wl,-Map="blink2_CM0PLUS.map" -Wl,--gc-sections -static --specs=nano.specs -mfloat-abi=soft -mthumb -Wl,--start-group -lc -lm -Wl,--end-group
Finished building target: blink2_CM0PLUS.elf
 
arm-none-eabi-size  blink2_CM0PLUS.elf 
arm-none-eabi-objdump -h -S blink2_CM0PLUS.elf  > "blink2_CM0PLUS.list"
   text	   data	    bss	    dec	    hex	filename
   2464	     12	   1572	   4048	    fd0	blink2_CM0PLUS.elf
Finished building: default.size.stdout
 
Finished building: blink2_CM0PLUS.list
 

13:14:19 Build Finished. 0 errors, 0 warnings. (took 355ms)

