13:48:39 **** Incremental Build of configuration Release for project blink_CM4 ****
make -j8 all 
arm-none-eabi-gcc "../Core/Src/main.c" -mcpu=cortex-m4 -std=gnu11 -DCORE_CM4 -DUSE_HAL_DRIVER -DSTM32WL55xx -DUSE_NUCLEO_64 -c -I../Core/Inc -I../../Drivers/STM32WLxx_HAL_Driver/Inc -I../../Drivers/STM32WLxx_HAL_Driver/Inc/Legacy -I../../Drivers/BSP/STM32WLxx_Nucleo -I../../Drivers/CMSIS/Device/ST/STM32WLxx/Include -I../../Drivers/CMSIS/Include -Os -ffunction-sections -fdata-sections -Wall -fstack-usage -fcyclomatic-complexity -MMD -MP -MF"Core/Src/main.d" -MT"Core/Src/main.o" --specs=nano.specs -mfloat-abi=soft -mthumb -o "Core/Src/main.o"
arm-none-eabi-gcc -o "blink_CM4.elf" @"objects.list"   -mcpu=cortex-m4 -T"/home/mark/git/veltzer/demos-hw-stm32/workspace/blink2/CM4/STM32WL55JCIX_FLASH.ld" --specs=nosys.specs -Wl,-Map="blink_CM4.map" -Wl,--gc-sections -static --specs=nano.specs -mfloat-abi=soft -mthumb -Wl,--start-group -lc -lm -Wl,--end-group
Finished building target: blink_CM4.elf
 
arm-none-eabi-size  blink_CM4.elf 
arm-none-eabi-objdump -h -S blink_CM4.elf  > "blink_CM4.list"
   text	   data	    bss	    dec	    hex	filename
   6808	     12	   1756	   8576	   2180	blink_CM4.elf
Finished building: default.size.stdout
 
Finished building: blink_CM4.list
 

13:48:40 Build Finished. 0 errors, 0 warnings. (took 260ms)

