12:16:48 **** Build of configuration Debug for project first_test_CM0PLUS ****
make -j8 all 
arm-none-eabi-gcc "/home/mark/git/veltzer/demos-hw-stm32/workspace/first_test/Drivers/STM32WLxx_HAL_Driver/Src/stm32wlxx_hal.c" -mcpu=cortex-m0plus -std=gnu11 -g3 -DDEBUG '-DCORE_CM0+' -DSTM32WL55xx -DUSE_NUCLEO_64 -DUSE_HAL_DRIVER -c -I../Core/Inc -I../../Drivers/STM32WLxx_HAL_Driver/Inc -I../../Drivers/STM32WLxx_HAL_Driver/Inc/Legacy -I../../Drivers/BSP/STM32WLxx_Nucleo -I../../Drivers/CMSIS/Device/ST/STM32WLxx/Include -I../../Drivers/CMSIS/Include -O0 -ffunction-sections -fdata-sections -Wall -fstack-usage -fcyclomatic-complexity -MMD -MP -MF"Drivers/STM32WLxx_HAL_Driver/stm32wlxx_hal.d" -MT"Drivers/STM32WLxx_HAL_Driver/stm32wlxx_hal.o" --specs=nano.specs -mfloat-abi=soft -mthumb -o "Drivers/STM32WLxx_HAL_Driver/stm32wlxx_hal.o"
arm-none-eabi-gcc "/home/mark/git/veltzer/demos-hw-stm32/workspace/first_test/Drivers/STM32WLxx_HAL_Driver/Src/stm32wlxx_hal_cortex.c" -mcpu=cortex-m0plus -std=gnu11 -g3 -DDEBUG '-DCORE_CM0+' -DSTM32WL55xx -DUSE_NUCLEO_64 -DUSE_HAL_DRIVER -c -I../Core/Inc -I../../Drivers/STM32WLxx_HAL_Driver/Inc -I../../Drivers/STM32WLxx_HAL_Driver/Inc/Legacy -I../../Drivers/BSP/STM32WLxx_Nucleo -I../../Drivers/CMSIS/Device/ST/STM32WLxx/Include -I../../Drivers/CMSIS/Include -O0 -ffunction-sections -fdata-sections -Wall -fstack-usage -fcyclomatic-complexity -MMD -MP -MF"Drivers/STM32WLxx_HAL_Driver/stm32wlxx_hal_cortex.d" -MT"Drivers/STM32WLxx_HAL_Driver/stm32wlxx_hal_cortex.o" --specs=nano.specs -mfloat-abi=soft -mthumb -o "Drivers/STM32WLxx_HAL_Driver/stm32wlxx_hal_cortex.o"
arm-none-eabi-gcc "/home/mark/git/veltzer/demos-hw-stm32/workspace/first_test/Drivers/STM32WLxx_HAL_Driver/Src/stm32wlxx_hal_dma.c" -mcpu=cortex-m0plus -std=gnu11 -g3 -DDEBUG '-DCORE_CM0+' -DSTM32WL55xx -DUSE_NUCLEO_64 -DUSE_HAL_DRIVER -c -I../Core/Inc -I../../Drivers/STM32WLxx_HAL_Driver/Inc -I../../Drivers/STM32WLxx_HAL_Driver/Inc/Legacy -I../../Drivers/BSP/STM32WLxx_Nucleo -I../../Drivers/CMSIS/Device/ST/STM32WLxx/Include -I../../Drivers/CMSIS/Include -O0 -ffunction-sections -fdata-sections -Wall -fstack-usage -fcyclomatic-complexity -MMD -MP -MF"Drivers/STM32WLxx_HAL_Driver/stm32wlxx_hal_dma.d" -MT"Drivers/STM32WLxx_HAL_Driver/stm32wlxx_hal_dma.o" --specs=nano.specs -mfloat-abi=soft -mthumb -o "Drivers/STM32WLxx_HAL_Driver/stm32wlxx_hal_dma.o"
arm-none-eabi-gcc "/home/mark/git/veltzer/demos-hw-stm32/workspace/first_test/Drivers/STM32WLxx_HAL_Driver/Src/stm32wlxx_hal_dma_ex.c" -mcpu=cortex-m0plus -std=gnu11 -g3 -DDEBUG '-DCORE_CM0+' -DSTM32WL55xx -DUSE_NUCLEO_64 -DUSE_HAL_DRIVER -c -I../Core/Inc -I../../Drivers/STM32WLxx_HAL_Driver/Inc -I../../Drivers/STM32WLxx_HAL_Driver/Inc/Legacy -I../../Drivers/BSP/STM32WLxx_Nucleo -I../../Drivers/CMSIS/Device/ST/STM32WLxx/Include -I../../Drivers/CMSIS/Include -O0 -ffunction-sections -fdata-sections -Wall -fstack-usage -fcyclomatic-complexity -MMD -MP -MF"Drivers/STM32WLxx_HAL_Driver/stm32wlxx_hal_dma_ex.d" -MT"Drivers/STM32WLxx_HAL_Driver/stm32wlxx_hal_dma_ex.o" --specs=nano.specs -mfloat-abi=soft -mthumb -o "Drivers/STM32WLxx_HAL_Driver/stm32wlxx_hal_dma_ex.o"
arm-none-eabi-gcc "/home/mark/git/veltzer/demos-hw-stm32/workspace/first_test/Drivers/STM32WLxx_HAL_Driver/Src/stm32wlxx_hal_exti.c" -mcpu=cortex-m0plus -std=gnu11 -g3 -DDEBUG '-DCORE_CM0+' -DSTM32WL55xx -DUSE_NUCLEO_64 -DUSE_HAL_DRIVER -c -I../Core/Inc -I../../Drivers/STM32WLxx_HAL_Driver/Inc -I../../Drivers/STM32WLxx_HAL_Driver/Inc/Legacy -I../../Drivers/BSP/STM32WLxx_Nucleo -I../../Drivers/CMSIS/Device/ST/STM32WLxx/Include -I../../Drivers/CMSIS/Include -O0 -ffunction-sections -fdata-sections -Wall -fstack-usage -fcyclomatic-complexity -MMD -MP -MF"Drivers/STM32WLxx_HAL_Driver/stm32wlxx_hal_exti.d" -MT"Drivers/STM32WLxx_HAL_Driver/stm32wlxx_hal_exti.o" --specs=nano.specs -mfloat-abi=soft -mthumb -o "Drivers/STM32WLxx_HAL_Driver/stm32wlxx_hal_exti.o"
arm-none-eabi-gcc "/home/mark/git/veltzer/demos-hw-stm32/workspace/first_test/Drivers/STM32WLxx_HAL_Driver/Src/stm32wlxx_hal_flash.c" -mcpu=cortex-m0plus -std=gnu11 -g3 -DDEBUG '-DCORE_CM0+' -DSTM32WL55xx -DUSE_NUCLEO_64 -DUSE_HAL_DRIVER -c -I../Core/Inc -I../../Drivers/STM32WLxx_HAL_Driver/Inc -I../../Drivers/STM32WLxx_HAL_Driver/Inc/Legacy -I../../Drivers/BSP/STM32WLxx_Nucleo -I../../Drivers/CMSIS/Device/ST/STM32WLxx/Include -I../../Drivers/CMSIS/Include -O0 -ffunction-sections -fdata-sections -Wall -fstack-usage -fcyclomatic-complexity -MMD -MP -MF"Drivers/STM32WLxx_HAL_Driver/stm32wlxx_hal_flash.d" -MT"Drivers/STM32WLxx_HAL_Driver/stm32wlxx_hal_flash.o" --specs=nano.specs -mfloat-abi=soft -mthumb -o "Drivers/STM32WLxx_HAL_Driver/stm32wlxx_hal_flash.o"
arm-none-eabi-gcc "/home/mark/git/veltzer/demos-hw-stm32/workspace/first_test/Drivers/STM32WLxx_HAL_Driver/Src/stm32wlxx_hal_flash_ex.c" -mcpu=cortex-m0plus -std=gnu11 -g3 -DDEBUG '-DCORE_CM0+' -DSTM32WL55xx -DUSE_NUCLEO_64 -DUSE_HAL_DRIVER -c -I../Core/Inc -I../../Drivers/STM32WLxx_HAL_Driver/Inc -I../../Drivers/STM32WLxx_HAL_Driver/Inc/Legacy -I../../Drivers/BSP/STM32WLxx_Nucleo -I../../Drivers/CMSIS/Device/ST/STM32WLxx/Include -I../../Drivers/CMSIS/Include -O0 -ffunction-sections -fdata-sections -Wall -fstack-usage -fcyclomatic-complexity -MMD -MP -MF"Drivers/STM32WLxx_HAL_Driver/stm32wlxx_hal_flash_ex.d" -MT"Drivers/STM32WLxx_HAL_Driver/stm32wlxx_hal_flash_ex.o" --specs=nano.specs -mfloat-abi=soft -mthumb -o "Drivers/STM32WLxx_HAL_Driver/stm32wlxx_hal_flash_ex.o"
arm-none-eabi-gcc "/home/mark/git/veltzer/demos-hw-stm32/workspace/first_test/Drivers/STM32WLxx_HAL_Driver/Src/stm32wlxx_hal_gpio.c" -mcpu=cortex-m0plus -std=gnu11 -g3 -DDEBUG '-DCORE_CM0+' -DSTM32WL55xx -DUSE_NUCLEO_64 -DUSE_HAL_DRIVER -c -I../Core/Inc -I../../Drivers/STM32WLxx_HAL_Driver/Inc -I../../Drivers/STM32WLxx_HAL_Driver/Inc/Legacy -I../../Drivers/BSP/STM32WLxx_Nucleo -I../../Drivers/CMSIS/Device/ST/STM32WLxx/Include -I../../Drivers/CMSIS/Include -O0 -ffunction-sections -fdata-sections -Wall -fstack-usage -fcyclomatic-complexity -MMD -MP -MF"Drivers/STM32WLxx_HAL_Driver/stm32wlxx_hal_gpio.d" -MT"Drivers/STM32WLxx_HAL_Driver/stm32wlxx_hal_gpio.o" --specs=nano.specs -mfloat-abi=soft -mthumb -o "Drivers/STM32WLxx_HAL_Driver/stm32wlxx_hal_gpio.o"
<command-line>: warning: ISO C99 requires whitespace after the macro name
<command-line>: warning: ISO C99 requires whitespace after the macro name
<command-line>: warning: ISO C99 requires whitespace after the macro name
<command-line>: warning: ISO C99 requires whitespace after the macro name
<command-line>: warning: ISO C99 requires whitespace after the macro name
<command-line>: warning: ISO C99 requires whitespace after the macro name
<command-line>: warning: ISO C99 requires whitespace after the macro name
<command-line>: warning: ISO C99 requires whitespace after the macro name
arm-none-eabi-gcc "/home/mark/git/veltzer/demos-hw-stm32/workspace/first_test/Drivers/STM32WLxx_HAL_Driver/Src/stm32wlxx_hal_pwr.c" -mcpu=cortex-m0plus -std=gnu11 -g3 -DDEBUG '-DCORE_CM0+' -DSTM32WL55xx -DUSE_NUCLEO_64 -DUSE_HAL_DRIVER -c -I../Core/Inc -I../../Drivers/STM32WLxx_HAL_Driver/Inc -I../../Drivers/STM32WLxx_HAL_Driver/Inc/Legacy -I../../Drivers/BSP/STM32WLxx_Nucleo -I../../Drivers/CMSIS/Device/ST/STM32WLxx/Include -I../../Drivers/CMSIS/Include -O0 -ffunction-sections -fdata-sections -Wall -fstack-usage -fcyclomatic-complexity -MMD -MP -MF"Drivers/STM32WLxx_HAL_Driver/stm32wlxx_hal_pwr.d" -MT"Drivers/STM32WLxx_HAL_Driver/stm32wlxx_hal_pwr.o" --specs=nano.specs -mfloat-abi=soft -mthumb -o "Drivers/STM32WLxx_HAL_Driver/stm32wlxx_hal_pwr.o"
arm-none-eabi-gcc "/home/mark/git/veltzer/demos-hw-stm32/workspace/first_test/Drivers/STM32WLxx_HAL_Driver/Src/stm32wlxx_hal_pwr_ex.c" -mcpu=cortex-m0plus -std=gnu11 -g3 -DDEBUG '-DCORE_CM0+' -DSTM32WL55xx -DUSE_NUCLEO_64 -DUSE_HAL_DRIVER -c -I../Core/Inc -I../../Drivers/STM32WLxx_HAL_Driver/Inc -I../../Drivers/STM32WLxx_HAL_Driver/Inc/Legacy -I../../Drivers/BSP/STM32WLxx_Nucleo -I../../Drivers/CMSIS/Device/ST/STM32WLxx/Include -I../../Drivers/CMSIS/Include -O0 -ffunction-sections -fdata-sections -Wall -fstack-usage -fcyclomatic-complexity -MMD -MP -MF"Drivers/STM32WLxx_HAL_Driver/stm32wlxx_hal_pwr_ex.d" -MT"Drivers/STM32WLxx_HAL_Driver/stm32wlxx_hal_pwr_ex.o" --specs=nano.specs -mfloat-abi=soft -mthumb -o "Drivers/STM32WLxx_HAL_Driver/stm32wlxx_hal_pwr_ex.o"
arm-none-eabi-gcc "/home/mark/git/veltzer/demos-hw-stm32/workspace/first_test/Drivers/STM32WLxx_HAL_Driver/Src/stm32wlxx_hal_rcc.c" -mcpu=cortex-m0plus -std=gnu11 -g3 -DDEBUG '-DCORE_CM0+' -DSTM32WL55xx -DUSE_NUCLEO_64 -DUSE_HAL_DRIVER -c -I../Core/Inc -I../../Drivers/STM32WLxx_HAL_Driver/Inc -I../../Drivers/STM32WLxx_HAL_Driver/Inc/Legacy -I../../Drivers/BSP/STM32WLxx_Nucleo -I../../Drivers/CMSIS/Device/ST/STM32WLxx/Include -I../../Drivers/CMSIS/Include -O0 -ffunction-sections -fdata-sections -Wall -fstack-usage -fcyclomatic-complexity -MMD -MP -MF"Drivers/STM32WLxx_HAL_Driver/stm32wlxx_hal_rcc.d" -MT"Drivers/STM32WLxx_HAL_Driver/stm32wlxx_hal_rcc.o" --specs=nano.specs -mfloat-abi=soft -mthumb -o "Drivers/STM32WLxx_HAL_Driver/stm32wlxx_hal_rcc.o"
arm-none-eabi-gcc "/home/mark/git/veltzer/demos-hw-stm32/workspace/first_test/Drivers/STM32WLxx_HAL_Driver/Src/stm32wlxx_hal_rcc_ex.c" -mcpu=cortex-m0plus -std=gnu11 -g3 -DDEBUG '-DCORE_CM0+' -DSTM32WL55xx -DUSE_NUCLEO_64 -DUSE_HAL_DRIVER -c -I../Core/Inc -I../../Drivers/STM32WLxx_HAL_Driver/Inc -I../../Drivers/STM32WLxx_HAL_Driver/Inc/Legacy -I../../Drivers/BSP/STM32WLxx_Nucleo -I../../Drivers/CMSIS/Device/ST/STM32WLxx/Include -I../../Drivers/CMSIS/Include -O0 -ffunction-sections -fdata-sections -Wall -fstack-usage -fcyclomatic-complexity -MMD -MP -MF"Drivers/STM32WLxx_HAL_Driver/stm32wlxx_hal_rcc_ex.d" -MT"Drivers/STM32WLxx_HAL_Driver/stm32wlxx_hal_rcc_ex.o" --specs=nano.specs -mfloat-abi=soft -mthumb -o "Drivers/STM32WLxx_HAL_Driver/stm32wlxx_hal_rcc_ex.o"
arm-none-eabi-gcc "/home/mark/git/veltzer/demos-hw-stm32/workspace/first_test/Drivers/STM32WLxx_HAL_Driver/Src/stm32wlxx_hal_uart.c" -mcpu=cortex-m0plus -std=gnu11 -g3 -DDEBUG '-DCORE_CM0+' -DSTM32WL55xx -DUSE_NUCLEO_64 -DUSE_HAL_DRIVER -c -I../Core/Inc -I../../Drivers/STM32WLxx_HAL_Driver/Inc -I../../Drivers/STM32WLxx_HAL_Driver/Inc/Legacy -I../../Drivers/BSP/STM32WLxx_Nucleo -I../../Drivers/CMSIS/Device/ST/STM32WLxx/Include -I../../Drivers/CMSIS/Include -O0 -ffunction-sections -fdata-sections -Wall -fstack-usage -fcyclomatic-complexity -MMD -MP -MF"Drivers/STM32WLxx_HAL_Driver/stm32wlxx_hal_uart.d" -MT"Drivers/STM32WLxx_HAL_Driver/stm32wlxx_hal_uart.o" --specs=nano.specs -mfloat-abi=soft -mthumb -o "Drivers/STM32WLxx_HAL_Driver/stm32wlxx_hal_uart.o"
arm-none-eabi-gcc "/home/mark/git/veltzer/demos-hw-stm32/workspace/first_test/Drivers/STM32WLxx_HAL_Driver/Src/stm32wlxx_hal_uart_ex.c" -mcpu=cortex-m0plus -std=gnu11 -g3 -DDEBUG '-DCORE_CM0+' -DSTM32WL55xx -DUSE_NUCLEO_64 -DUSE_HAL_DRIVER -c -I../Core/Inc -I../../Drivers/STM32WLxx_HAL_Driver/Inc -I../../Drivers/STM32WLxx_HAL_Driver/Inc/Legacy -I../../Drivers/BSP/STM32WLxx_Nucleo -I../../Drivers/CMSIS/Device/ST/STM32WLxx/Include -I../../Drivers/CMSIS/Include -O0 -ffunction-sections -fdata-sections -Wall -fstack-usage -fcyclomatic-complexity -MMD -MP -MF"Drivers/STM32WLxx_HAL_Driver/stm32wlxx_hal_uart_ex.d" -MT"Drivers/STM32WLxx_HAL_Driver/stm32wlxx_hal_uart_ex.o" --specs=nano.specs -mfloat-abi=soft -mthumb -o "Drivers/STM32WLxx_HAL_Driver/stm32wlxx_hal_uart_ex.o"
arm-none-eabi-gcc "/home/mark/git/veltzer/demos-hw-stm32/workspace/first_test/Drivers/STM32WLxx_HAL_Driver/Src/stm32wlxx_hal_usart.c" -mcpu=cortex-m0plus -std=gnu11 -g3 -DDEBUG '-DCORE_CM0+' -DSTM32WL55xx -DUSE_NUCLEO_64 -DUSE_HAL_DRIVER -c -I../Core/Inc -I../../Drivers/STM32WLxx_HAL_Driver/Inc -I../../Drivers/STM32WLxx_HAL_Driver/Inc/Legacy -I../../Drivers/BSP/STM32WLxx_Nucleo -I../../Drivers/CMSIS/Device/ST/STM32WLxx/Include -I../../Drivers/CMSIS/Include -O0 -ffunction-sections -fdata-sections -Wall -fstack-usage -fcyclomatic-complexity -MMD -MP -MF"Drivers/STM32WLxx_HAL_Driver/stm32wlxx_hal_usart.d" -MT"Drivers/STM32WLxx_HAL_Driver/stm32wlxx_hal_usart.o" --specs=nano.specs -mfloat-abi=soft -mthumb -o "Drivers/STM32WLxx_HAL_Driver/stm32wlxx_hal_usart.o"
arm-none-eabi-gcc "/home/mark/git/veltzer/demos-hw-stm32/workspace/first_test/Drivers/STM32WLxx_HAL_Driver/Src/stm32wlxx_hal_usart_ex.c" -mcpu=cortex-m0plus -std=gnu11 -g3 -DDEBUG '-DCORE_CM0+' -DSTM32WL55xx -DUSE_NUCLEO_64 -DUSE_HAL_DRIVER -c -I../Core/Inc -I../../Drivers/STM32WLxx_HAL_Driver/Inc -I../../Drivers/STM32WLxx_HAL_Driver/Inc/Legacy -I../../Drivers/BSP/STM32WLxx_Nucleo -I../../Drivers/CMSIS/Device/ST/STM32WLxx/Include -I../../Drivers/CMSIS/Include -O0 -ffunction-sections -fdata-sections -Wall -fstack-usage -fcyclomatic-complexity -MMD -MP -MF"Drivers/STM32WLxx_HAL_Driver/stm32wlxx_hal_usart_ex.d" -MT"Drivers/STM32WLxx_HAL_Driver/stm32wlxx_hal_usart_ex.o" --specs=nano.specs -mfloat-abi=soft -mthumb -o "Drivers/STM32WLxx_HAL_Driver/stm32wlxx_hal_usart_ex.o"
<command-line>: warning: ISO C99 requires whitespace after the macro name
<command-line>: warning: ISO C99 requires whitespace after the macro name
<command-line>: warning: ISO C99 requires whitespace after the macro name
<command-line>: warning: ISO C99 requires whitespace after the macro name
<command-line>: warning: ISO C99 requires whitespace after the macro name
<command-line>: warning: ISO C99 requires whitespace after the macro name
<command-line>: warning: ISO C99 requires whitespace after the macro name
<command-line>: warning: ISO C99 requires whitespace after the macro name
In file included from ../../Drivers/STM32WLxx_HAL_Driver/Inc/stm32wlxx_hal_def.h:29,
                 from ../../Drivers/STM32WLxx_HAL_Driver/Inc/stm32wlxx_hal_dma.h:28,
                 from ../Core/Inc/stm32wlxx_hal_conf.h:193,
                 from ../../Drivers/STM32WLxx_HAL_Driver/Inc/stm32wlxx_hal.h:29,
                 from /home/mark/git/veltzer/demos-hw-stm32/workspace/first_test/Drivers/STM32WLxx_HAL_Driver/Src/stm32wlxx_hal_uart_ex.c:44:
/home/mark/git/veltzer/demos-hw-stm32/workspace/first_test/Drivers/STM32WLxx_HAL_Driver/Src/stm32wlxx_hal_uart_ex.c: In function 'HAL_UARTEx_EnableStopMode':
../../Drivers/CMSIS/Device/ST/STM32WLxx/Include/stm32wlxx.h:209:13: warning: implicit declaration of function '__LDREXW' [-Wimplicit-function-declaration]
  209 |       val = __LDREXW((__IO uint32_t *)&(REG)) | (BIT);       \
      |             ^~~~~~~~
/home/mark/git/veltzer/demos-hw-stm32/workspace/first_test/Drivers/STM32WLxx_HAL_Driver/Src/stm32wlxx_hal_uart_ex.c:488:3: note: in expansion of macro 'ATOMIC_SET_BIT'
  488 |   ATOMIC_SET_BIT(huart->Instance->CR1, USART_CR1_UESM);
      |   ^~~~~~~~~~~~~~
../../Drivers/CMSIS/Device/ST/STM32WLxx/Include/stm32wlxx.h:210:15: warning: implicit declaration of function '__STREXW' [-Wimplicit-function-declaration]
  210 |     } while ((__STREXW(val,(__IO uint32_t *)&(REG))) != 0U); \
      |               ^~~~~~~~
/home/mark/git/veltzer/demos-hw-stm32/workspace/first_test/Drivers/STM32WLxx_HAL_Driver/Src/stm32wlxx_hal_uart_ex.c:488:3: note: in expansion of macro 'ATOMIC_SET_BIT'
  488 |   ATOMIC_SET_BIT(huart->Instance->CR1, USART_CR1_UESM);
      |   ^~~~~~~~~~~~~~
In file included from ../../Drivers/STM32WLxx_HAL_Driver/Inc/stm32wlxx_hal_def.h:29,
                 from ../../Drivers/STM32WLxx_HAL_Driver/Inc/stm32wlxx_hal_dma.h:28,
                 from ../Core/Inc/stm32wlxx_hal_conf.h:193,
                 from ../../Drivers/STM32WLxx_HAL_Driver/Inc/stm32wlxx_hal.h:29,
                 from /home/mark/git/veltzer/demos-hw-stm32/workspace/first_test/Drivers/STM32WLxx_HAL_Driver/Src/stm32wlxx_hal_uart.c:162:
/home/mark/git/veltzer/demos-hw-stm32/workspace/first_test/Drivers/STM32WLxx_HAL_Driver/Src/stm32wlxx_hal_uart.c: In function 'HAL_UART_Transmit_IT':
../../Drivers/CMSIS/Device/ST/STM32WLxx/Include/stm32wlxx.h:209:13: warning: implicit declaration of function '__LDREXW' [-Wimplicit-function-declaration]
  209 |       val = __LDREXW((__IO uint32_t *)&(REG)) | (BIT);       \
      |             ^~~~~~~~
/home/mark/git/veltzer/demos-hw-stm32/workspace/first_test/Drivers/STM32WLxx_HAL_Driver/Src/stm32wlxx_hal_uart.c:1373:7: note: in expansion of macro 'ATOMIC_SET_BIT'
 1373 |       ATOMIC_SET_BIT(huart->Instance->CR3, USART_CR3_TXFTIE);
      |       ^~~~~~~~~~~~~~
../../Drivers/CMSIS/Device/ST/STM32WLxx/Include/stm32wlxx.h:210:15: warning: implicit declaration of function '__STREXW' [-Wimplicit-function-declaration]
  210 |     } while ((__STREXW(val,(__IO uint32_t *)&(REG))) != 0U); \
      |               ^~~~~~~~
/home/mark/git/veltzer/demos-hw-stm32/workspace/first_test/Drivers/STM32WLxx_HAL_Driver/Src/stm32wlxx_hal_uart.c:1373:7: note: in expansion of macro 'ATOMIC_SET_BIT'
 1373 |       ATOMIC_SET_BIT(huart->Instance->CR3, USART_CR3_TXFTIE);
      |       ^~~~~~~~~~~~~~
arm-none-eabi-gcc "/home/mark/git/veltzer/demos-hw-stm32/workspace/first_test/Drivers/BSP/STM32WLxx_Nucleo/stm32wlxx_nucleo.c" -mcpu=cortex-m0plus -std=gnu11 -g3 -DDEBUG '-DCORE_CM0+' -DSTM32WL55xx -DUSE_NUCLEO_64 -DUSE_HAL_DRIVER -c -I../Core/Inc -I../../Drivers/STM32WLxx_HAL_Driver/Inc -I../../Drivers/STM32WLxx_HAL_Driver/Inc/Legacy -I../../Drivers/BSP/STM32WLxx_Nucleo -I../../Drivers/CMSIS/Device/ST/STM32WLxx/Include -I../../Drivers/CMSIS/Include -O0 -ffunction-sections -fdata-sections -Wall -fstack-usage -fcyclomatic-complexity -MMD -MP -MF"Drivers/BSP/STM32WLxx_Nucleo/stm32wlxx_nucleo.d" -MT"Drivers/BSP/STM32WLxx_Nucleo/stm32wlxx_nucleo.o" --specs=nano.specs -mfloat-abi=soft -mthumb -o "Drivers/BSP/STM32WLxx_Nucleo/stm32wlxx_nucleo.o"
<command-line>: warning: ISO C99 requires whitespace after the macro name
arm-none-eabi-gcc -mcpu=cortex-m0plus -g3 -DDEBUG -c -x assembler-with-cpp -MMD -MP -MF"Core/Startup/startup_stm32wl55jcix.d" -MT"Core/Startup/startup_stm32wl55jcix.o" --specs=nano.specs -mfloat-abi=soft -mthumb -o "Core/Startup/startup_stm32wl55jcix.o" "../Core/Startup/startup_stm32wl55jcix.s"
arm-none-eabi-gcc "../Core/Src/main.c" -mcpu=cortex-m0plus -std=gnu11 -g3 -DDEBUG '-DCORE_CM0+' -DSTM32WL55xx -DUSE_NUCLEO_64 -DUSE_HAL_DRIVER -c -I../Core/Inc -I../../Drivers/STM32WLxx_HAL_Driver/Inc -I../../Drivers/STM32WLxx_HAL_Driver/Inc/Legacy -I../../Drivers/BSP/STM32WLxx_Nucleo -I../../Drivers/CMSIS/Device/ST/STM32WLxx/Include -I../../Drivers/CMSIS/Include -O0 -ffunction-sections -fdata-sections -Wall -fstack-usage -fcyclomatic-complexity -MMD -MP -MF"Core/Src/main.d" -MT"Core/Src/main.o" --specs=nano.specs -mfloat-abi=soft -mthumb -o "Core/Src/main.o"
arm-none-eabi-gcc "../Core/Src/stm32wlxx_hal_msp.c" -mcpu=cortex-m0plus -std=gnu11 -g3 -DDEBUG '-DCORE_CM0+' -DSTM32WL55xx -DUSE_NUCLEO_64 -DUSE_HAL_DRIVER -c -I../Core/Inc -I../../Drivers/STM32WLxx_HAL_Driver/Inc -I../../Drivers/STM32WLxx_HAL_Driver/Inc/Legacy -I../../Drivers/BSP/STM32WLxx_Nucleo -I../../Drivers/CMSIS/Device/ST/STM32WLxx/Include -I../../Drivers/CMSIS/Include -O0 -ffunction-sections -fdata-sections -Wall -fstack-usage -fcyclomatic-complexity -MMD -MP -MF"Core/Src/stm32wlxx_hal_msp.d" -MT"Core/Src/stm32wlxx_hal_msp.o" --specs=nano.specs -mfloat-abi=soft -mthumb -o "Core/Src/stm32wlxx_hal_msp.o"
arm-none-eabi-gcc "../Core/Src/stm32wlxx_it.c" -mcpu=cortex-m0plus -std=gnu11 -g3 -DDEBUG '-DCORE_CM0+' -DSTM32WL55xx -DUSE_NUCLEO_64 -DUSE_HAL_DRIVER -c -I../Core/Inc -I../../Drivers/STM32WLxx_HAL_Driver/Inc -I../../Drivers/STM32WLxx_HAL_Driver/Inc/Legacy -I../../Drivers/BSP/STM32WLxx_Nucleo -I../../Drivers/CMSIS/Device/ST/STM32WLxx/Include -I../../Drivers/CMSIS/Include -O0 -ffunction-sections -fdata-sections -Wall -fstack-usage -fcyclomatic-complexity -MMD -MP -MF"Core/Src/stm32wlxx_it.d" -MT"Core/Src/stm32wlxx_it.o" --specs=nano.specs -mfloat-abi=soft -mthumb -o "Core/Src/stm32wlxx_it.o"
arm-none-eabi-gcc "../Core/Src/syscalls.c" -mcpu=cortex-m0plus -std=gnu11 -g3 -DDEBUG '-DCORE_CM0+' -DSTM32WL55xx -DUSE_NUCLEO_64 -DUSE_HAL_DRIVER -c -I../Core/Inc -I../../Drivers/STM32WLxx_HAL_Driver/Inc -I../../Drivers/STM32WLxx_HAL_Driver/Inc/Legacy -I../../Drivers/BSP/STM32WLxx_Nucleo -I../../Drivers/CMSIS/Device/ST/STM32WLxx/Include -I../../Drivers/CMSIS/Include -O0 -ffunction-sections -fdata-sections -Wall -fstack-usage -fcyclomatic-complexity -MMD -MP -MF"Core/Src/syscalls.d" -MT"Core/Src/syscalls.o" --specs=nano.specs -mfloat-abi=soft -mthumb -o "Core/Src/syscalls.o"
<command-line>: warning: ISO C99 requires whitespace after the macro name
<command-line>: warning: ISO C99 requires whitespace after the macro name
<command-line>: warning: ISO C99 requires whitespace after the macro name
<command-line>: warning: ISO C99 requires whitespace after the macro name
arm-none-eabi-gcc "../Core/Src/sysmem.c" -mcpu=cortex-m0plus -std=gnu11 -g3 -DDEBUG '-DCORE_CM0+' -DSTM32WL55xx -DUSE_NUCLEO_64 -DUSE_HAL_DRIVER -c -I../Core/Inc -I../../Drivers/STM32WLxx_HAL_Driver/Inc -I../../Drivers/STM32WLxx_HAL_Driver/Inc/Legacy -I../../Drivers/BSP/STM32WLxx_Nucleo -I../../Drivers/CMSIS/Device/ST/STM32WLxx/Include -I../../Drivers/CMSIS/Include -O0 -ffunction-sections -fdata-sections -Wall -fstack-usage -fcyclomatic-complexity -MMD -MP -MF"Core/Src/sysmem.d" -MT"Core/Src/sysmem.o" --specs=nano.specs -mfloat-abi=soft -mthumb -o "Core/Src/sysmem.o"
arm-none-eabi-gcc "/home/mark/git/veltzer/demos-hw-stm32/workspace/first_test/Common/System/system_stm32wlxx.c" -mcpu=cortex-m0plus -std=gnu11 -g3 -DDEBUG '-DCORE_CM0+' -DSTM32WL55xx -DUSE_NUCLEO_64 -DUSE_HAL_DRIVER -c -I../Core/Inc -I../../Drivers/STM32WLxx_HAL_Driver/Inc -I../../Drivers/STM32WLxx_HAL_Driver/Inc/Legacy -I../../Drivers/BSP/STM32WLxx_Nucleo -I../../Drivers/CMSIS/Device/ST/STM32WLxx/Include -I../../Drivers/CMSIS/Include -O0 -ffunction-sections -fdata-sections -Wall -fstack-usage -fcyclomatic-complexity -MMD -MP -MF"Common/System/system_stm32wlxx.d" -MT"Common/System/system_stm32wlxx.o" --specs=nano.specs -mfloat-abi=soft -mthumb -o "Common/System/system_stm32wlxx.o"
<command-line>: warning: ISO C99 requires whitespace after the macro name
<command-line>: warning: ISO C99 requires whitespace after the macro name
../Core/Src/main.c:45:17: warning: 'delay' defined but not used [-Wunused-variable]
   45 | static uint32_t delay = 250;
      |                 ^~~~~
arm-none-eabi-gcc -o "first_test_CM0PLUS.elf" @"objects.list"   -mcpu=cortex-m0plus -T"/home/mark/git/veltzer/demos-hw-stm32/workspace/first_test/CM0PLUS/STM32WL55JCIX_FLASH.ld" --specs=nosys.specs -Wl,-Map="first_test_CM0PLUS.map" -Wl,--gc-sections -static --specs=nano.specs -mfloat-abi=soft -mthumb -Wl,--start-group -lc -lm -Wl,--end-group
Finished building target: first_test_CM0PLUS.elf
 
arm-none-eabi-size  first_test_CM0PLUS.elf 
arm-none-eabi-objdump -h -S first_test_CM0PLUS.elf  > "first_test_CM0PLUS.list"
   text	   data	    bss	    dec	    hex	filename
   2288	     12	   1572	   3872	    f20	first_test_CM0PLUS.elf
Finished building: default.size.stdout
 
Finished building: first_test_CM0PLUS.list
 
12:16:50 **** Build of configuration Debug for project first_test_CM4 ****
make -j8 all 
arm-none-eabi-gcc "/home/mark/git/veltzer/demos-hw-stm32/workspace/first_test/Drivers/STM32WLxx_HAL_Driver/Src/stm32wlxx_hal.c" -mcpu=cortex-m4 -std=gnu11 -g3 -DDEBUG -DCORE_CM4 -DUSE_HAL_DRIVER -DSTM32WL55xx -DUSE_NUCLEO_64 -c -I../Core/Inc -I../../Drivers/STM32WLxx_HAL_Driver/Inc -I../../Drivers/STM32WLxx_HAL_Driver/Inc/Legacy -I../../Drivers/BSP/STM32WLxx_Nucleo -I../../Drivers/CMSIS/Device/ST/STM32WLxx/Include -I../../Drivers/CMSIS/Include -O0 -ffunction-sections -fdata-sections -Wall -fstack-usage -fcyclomatic-complexity -MMD -MP -MF"Drivers/STM32WLxx_HAL_Driver/stm32wlxx_hal.d" -MT"Drivers/STM32WLxx_HAL_Driver/stm32wlxx_hal.o" --specs=nano.specs -mfloat-abi=soft -mthumb -o "Drivers/STM32WLxx_HAL_Driver/stm32wlxx_hal.o"
arm-none-eabi-gcc "/home/mark/git/veltzer/demos-hw-stm32/workspace/first_test/Drivers/STM32WLxx_HAL_Driver/Src/stm32wlxx_hal_cortex.c" -mcpu=cortex-m4 -std=gnu11 -g3 -DDEBUG -DCORE_CM4 -DUSE_HAL_DRIVER -DSTM32WL55xx -DUSE_NUCLEO_64 -c -I../Core/Inc -I../../Drivers/STM32WLxx_HAL_Driver/Inc -I../../Drivers/STM32WLxx_HAL_Driver/Inc/Legacy -I../../Drivers/BSP/STM32WLxx_Nucleo -I../../Drivers/CMSIS/Device/ST/STM32WLxx/Include -I../../Drivers/CMSIS/Include -O0 -ffunction-sections -fdata-sections -Wall -fstack-usage -fcyclomatic-complexity -MMD -MP -MF"Drivers/STM32WLxx_HAL_Driver/stm32wlxx_hal_cortex.d" -MT"Drivers/STM32WLxx_HAL_Driver/stm32wlxx_hal_cortex.o" --specs=nano.specs -mfloat-abi=soft -mthumb -o "Drivers/STM32WLxx_HAL_Driver/stm32wlxx_hal_cortex.o"
arm-none-eabi-gcc "/home/mark/git/veltzer/demos-hw-stm32/workspace/first_test/Drivers/STM32WLxx_HAL_Driver/Src/stm32wlxx_hal_dma.c" -mcpu=cortex-m4 -std=gnu11 -g3 -DDEBUG -DCORE_CM4 -DUSE_HAL_DRIVER -DSTM32WL55xx -DUSE_NUCLEO_64 -c -I../Core/Inc -I../../Drivers/STM32WLxx_HAL_Driver/Inc -I../../Drivers/STM32WLxx_HAL_Driver/Inc/Legacy -I../../Drivers/BSP/STM32WLxx_Nucleo -I../../Drivers/CMSIS/Device/ST/STM32WLxx/Include -I../../Drivers/CMSIS/Include -O0 -ffunction-sections -fdata-sections -Wall -fstack-usage -fcyclomatic-complexity -MMD -MP -MF"Drivers/STM32WLxx_HAL_Driver/stm32wlxx_hal_dma.d" -MT"Drivers/STM32WLxx_HAL_Driver/stm32wlxx_hal_dma.o" --specs=nano.specs -mfloat-abi=soft -mthumb -o "Drivers/STM32WLxx_HAL_Driver/stm32wlxx_hal_dma.o"
arm-none-eabi-gcc "/home/mark/git/veltzer/demos-hw-stm32/workspace/first_test/Drivers/STM32WLxx_HAL_Driver/Src/stm32wlxx_hal_dma_ex.c" -mcpu=cortex-m4 -std=gnu11 -g3 -DDEBUG -DCORE_CM4 -DUSE_HAL_DRIVER -DSTM32WL55xx -DUSE_NUCLEO_64 -c -I../Core/Inc -I../../Drivers/STM32WLxx_HAL_Driver/Inc -I../../Drivers/STM32WLxx_HAL_Driver/Inc/Legacy -I../../Drivers/BSP/STM32WLxx_Nucleo -I../../Drivers/CMSIS/Device/ST/STM32WLxx/Include -I../../Drivers/CMSIS/Include -O0 -ffunction-sections -fdata-sections -Wall -fstack-usage -fcyclomatic-complexity -MMD -MP -MF"Drivers/STM32WLxx_HAL_Driver/stm32wlxx_hal_dma_ex.d" -MT"Drivers/STM32WLxx_HAL_Driver/stm32wlxx_hal_dma_ex.o" --specs=nano.specs -mfloat-abi=soft -mthumb -o "Drivers/STM32WLxx_HAL_Driver/stm32wlxx_hal_dma_ex.o"
arm-none-eabi-gcc "/home/mark/git/veltzer/demos-hw-stm32/workspace/first_test/Drivers/STM32WLxx_HAL_Driver/Src/stm32wlxx_hal_exti.c" -mcpu=cortex-m4 -std=gnu11 -g3 -DDEBUG -DCORE_CM4 -DUSE_HAL_DRIVER -DSTM32WL55xx -DUSE_NUCLEO_64 -c -I../Core/Inc -I../../Drivers/STM32WLxx_HAL_Driver/Inc -I../../Drivers/STM32WLxx_HAL_Driver/Inc/Legacy -I../../Drivers/BSP/STM32WLxx_Nucleo -I../../Drivers/CMSIS/Device/ST/STM32WLxx/Include -I../../Drivers/CMSIS/Include -O0 -ffunction-sections -fdata-sections -Wall -fstack-usage -fcyclomatic-complexity -MMD -MP -MF"Drivers/STM32WLxx_HAL_Driver/stm32wlxx_hal_exti.d" -MT"Drivers/STM32WLxx_HAL_Driver/stm32wlxx_hal_exti.o" --specs=nano.specs -mfloat-abi=soft -mthumb -o "Drivers/STM32WLxx_HAL_Driver/stm32wlxx_hal_exti.o"
arm-none-eabi-gcc "/home/mark/git/veltzer/demos-hw-stm32/workspace/first_test/Drivers/STM32WLxx_HAL_Driver/Src/stm32wlxx_hal_flash.c" -mcpu=cortex-m4 -std=gnu11 -g3 -DDEBUG -DCORE_CM4 -DUSE_HAL_DRIVER -DSTM32WL55xx -DUSE_NUCLEO_64 -c -I../Core/Inc -I../../Drivers/STM32WLxx_HAL_Driver/Inc -I../../Drivers/STM32WLxx_HAL_Driver/Inc/Legacy -I../../Drivers/BSP/STM32WLxx_Nucleo -I../../Drivers/CMSIS/Device/ST/STM32WLxx/Include -I../../Drivers/CMSIS/Include -O0 -ffunction-sections -fdata-sections -Wall -fstack-usage -fcyclomatic-complexity -MMD -MP -MF"Drivers/STM32WLxx_HAL_Driver/stm32wlxx_hal_flash.d" -MT"Drivers/STM32WLxx_HAL_Driver/stm32wlxx_hal_flash.o" --specs=nano.specs -mfloat-abi=soft -mthumb -o "Drivers/STM32WLxx_HAL_Driver/stm32wlxx_hal_flash.o"
arm-none-eabi-gcc "/home/mark/git/veltzer/demos-hw-stm32/workspace/first_test/Drivers/STM32WLxx_HAL_Driver/Src/stm32wlxx_hal_flash_ex.c" -mcpu=cortex-m4 -std=gnu11 -g3 -DDEBUG -DCORE_CM4 -DUSE_HAL_DRIVER -DSTM32WL55xx -DUSE_NUCLEO_64 -c -I../Core/Inc -I../../Drivers/STM32WLxx_HAL_Driver/Inc -I../../Drivers/STM32WLxx_HAL_Driver/Inc/Legacy -I../../Drivers/BSP/STM32WLxx_Nucleo -I../../Drivers/CMSIS/Device/ST/STM32WLxx/Include -I../../Drivers/CMSIS/Include -O0 -ffunction-sections -fdata-sections -Wall -fstack-usage -fcyclomatic-complexity -MMD -MP -MF"Drivers/STM32WLxx_HAL_Driver/stm32wlxx_hal_flash_ex.d" -MT"Drivers/STM32WLxx_HAL_Driver/stm32wlxx_hal_flash_ex.o" --specs=nano.specs -mfloat-abi=soft -mthumb -o "Drivers/STM32WLxx_HAL_Driver/stm32wlxx_hal_flash_ex.o"
arm-none-eabi-gcc "/home/mark/git/veltzer/demos-hw-stm32/workspace/first_test/Drivers/STM32WLxx_HAL_Driver/Src/stm32wlxx_hal_gpio.c" -mcpu=cortex-m4 -std=gnu11 -g3 -DDEBUG -DCORE_CM4 -DUSE_HAL_DRIVER -DSTM32WL55xx -DUSE_NUCLEO_64 -c -I../Core/Inc -I../../Drivers/STM32WLxx_HAL_Driver/Inc -I../../Drivers/STM32WLxx_HAL_Driver/Inc/Legacy -I../../Drivers/BSP/STM32WLxx_Nucleo -I../../Drivers/CMSIS/Device/ST/STM32WLxx/Include -I../../Drivers/CMSIS/Include -O0 -ffunction-sections -fdata-sections -Wall -fstack-usage -fcyclomatic-complexity -MMD -MP -MF"Drivers/STM32WLxx_HAL_Driver/stm32wlxx_hal_gpio.d" -MT"Drivers/STM32WLxx_HAL_Driver/stm32wlxx_hal_gpio.o" --specs=nano.specs -mfloat-abi=soft -mthumb -o "Drivers/STM32WLxx_HAL_Driver/stm32wlxx_hal_gpio.o"
arm-none-eabi-gcc "/home/mark/git/veltzer/demos-hw-stm32/workspace/first_test/Drivers/STM32WLxx_HAL_Driver/Src/stm32wlxx_hal_pwr.c" -mcpu=cortex-m4 -std=gnu11 -g3 -DDEBUG -DCORE_CM4 -DUSE_HAL_DRIVER -DSTM32WL55xx -DUSE_NUCLEO_64 -c -I../Core/Inc -I../../Drivers/STM32WLxx_HAL_Driver/Inc -I../../Drivers/STM32WLxx_HAL_Driver/Inc/Legacy -I../../Drivers/BSP/STM32WLxx_Nucleo -I../../Drivers/CMSIS/Device/ST/STM32WLxx/Include -I../../Drivers/CMSIS/Include -O0 -ffunction-sections -fdata-sections -Wall -fstack-usage -fcyclomatic-complexity -MMD -MP -MF"Drivers/STM32WLxx_HAL_Driver/stm32wlxx_hal_pwr.d" -MT"Drivers/STM32WLxx_HAL_Driver/stm32wlxx_hal_pwr.o" --specs=nano.specs -mfloat-abi=soft -mthumb -o "Drivers/STM32WLxx_HAL_Driver/stm32wlxx_hal_pwr.o"
arm-none-eabi-gcc "/home/mark/git/veltzer/demos-hw-stm32/workspace/first_test/Drivers/STM32WLxx_HAL_Driver/Src/stm32wlxx_hal_pwr_ex.c" -mcpu=cortex-m4 -std=gnu11 -g3 -DDEBUG -DCORE_CM4 -DUSE_HAL_DRIVER -DSTM32WL55xx -DUSE_NUCLEO_64 -c -I../Core/Inc -I../../Drivers/STM32WLxx_HAL_Driver/Inc -I../../Drivers/STM32WLxx_HAL_Driver/Inc/Legacy -I../../Drivers/BSP/STM32WLxx_Nucleo -I../../Drivers/CMSIS/Device/ST/STM32WLxx/Include -I../../Drivers/CMSIS/Include -O0 -ffunction-sections -fdata-sections -Wall -fstack-usage -fcyclomatic-complexity -MMD -MP -MF"Drivers/STM32WLxx_HAL_Driver/stm32wlxx_hal_pwr_ex.d" -MT"Drivers/STM32WLxx_HAL_Driver/stm32wlxx_hal_pwr_ex.o" --specs=nano.specs -mfloat-abi=soft -mthumb -o "Drivers/STM32WLxx_HAL_Driver/stm32wlxx_hal_pwr_ex.o"
arm-none-eabi-gcc "/home/mark/git/veltzer/demos-hw-stm32/workspace/first_test/Drivers/STM32WLxx_HAL_Driver/Src/stm32wlxx_hal_rcc.c" -mcpu=cortex-m4 -std=gnu11 -g3 -DDEBUG -DCORE_CM4 -DUSE_HAL_DRIVER -DSTM32WL55xx -DUSE_NUCLEO_64 -c -I../Core/Inc -I../../Drivers/STM32WLxx_HAL_Driver/Inc -I../../Drivers/STM32WLxx_HAL_Driver/Inc/Legacy -I../../Drivers/BSP/STM32WLxx_Nucleo -I../../Drivers/CMSIS/Device/ST/STM32WLxx/Include -I../../Drivers/CMSIS/Include -O0 -ffunction-sections -fdata-sections -Wall -fstack-usage -fcyclomatic-complexity -MMD -MP -MF"Drivers/STM32WLxx_HAL_Driver/stm32wlxx_hal_rcc.d" -MT"Drivers/STM32WLxx_HAL_Driver/stm32wlxx_hal_rcc.o" --specs=nano.specs -mfloat-abi=soft -mthumb -o "Drivers/STM32WLxx_HAL_Driver/stm32wlxx_hal_rcc.o"
arm-none-eabi-gcc "/home/mark/git/veltzer/demos-hw-stm32/workspace/first_test/Drivers/STM32WLxx_HAL_Driver/Src/stm32wlxx_hal_rcc_ex.c" -mcpu=cortex-m4 -std=gnu11 -g3 -DDEBUG -DCORE_CM4 -DUSE_HAL_DRIVER -DSTM32WL55xx -DUSE_NUCLEO_64 -c -I../Core/Inc -I../../Drivers/STM32WLxx_HAL_Driver/Inc -I../../Drivers/STM32WLxx_HAL_Driver/Inc/Legacy -I../../Drivers/BSP/STM32WLxx_Nucleo -I../../Drivers/CMSIS/Device/ST/STM32WLxx/Include -I../../Drivers/CMSIS/Include -O0 -ffunction-sections -fdata-sections -Wall -fstack-usage -fcyclomatic-complexity -MMD -MP -MF"Drivers/STM32WLxx_HAL_Driver/stm32wlxx_hal_rcc_ex.d" -MT"Drivers/STM32WLxx_HAL_Driver/stm32wlxx_hal_rcc_ex.o" --specs=nano.specs -mfloat-abi=soft -mthumb -o "Drivers/STM32WLxx_HAL_Driver/stm32wlxx_hal_rcc_ex.o"
arm-none-eabi-gcc "/home/mark/git/veltzer/demos-hw-stm32/workspace/first_test/Drivers/STM32WLxx_HAL_Driver/Src/stm32wlxx_hal_uart.c" -mcpu=cortex-m4 -std=gnu11 -g3 -DDEBUG -DCORE_CM4 -DUSE_HAL_DRIVER -DSTM32WL55xx -DUSE_NUCLEO_64 -c -I../Core/Inc -I../../Drivers/STM32WLxx_HAL_Driver/Inc -I../../Drivers/STM32WLxx_HAL_Driver/Inc/Legacy -I../../Drivers/BSP/STM32WLxx_Nucleo -I../../Drivers/CMSIS/Device/ST/STM32WLxx/Include -I../../Drivers/CMSIS/Include -O0 -ffunction-sections -fdata-sections -Wall -fstack-usage -fcyclomatic-complexity -MMD -MP -MF"Drivers/STM32WLxx_HAL_Driver/stm32wlxx_hal_uart.d" -MT"Drivers/STM32WLxx_HAL_Driver/stm32wlxx_hal_uart.o" --specs=nano.specs -mfloat-abi=soft -mthumb -o "Drivers/STM32WLxx_HAL_Driver/stm32wlxx_hal_uart.o"
arm-none-eabi-gcc "/home/mark/git/veltzer/demos-hw-stm32/workspace/first_test/Drivers/STM32WLxx_HAL_Driver/Src/stm32wlxx_hal_uart_ex.c" -mcpu=cortex-m4 -std=gnu11 -g3 -DDEBUG -DCORE_CM4 -DUSE_HAL_DRIVER -DSTM32WL55xx -DUSE_NUCLEO_64 -c -I../Core/Inc -I../../Drivers/STM32WLxx_HAL_Driver/Inc -I../../Drivers/STM32WLxx_HAL_Driver/Inc/Legacy -I../../Drivers/BSP/STM32WLxx_Nucleo -I../../Drivers/CMSIS/Device/ST/STM32WLxx/Include -I../../Drivers/CMSIS/Include -O0 -ffunction-sections -fdata-sections -Wall -fstack-usage -fcyclomatic-complexity -MMD -MP -MF"Drivers/STM32WLxx_HAL_Driver/stm32wlxx_hal_uart_ex.d" -MT"Drivers/STM32WLxx_HAL_Driver/stm32wlxx_hal_uart_ex.o" --specs=nano.specs -mfloat-abi=soft -mthumb -o "Drivers/STM32WLxx_HAL_Driver/stm32wlxx_hal_uart_ex.o"
arm-none-eabi-gcc "/home/mark/git/veltzer/demos-hw-stm32/workspace/first_test/Drivers/STM32WLxx_HAL_Driver/Src/stm32wlxx_hal_usart.c" -mcpu=cortex-m4 -std=gnu11 -g3 -DDEBUG -DCORE_CM4 -DUSE_HAL_DRIVER -DSTM32WL55xx -DUSE_NUCLEO_64 -c -I../Core/Inc -I../../Drivers/STM32WLxx_HAL_Driver/Inc -I../../Drivers/STM32WLxx_HAL_Driver/Inc/Legacy -I../../Drivers/BSP/STM32WLxx_Nucleo -I../../Drivers/CMSIS/Device/ST/STM32WLxx/Include -I../../Drivers/CMSIS/Include -O0 -ffunction-sections -fdata-sections -Wall -fstack-usage -fcyclomatic-complexity -MMD -MP -MF"Drivers/STM32WLxx_HAL_Driver/stm32wlxx_hal_usart.d" -MT"Drivers/STM32WLxx_HAL_Driver/stm32wlxx_hal_usart.o" --specs=nano.specs -mfloat-abi=soft -mthumb -o "Drivers/STM32WLxx_HAL_Driver/stm32wlxx_hal_usart.o"
arm-none-eabi-gcc "/home/mark/git/veltzer/demos-hw-stm32/workspace/first_test/Drivers/STM32WLxx_HAL_Driver/Src/stm32wlxx_hal_usart_ex.c" -mcpu=cortex-m4 -std=gnu11 -g3 -DDEBUG -DCORE_CM4 -DUSE_HAL_DRIVER -DSTM32WL55xx -DUSE_NUCLEO_64 -c -I../Core/Inc -I../../Drivers/STM32WLxx_HAL_Driver/Inc -I../../Drivers/STM32WLxx_HAL_Driver/Inc/Legacy -I../../Drivers/BSP/STM32WLxx_Nucleo -I../../Drivers/CMSIS/Device/ST/STM32WLxx/Include -I../../Drivers/CMSIS/Include -O0 -ffunction-sections -fdata-sections -Wall -fstack-usage -fcyclomatic-complexity -MMD -MP -MF"Drivers/STM32WLxx_HAL_Driver/stm32wlxx_hal_usart_ex.d" -MT"Drivers/STM32WLxx_HAL_Driver/stm32wlxx_hal_usart_ex.o" --specs=nano.specs -mfloat-abi=soft -mthumb -o "Drivers/STM32WLxx_HAL_Driver/stm32wlxx_hal_usart_ex.o"
arm-none-eabi-gcc "/home/mark/git/veltzer/demos-hw-stm32/workspace/first_test/Drivers/BSP/STM32WLxx_Nucleo/stm32wlxx_nucleo.c" -mcpu=cortex-m4 -std=gnu11 -g3 -DDEBUG -DCORE_CM4 -DUSE_HAL_DRIVER -DSTM32WL55xx -DUSE_NUCLEO_64 -c -I../Core/Inc -I../../Drivers/STM32WLxx_HAL_Driver/Inc -I../../Drivers/STM32WLxx_HAL_Driver/Inc/Legacy -I../../Drivers/BSP/STM32WLxx_Nucleo -I../../Drivers/CMSIS/Device/ST/STM32WLxx/Include -I../../Drivers/CMSIS/Include -O0 -ffunction-sections -fdata-sections -Wall -fstack-usage -fcyclomatic-complexity -MMD -MP -MF"Drivers/BSP/STM32WLxx_Nucleo/stm32wlxx_nucleo.d" -MT"Drivers/BSP/STM32WLxx_Nucleo/stm32wlxx_nucleo.o" --specs=nano.specs -mfloat-abi=soft -mthumb -o "Drivers/BSP/STM32WLxx_Nucleo/stm32wlxx_nucleo.o"
arm-none-eabi-gcc -mcpu=cortex-m4 -g3 -DDEBUG -c -x assembler-with-cpp -MMD -MP -MF"Core/Startup/startup_stm32wl55jcix.d" -MT"Core/Startup/startup_stm32wl55jcix.o" --specs=nano.specs -mfloat-abi=soft -mthumb -o "Core/Startup/startup_stm32wl55jcix.o" "../Core/Startup/startup_stm32wl55jcix.s"
arm-none-eabi-gcc "../Core/Src/main.c" -mcpu=cortex-m4 -std=gnu11 -g3 -DDEBUG -DCORE_CM4 -DUSE_HAL_DRIVER -DSTM32WL55xx -DUSE_NUCLEO_64 -c -I../Core/Inc -I../../Drivers/STM32WLxx_HAL_Driver/Inc -I../../Drivers/STM32WLxx_HAL_Driver/Inc/Legacy -I../../Drivers/BSP/STM32WLxx_Nucleo -I../../Drivers/CMSIS/Device/ST/STM32WLxx/Include -I../../Drivers/CMSIS/Include -O0 -ffunction-sections -fdata-sections -Wall -fstack-usage -fcyclomatic-complexity -MMD -MP -MF"Core/Src/main.d" -MT"Core/Src/main.o" --specs=nano.specs -mfloat-abi=soft -mthumb -o "Core/Src/main.o"
arm-none-eabi-gcc "../Core/Src/stm32wlxx_hal_msp.c" -mcpu=cortex-m4 -std=gnu11 -g3 -DDEBUG -DCORE_CM4 -DUSE_HAL_DRIVER -DSTM32WL55xx -DUSE_NUCLEO_64 -c -I../Core/Inc -I../../Drivers/STM32WLxx_HAL_Driver/Inc -I../../Drivers/STM32WLxx_HAL_Driver/Inc/Legacy -I../../Drivers/BSP/STM32WLxx_Nucleo -I../../Drivers/CMSIS/Device/ST/STM32WLxx/Include -I../../Drivers/CMSIS/Include -O0 -ffunction-sections -fdata-sections -Wall -fstack-usage -fcyclomatic-complexity -MMD -MP -MF"Core/Src/stm32wlxx_hal_msp.d" -MT"Core/Src/stm32wlxx_hal_msp.o" --specs=nano.specs -mfloat-abi=soft -mthumb -o "Core/Src/stm32wlxx_hal_msp.o"
arm-none-eabi-gcc "../Core/Src/stm32wlxx_it.c" -mcpu=cortex-m4 -std=gnu11 -g3 -DDEBUG -DCORE_CM4 -DUSE_HAL_DRIVER -DSTM32WL55xx -DUSE_NUCLEO_64 -c -I../Core/Inc -I../../Drivers/STM32WLxx_HAL_Driver/Inc -I../../Drivers/STM32WLxx_HAL_Driver/Inc/Legacy -I../../Drivers/BSP/STM32WLxx_Nucleo -I../../Drivers/CMSIS/Device/ST/STM32WLxx/Include -I../../Drivers/CMSIS/Include -O0 -ffunction-sections -fdata-sections -Wall -fstack-usage -fcyclomatic-complexity -MMD -MP -MF"Core/Src/stm32wlxx_it.d" -MT"Core/Src/stm32wlxx_it.o" --specs=nano.specs -mfloat-abi=soft -mthumb -o "Core/Src/stm32wlxx_it.o"
arm-none-eabi-gcc "../Core/Src/syscalls.c" -mcpu=cortex-m4 -std=gnu11 -g3 -DDEBUG -DCORE_CM4 -DUSE_HAL_DRIVER -DSTM32WL55xx -DUSE_NUCLEO_64 -c -I../Core/Inc -I../../Drivers/STM32WLxx_HAL_Driver/Inc -I../../Drivers/STM32WLxx_HAL_Driver/Inc/Legacy -I../../Drivers/BSP/STM32WLxx_Nucleo -I../../Drivers/CMSIS/Device/ST/STM32WLxx/Include -I../../Drivers/CMSIS/Include -O0 -ffunction-sections -fdata-sections -Wall -fstack-usage -fcyclomatic-complexity -MMD -MP -MF"Core/Src/syscalls.d" -MT"Core/Src/syscalls.o" --specs=nano.specs -mfloat-abi=soft -mthumb -o "Core/Src/syscalls.o"
arm-none-eabi-gcc "../Core/Src/sysmem.c" -mcpu=cortex-m4 -std=gnu11 -g3 -DDEBUG -DCORE_CM4 -DUSE_HAL_DRIVER -DSTM32WL55xx -DUSE_NUCLEO_64 -c -I../Core/Inc -I../../Drivers/STM32WLxx_HAL_Driver/Inc -I../../Drivers/STM32WLxx_HAL_Driver/Inc/Legacy -I../../Drivers/BSP/STM32WLxx_Nucleo -I../../Drivers/CMSIS/Device/ST/STM32WLxx/Include -I../../Drivers/CMSIS/Include -O0 -ffunction-sections -fdata-sections -Wall -fstack-usage -fcyclomatic-complexity -MMD -MP -MF"Core/Src/sysmem.d" -MT"Core/Src/sysmem.o" --specs=nano.specs -mfloat-abi=soft -mthumb -o "Core/Src/sysmem.o"
arm-none-eabi-gcc "/home/mark/git/veltzer/demos-hw-stm32/workspace/first_test/Common/System/system_stm32wlxx.c" -mcpu=cortex-m4 -std=gnu11 -g3 -DDEBUG -DCORE_CM4 -DUSE_HAL_DRIVER -DSTM32WL55xx -DUSE_NUCLEO_64 -c -I../Core/Inc -I../../Drivers/STM32WLxx_HAL_Driver/Inc -I../../Drivers/STM32WLxx_HAL_Driver/Inc/Legacy -I../../Drivers/BSP/STM32WLxx_Nucleo -I../../Drivers/CMSIS/Device/ST/STM32WLxx/Include -I../../Drivers/CMSIS/Include -O0 -ffunction-sections -fdata-sections -Wall -fstack-usage -fcyclomatic-complexity -MMD -MP -MF"Common/System/system_stm32wlxx.d" -MT"Common/System/system_stm32wlxx.o" --specs=nano.specs -mfloat-abi=soft -mthumb -o "Common/System/system_stm32wlxx.o"
arm-none-eabi-gcc -o "first_test_CM4.elf" @"objects.list"   -mcpu=cortex-m4 -T"/home/mark/git/veltzer/demos-hw-stm32/workspace/first_test/CM4/STM32WL55JCIX_FLASH.ld" --specs=nosys.specs -Wl,-Map="first_test_CM4.map" -Wl,--gc-sections -static --specs=nano.specs -mfloat-abi=soft -mthumb -Wl,--start-group -lc -lm -Wl,--end-group
Finished building target: first_test_CM4.elf
 
arm-none-eabi-size  first_test_CM4.elf 
arm-none-eabi-objdump -h -S first_test_CM4.elf  > "first_test_CM4.list"
   text	   data	    bss	    dec	    hex	filename
  16500	    160	   2096	  18756	   4944	first_test_CM4.elf
Finished building: default.size.stdout
 
Finished building: first_test_CM4.list
 
12:18:45 **** Incremental Build of configuration Debug for project first_test_CM0PLUS ****
make -j8 all 
arm-none-eabi-size  first_test_CM0PLUS.elf 
   text	   data	    bss	    dec	    hex	filename
   2288	     12	   1572	   3872	    f20	first_test_CM0PLUS.elf
Finished building: default.size.stdout
 
12:19:10 **** Incremental Build of configuration Debug for project first_test_CM0PLUS ****
make -j8 all 
arm-none-eabi-size  first_test_CM0PLUS.elf 
   text	   data	    bss	    dec	    hex	filename
   2288	     12	   1572	   3872	    f20	first_test_CM0PLUS.elf
Finished building: default.size.stdout
 
12:23:06 **** Incremental Build of configuration Debug for project first_test_CM0PLUS ****
make -j8 all 
arm-none-eabi-size  first_test_CM0PLUS.elf 
   text	   data	    bss	    dec	    hex	filename
   2288	     12	   1572	   3872	    f20	first_test_CM0PLUS.elf
Finished building: default.size.stdout
 
12:24:12 **** Incremental Build of configuration Debug for project first_test_CM0PLUS ****
make -j8 all 
arm-none-eabi-size  first_test_CM0PLUS.elf 
   text	   data	    bss	    dec	    hex	filename
   2288	     12	   1572	   3872	    f20	first_test_CM0PLUS.elf
Finished building: default.size.stdout
 
12:26:19 **** Incremental Build of configuration Release for project first_test_CM0PLUS ****
make -j8 all 
arm-none-eabi-gcc "/home/mark/git/veltzer/demos-hw-stm32/workspace/first_test/Drivers/STM32WLxx_HAL_Driver/Src/stm32wlxx_hal.c" -mcpu=cortex-m0plus -std=gnu11 '-DCORE_CM0+' -DSTM32WL55xx -DUSE_NUCLEO_64 -DUSE_HAL_DRIVER -c -I../Core/Inc -I../../Drivers/STM32WLxx_HAL_Driver/Inc -I../../Drivers/STM32WLxx_HAL_Driver/Inc/Legacy -I../../Drivers/BSP/STM32WLxx_Nucleo -I../../Drivers/CMSIS/Device/ST/STM32WLxx/Include -I../../Drivers/CMSIS/Include -Os -ffunction-sections -fdata-sections -Wall -fstack-usage -fcyclomatic-complexity -MMD -MP -MF"Drivers/STM32WLxx_HAL_Driver/stm32wlxx_hal.d" -MT"Drivers/STM32WLxx_HAL_Driver/stm32wlxx_hal.o" --specs=nano.specs -mfloat-abi=soft -mthumb -o "Drivers/STM32WLxx_HAL_Driver/stm32wlxx_hal.o"
arm-none-eabi-gcc "/home/mark/git/veltzer/demos-hw-stm32/workspace/first_test/Drivers/STM32WLxx_HAL_Driver/Src/stm32wlxx_hal_cortex.c" -mcpu=cortex-m0plus -std=gnu11 '-DCORE_CM0+' -DSTM32WL55xx -DUSE_NUCLEO_64 -DUSE_HAL_DRIVER -c -I../Core/Inc -I../../Drivers/STM32WLxx_HAL_Driver/Inc -I../../Drivers/STM32WLxx_HAL_Driver/Inc/Legacy -I../../Drivers/BSP/STM32WLxx_Nucleo -I../../Drivers/CMSIS/Device/ST/STM32WLxx/Include -I../../Drivers/CMSIS/Include -Os -ffunction-sections -fdata-sections -Wall -fstack-usage -fcyclomatic-complexity -MMD -MP -MF"Drivers/STM32WLxx_HAL_Driver/stm32wlxx_hal_cortex.d" -MT"Drivers/STM32WLxx_HAL_Driver/stm32wlxx_hal_cortex.o" --specs=nano.specs -mfloat-abi=soft -mthumb -o "Drivers/STM32WLxx_HAL_Driver/stm32wlxx_hal_cortex.o"
arm-none-eabi-gcc "/home/mark/git/veltzer/demos-hw-stm32/workspace/first_test/Drivers/STM32WLxx_HAL_Driver/Src/stm32wlxx_hal_dma.c" -mcpu=cortex-m0plus -std=gnu11 '-DCORE_CM0+' -DSTM32WL55xx -DUSE_NUCLEO_64 -DUSE_HAL_DRIVER -c -I../Core/Inc -I../../Drivers/STM32WLxx_HAL_Driver/Inc -I../../Drivers/STM32WLxx_HAL_Driver/Inc/Legacy -I../../Drivers/BSP/STM32WLxx_Nucleo -I../../Drivers/CMSIS/Device/ST/STM32WLxx/Include -I../../Drivers/CMSIS/Include -Os -ffunction-sections -fdata-sections -Wall -fstack-usage -fcyclomatic-complexity -MMD -MP -MF"Drivers/STM32WLxx_HAL_Driver/stm32wlxx_hal_dma.d" -MT"Drivers/STM32WLxx_HAL_Driver/stm32wlxx_hal_dma.o" --specs=nano.specs -mfloat-abi=soft -mthumb -o "Drivers/STM32WLxx_HAL_Driver/stm32wlxx_hal_dma.o"
arm-none-eabi-gcc "/home/mark/git/veltzer/demos-hw-stm32/workspace/first_test/Drivers/STM32WLxx_HAL_Driver/Src/stm32wlxx_hal_dma_ex.c" -mcpu=cortex-m0plus -std=gnu11 '-DCORE_CM0+' -DSTM32WL55xx -DUSE_NUCLEO_64 -DUSE_HAL_DRIVER -c -I../Core/Inc -I../../Drivers/STM32WLxx_HAL_Driver/Inc -I../../Drivers/STM32WLxx_HAL_Driver/Inc/Legacy -I../../Drivers/BSP/STM32WLxx_Nucleo -I../../Drivers/CMSIS/Device/ST/STM32WLxx/Include -I../../Drivers/CMSIS/Include -Os -ffunction-sections -fdata-sections -Wall -fstack-usage -fcyclomatic-complexity -MMD -MP -MF"Drivers/STM32WLxx_HAL_Driver/stm32wlxx_hal_dma_ex.d" -MT"Drivers/STM32WLxx_HAL_Driver/stm32wlxx_hal_dma_ex.o" --specs=nano.specs -mfloat-abi=soft -mthumb -o "Drivers/STM32WLxx_HAL_Driver/stm32wlxx_hal_dma_ex.o"
arm-none-eabi-gcc "/home/mark/git/veltzer/demos-hw-stm32/workspace/first_test/Drivers/STM32WLxx_HAL_Driver/Src/stm32wlxx_hal_exti.c" -mcpu=cortex-m0plus -std=gnu11 '-DCORE_CM0+' -DSTM32WL55xx -DUSE_NUCLEO_64 -DUSE_HAL_DRIVER -c -I../Core/Inc -I../../Drivers/STM32WLxx_HAL_Driver/Inc -I../../Drivers/STM32WLxx_HAL_Driver/Inc/Legacy -I../../Drivers/BSP/STM32WLxx_Nucleo -I../../Drivers/CMSIS/Device/ST/STM32WLxx/Include -I../../Drivers/CMSIS/Include -Os -ffunction-sections -fdata-sections -Wall -fstack-usage -fcyclomatic-complexity -MMD -MP -MF"Drivers/STM32WLxx_HAL_Driver/stm32wlxx_hal_exti.d" -MT"Drivers/STM32WLxx_HAL_Driver/stm32wlxx_hal_exti.o" --specs=nano.specs -mfloat-abi=soft -mthumb -o "Drivers/STM32WLxx_HAL_Driver/stm32wlxx_hal_exti.o"
arm-none-eabi-gcc "/home/mark/git/veltzer/demos-hw-stm32/workspace/first_test/Drivers/STM32WLxx_HAL_Driver/Src/stm32wlxx_hal_flash.c" -mcpu=cortex-m0plus -std=gnu11 '-DCORE_CM0+' -DSTM32WL55xx -DUSE_NUCLEO_64 -DUSE_HAL_DRIVER -c -I../Core/Inc -I../../Drivers/STM32WLxx_HAL_Driver/Inc -I../../Drivers/STM32WLxx_HAL_Driver/Inc/Legacy -I../../Drivers/BSP/STM32WLxx_Nucleo -I../../Drivers/CMSIS/Device/ST/STM32WLxx/Include -I../../Drivers/CMSIS/Include -Os -ffunction-sections -fdata-sections -Wall -fstack-usage -fcyclomatic-complexity -MMD -MP -MF"Drivers/STM32WLxx_HAL_Driver/stm32wlxx_hal_flash.d" -MT"Drivers/STM32WLxx_HAL_Driver/stm32wlxx_hal_flash.o" --specs=nano.specs -mfloat-abi=soft -mthumb -o "Drivers/STM32WLxx_HAL_Driver/stm32wlxx_hal_flash.o"
arm-none-eabi-gcc "/home/mark/git/veltzer/demos-hw-stm32/workspace/first_test/Drivers/STM32WLxx_HAL_Driver/Src/stm32wlxx_hal_flash_ex.c" -mcpu=cortex-m0plus -std=gnu11 '-DCORE_CM0+' -DSTM32WL55xx -DUSE_NUCLEO_64 -DUSE_HAL_DRIVER -c -I../Core/Inc -I../../Drivers/STM32WLxx_HAL_Driver/Inc -I../../Drivers/STM32WLxx_HAL_Driver/Inc/Legacy -I../../Drivers/BSP/STM32WLxx_Nucleo -I../../Drivers/CMSIS/Device/ST/STM32WLxx/Include -I../../Drivers/CMSIS/Include -Os -ffunction-sections -fdata-sections -Wall -fstack-usage -fcyclomatic-complexity -MMD -MP -MF"Drivers/STM32WLxx_HAL_Driver/stm32wlxx_hal_flash_ex.d" -MT"Drivers/STM32WLxx_HAL_Driver/stm32wlxx_hal_flash_ex.o" --specs=nano.specs -mfloat-abi=soft -mthumb -o "Drivers/STM32WLxx_HAL_Driver/stm32wlxx_hal_flash_ex.o"
arm-none-eabi-gcc "/home/mark/git/veltzer/demos-hw-stm32/workspace/first_test/Drivers/STM32WLxx_HAL_Driver/Src/stm32wlxx_hal_gpio.c" -mcpu=cortex-m0plus -std=gnu11 '-DCORE_CM0+' -DSTM32WL55xx -DUSE_NUCLEO_64 -DUSE_HAL_DRIVER -c -I../Core/Inc -I../../Drivers/STM32WLxx_HAL_Driver/Inc -I../../Drivers/STM32WLxx_HAL_Driver/Inc/Legacy -I../../Drivers/BSP/STM32WLxx_Nucleo -I../../Drivers/CMSIS/Device/ST/STM32WLxx/Include -I../../Drivers/CMSIS/Include -Os -ffunction-sections -fdata-sections -Wall -fstack-usage -fcyclomatic-complexity -MMD -MP -MF"Drivers/STM32WLxx_HAL_Driver/stm32wlxx_hal_gpio.d" -MT"Drivers/STM32WLxx_HAL_Driver/stm32wlxx_hal_gpio.o" --specs=nano.specs -mfloat-abi=soft -mthumb -o "Drivers/STM32WLxx_HAL_Driver/stm32wlxx_hal_gpio.o"
<command-line>: warning: ISO C99 requires whitespace after the macro name
<command-line>: warning: ISO C99 requires whitespace after the macro name
<command-line>: warning: ISO C99 requires whitespace after the macro name
<command-line>: warning: ISO C99 requires whitespace after the macro name
<command-line>: warning: ISO C99 requires whitespace after the macro name
<command-line>: warning: ISO C99 requires whitespace after the macro name
<command-line>: warning: ISO C99 requires whitespace after the macro name
<command-line>: warning: ISO C99 requires whitespace after the macro name
arm-none-eabi-gcc "/home/mark/git/veltzer/demos-hw-stm32/workspace/first_test/Drivers/STM32WLxx_HAL_Driver/Src/stm32wlxx_hal_pwr.c" -mcpu=cortex-m0plus -std=gnu11 '-DCORE_CM0+' -DSTM32WL55xx -DUSE_NUCLEO_64 -DUSE_HAL_DRIVER -c -I../Core/Inc -I../../Drivers/STM32WLxx_HAL_Driver/Inc -I../../Drivers/STM32WLxx_HAL_Driver/Inc/Legacy -I../../Drivers/BSP/STM32WLxx_Nucleo -I../../Drivers/CMSIS/Device/ST/STM32WLxx/Include -I../../Drivers/CMSIS/Include -Os -ffunction-sections -fdata-sections -Wall -fstack-usage -fcyclomatic-complexity -MMD -MP -MF"Drivers/STM32WLxx_HAL_Driver/stm32wlxx_hal_pwr.d" -MT"Drivers/STM32WLxx_HAL_Driver/stm32wlxx_hal_pwr.o" --specs=nano.specs -mfloat-abi=soft -mthumb -o "Drivers/STM32WLxx_HAL_Driver/stm32wlxx_hal_pwr.o"
arm-none-eabi-gcc "/home/mark/git/veltzer/demos-hw-stm32/workspace/first_test/Drivers/STM32WLxx_HAL_Driver/Src/stm32wlxx_hal_pwr_ex.c" -mcpu=cortex-m0plus -std=gnu11 '-DCORE_CM0+' -DSTM32WL55xx -DUSE_NUCLEO_64 -DUSE_HAL_DRIVER -c -I../Core/Inc -I../../Drivers/STM32WLxx_HAL_Driver/Inc -I../../Drivers/STM32WLxx_HAL_Driver/Inc/Legacy -I../../Drivers/BSP/STM32WLxx_Nucleo -I../../Drivers/CMSIS/Device/ST/STM32WLxx/Include -I../../Drivers/CMSIS/Include -Os -ffunction-sections -fdata-sections -Wall -fstack-usage -fcyclomatic-complexity -MMD -MP -MF"Drivers/STM32WLxx_HAL_Driver/stm32wlxx_hal_pwr_ex.d" -MT"Drivers/STM32WLxx_HAL_Driver/stm32wlxx_hal_pwr_ex.o" --specs=nano.specs -mfloat-abi=soft -mthumb -o "Drivers/STM32WLxx_HAL_Driver/stm32wlxx_hal_pwr_ex.o"
<command-line>: warning: ISO C99 requires whitespace after the macro name
<command-line>: warning: ISO C99 requires whitespace after the macro name
arm-none-eabi-gcc "/home/mark/git/veltzer/demos-hw-stm32/workspace/first_test/Drivers/STM32WLxx_HAL_Driver/Src/stm32wlxx_hal_rcc.c" -mcpu=cortex-m0plus -std=gnu11 '-DCORE_CM0+' -DSTM32WL55xx -DUSE_NUCLEO_64 -DUSE_HAL_DRIVER -c -I../Core/Inc -I../../Drivers/STM32WLxx_HAL_Driver/Inc -I../../Drivers/STM32WLxx_HAL_Driver/Inc/Legacy -I../../Drivers/BSP/STM32WLxx_Nucleo -I../../Drivers/CMSIS/Device/ST/STM32WLxx/Include -I../../Drivers/CMSIS/Include -Os -ffunction-sections -fdata-sections -Wall -fstack-usage -fcyclomatic-complexity -MMD -MP -MF"Drivers/STM32WLxx_HAL_Driver/stm32wlxx_hal_rcc.d" -MT"Drivers/STM32WLxx_HAL_Driver/stm32wlxx_hal_rcc.o" --specs=nano.specs -mfloat-abi=soft -mthumb -o "Drivers/STM32WLxx_HAL_Driver/stm32wlxx_hal_rcc.o"
arm-none-eabi-gcc "/home/mark/git/veltzer/demos-hw-stm32/workspace/first_test/Drivers/STM32WLxx_HAL_Driver/Src/stm32wlxx_hal_rcc_ex.c" -mcpu=cortex-m0plus -std=gnu11 '-DCORE_CM0+' -DSTM32WL55xx -DUSE_NUCLEO_64 -DUSE_HAL_DRIVER -c -I../Core/Inc -I../../Drivers/STM32WLxx_HAL_Driver/Inc -I../../Drivers/STM32WLxx_HAL_Driver/Inc/Legacy -I../../Drivers/BSP/STM32WLxx_Nucleo -I../../Drivers/CMSIS/Device/ST/STM32WLxx/Include -I../../Drivers/CMSIS/Include -Os -ffunction-sections -fdata-sections -Wall -fstack-usage -fcyclomatic-complexity -MMD -MP -MF"Drivers/STM32WLxx_HAL_Driver/stm32wlxx_hal_rcc_ex.d" -MT"Drivers/STM32WLxx_HAL_Driver/stm32wlxx_hal_rcc_ex.o" --specs=nano.specs -mfloat-abi=soft -mthumb -o "Drivers/STM32WLxx_HAL_Driver/stm32wlxx_hal_rcc_ex.o"
arm-none-eabi-gcc "/home/mark/git/veltzer/demos-hw-stm32/workspace/first_test/Drivers/STM32WLxx_HAL_Driver/Src/stm32wlxx_hal_uart.c" -mcpu=cortex-m0plus -std=gnu11 '-DCORE_CM0+' -DSTM32WL55xx -DUSE_NUCLEO_64 -DUSE_HAL_DRIVER -c -I../Core/Inc -I../../Drivers/STM32WLxx_HAL_Driver/Inc -I../../Drivers/STM32WLxx_HAL_Driver/Inc/Legacy -I../../Drivers/BSP/STM32WLxx_Nucleo -I../../Drivers/CMSIS/Device/ST/STM32WLxx/Include -I../../Drivers/CMSIS/Include -Os -ffunction-sections -fdata-sections -Wall -fstack-usage -fcyclomatic-complexity -MMD -MP -MF"Drivers/STM32WLxx_HAL_Driver/stm32wlxx_hal_uart.d" -MT"Drivers/STM32WLxx_HAL_Driver/stm32wlxx_hal_uart.o" --specs=nano.specs -mfloat-abi=soft -mthumb -o "Drivers/STM32WLxx_HAL_Driver/stm32wlxx_hal_uart.o"
<command-line>: warning: ISO C99 requires whitespace after the macro name
arm-none-eabi-gcc "/home/mark/git/veltzer/demos-hw-stm32/workspace/first_test/Drivers/STM32WLxx_HAL_Driver/Src/stm32wlxx_hal_uart_ex.c" -mcpu=cortex-m0plus -std=gnu11 '-DCORE_CM0+' -DSTM32WL55xx -DUSE_NUCLEO_64 -DUSE_HAL_DRIVER -c -I../Core/Inc -I../../Drivers/STM32WLxx_HAL_Driver/Inc -I../../Drivers/STM32WLxx_HAL_Driver/Inc/Legacy -I../../Drivers/BSP/STM32WLxx_Nucleo -I../../Drivers/CMSIS/Device/ST/STM32WLxx/Include -I../../Drivers/CMSIS/Include -Os -ffunction-sections -fdata-sections -Wall -fstack-usage -fcyclomatic-complexity -MMD -MP -MF"Drivers/STM32WLxx_HAL_Driver/stm32wlxx_hal_uart_ex.d" -MT"Drivers/STM32WLxx_HAL_Driver/stm32wlxx_hal_uart_ex.o" --specs=nano.specs -mfloat-abi=soft -mthumb -o "Drivers/STM32WLxx_HAL_Driver/stm32wlxx_hal_uart_ex.o"
<command-line>: warning: ISO C99 requires whitespace after the macro name
<command-line>: warning: ISO C99 requires whitespace after the macro name
<command-line>: warning: ISO C99 requires whitespace after the macro name
arm-none-eabi-gcc "/home/mark/git/veltzer/demos-hw-stm32/workspace/first_test/Drivers/STM32WLxx_HAL_Driver/Src/stm32wlxx_hal_usart.c" -mcpu=cortex-m0plus -std=gnu11 '-DCORE_CM0+' -DSTM32WL55xx -DUSE_NUCLEO_64 -DUSE_HAL_DRIVER -c -I../Core/Inc -I../../Drivers/STM32WLxx_HAL_Driver/Inc -I../../Drivers/STM32WLxx_HAL_Driver/Inc/Legacy -I../../Drivers/BSP/STM32WLxx_Nucleo -I../../Drivers/CMSIS/Device/ST/STM32WLxx/Include -I../../Drivers/CMSIS/Include -Os -ffunction-sections -fdata-sections -Wall -fstack-usage -fcyclomatic-complexity -MMD -MP -MF"Drivers/STM32WLxx_HAL_Driver/stm32wlxx_hal_usart.d" -MT"Drivers/STM32WLxx_HAL_Driver/stm32wlxx_hal_usart.o" --specs=nano.specs -mfloat-abi=soft -mthumb -o "Drivers/STM32WLxx_HAL_Driver/stm32wlxx_hal_usart.o"
arm-none-eabi-gcc "/home/mark/git/veltzer/demos-hw-stm32/workspace/first_test/Drivers/STM32WLxx_HAL_Driver/Src/stm32wlxx_hal_usart_ex.c" -mcpu=cortex-m0plus -std=gnu11 '-DCORE_CM0+' -DSTM32WL55xx -DUSE_NUCLEO_64 -DUSE_HAL_DRIVER -c -I../Core/Inc -I../../Drivers/STM32WLxx_HAL_Driver/Inc -I../../Drivers/STM32WLxx_HAL_Driver/Inc/Legacy -I../../Drivers/BSP/STM32WLxx_Nucleo -I../../Drivers/CMSIS/Device/ST/STM32WLxx/Include -I../../Drivers/CMSIS/Include -Os -ffunction-sections -fdata-sections -Wall -fstack-usage -fcyclomatic-complexity -MMD -MP -MF"Drivers/STM32WLxx_HAL_Driver/stm32wlxx_hal_usart_ex.d" -MT"Drivers/STM32WLxx_HAL_Driver/stm32wlxx_hal_usart_ex.o" --specs=nano.specs -mfloat-abi=soft -mthumb -o "Drivers/STM32WLxx_HAL_Driver/stm32wlxx_hal_usart_ex.o"
<command-line>: warning: ISO C99 requires whitespace after the macro name
<command-line>: warning: ISO C99 requires whitespace after the macro name
In file included from ../../Drivers/STM32WLxx_HAL_Driver/Inc/stm32wlxx_hal_def.h:29,
                 from ../../Drivers/STM32WLxx_HAL_Driver/Inc/stm32wlxx_hal_dma.h:28,
                 from ../Core/Inc/stm32wlxx_hal_conf.h:193,
                 from ../../Drivers/STM32WLxx_HAL_Driver/Inc/stm32wlxx_hal.h:29,
                 from /home/mark/git/veltzer/demos-hw-stm32/workspace/first_test/Drivers/STM32WLxx_HAL_Driver/Src/stm32wlxx_hal_uart.c:162:
/home/mark/git/veltzer/demos-hw-stm32/workspace/first_test/Drivers/STM32WLxx_HAL_Driver/Src/stm32wlxx_hal_uart.c: In function 'HAL_UART_Transmit_IT':
../../Drivers/CMSIS/Device/ST/STM32WLxx/Include/stm32wlxx.h:209:13: warning: implicit declaration of function '__LDREXW' [-Wimplicit-function-declaration]
  209 |       val = __LDREXW((__IO uint32_t *)&(REG)) | (BIT);       \
      |             ^~~~~~~~
/home/mark/git/veltzer/demos-hw-stm32/workspace/first_test/Drivers/STM32WLxx_HAL_Driver/Src/stm32wlxx_hal_uart.c:1373:7: note: in expansion of macro 'ATOMIC_SET_BIT'
 1373 |       ATOMIC_SET_BIT(huart->Instance->CR3, USART_CR3_TXFTIE);
      |       ^~~~~~~~~~~~~~
../../Drivers/CMSIS/Device/ST/STM32WLxx/Include/stm32wlxx.h:210:15: warning: implicit declaration of function '__STREXW' [-Wimplicit-function-declaration]
  210 |     } while ((__STREXW(val,(__IO uint32_t *)&(REG))) != 0U); \
      |               ^~~~~~~~
/home/mark/git/veltzer/demos-hw-stm32/workspace/first_test/Drivers/STM32WLxx_HAL_Driver/Src/stm32wlxx_hal_uart.c:1373:7: note: in expansion of macro 'ATOMIC_SET_BIT'
 1373 |       ATOMIC_SET_BIT(huart->Instance->CR3, USART_CR3_TXFTIE);
      |       ^~~~~~~~~~~~~~
arm-none-eabi-gcc "/home/mark/git/veltzer/demos-hw-stm32/workspace/first_test/Drivers/BSP/STM32WLxx_Nucleo/stm32wlxx_nucleo.c" -mcpu=cortex-m0plus -std=gnu11 '-DCORE_CM0+' -DSTM32WL55xx -DUSE_NUCLEO_64 -DUSE_HAL_DRIVER -c -I../Core/Inc -I../../Drivers/STM32WLxx_HAL_Driver/Inc -I../../Drivers/STM32WLxx_HAL_Driver/Inc/Legacy -I../../Drivers/BSP/STM32WLxx_Nucleo -I../../Drivers/CMSIS/Device/ST/STM32WLxx/Include -I../../Drivers/CMSIS/Include -Os -ffunction-sections -fdata-sections -Wall -fstack-usage -fcyclomatic-complexity -MMD -MP -MF"Drivers/BSP/STM32WLxx_Nucleo/stm32wlxx_nucleo.d" -MT"Drivers/BSP/STM32WLxx_Nucleo/stm32wlxx_nucleo.o" --specs=nano.specs -mfloat-abi=soft -mthumb -o "Drivers/BSP/STM32WLxx_Nucleo/stm32wlxx_nucleo.o"
In file included from ../../Drivers/STM32WLxx_HAL_Driver/Inc/stm32wlxx_hal_def.h:29,
                 from ../../Drivers/STM32WLxx_HAL_Driver/Inc/stm32wlxx_hal_dma.h:28,
                 from ../Core/Inc/stm32wlxx_hal_conf.h:193,
                 from ../../Drivers/STM32WLxx_HAL_Driver/Inc/stm32wlxx_hal.h:29,
                 from /home/mark/git/veltzer/demos-hw-stm32/workspace/first_test/Drivers/STM32WLxx_HAL_Driver/Src/stm32wlxx_hal_uart_ex.c:44:
/home/mark/git/veltzer/demos-hw-stm32/workspace/first_test/Drivers/STM32WLxx_HAL_Driver/Src/stm32wlxx_hal_uart_ex.c: In function 'HAL_UARTEx_EnableStopMode':
../../Drivers/CMSIS/Device/ST/STM32WLxx/Include/stm32wlxx.h:209:13: warning: implicit declaration of function '__LDREXW' [-Wimplicit-function-declaration]
arm-none-eabi-gcc -mcpu=cortex-m0plus -c -x assembler-with-cpp -MMD -MP -MF"Core/Startup/startup_stm32wl55jcix.d" -MT"Core/Startup/startup_stm32wl55jcix.o" --specs=nano.specs -mfloat-abi=soft -mthumb -o "Core/Startup/startup_stm32wl55jcix.o" "../Core/Startup/startup_stm32wl55jcix.s"
arm-none-eabi-gcc "../Core/Src/main.c" -mcpu=cortex-m0plus -std=gnu11 '-DCORE_CM0+' -DSTM32WL55xx -DUSE_NUCLEO_64 -DUSE_HAL_DRIVER -c -I../Core/Inc -I../../Drivers/STM32WLxx_HAL_Driver/Inc -I../../Drivers/STM32WLxx_HAL_Driver/Inc/Legacy -I../../Drivers/BSP/STM32WLxx_Nucleo -I../../Drivers/CMSIS/Device/ST/STM32WLxx/Include -I../../Drivers/CMSIS/Include -Os -ffunction-sections -fdata-sections -Wall -fstack-usage -fcyclomatic-complexity -MMD -MP -MF"Core/Src/main.d" -MT"Core/Src/main.o" --specs=nano.specs -mfloat-abi=soft -mthumb -o "Core/Src/main.o"
  209 |       val = __LDREXW((__IO uint32_t *)&(REG)) | (BIT);       \
      |             ^~~~~~~~
/home/mark/git/veltzer/demos-hw-stm32/workspace/first_test/Drivers/STM32WLxx_HAL_Driver/Src/stm32wlxx_hal_uart_ex.c:488:3: note: in expansion of macro 'ATOMIC_SET_BIT'
  488 |   ATOMIC_SET_BIT(huart->Instance->CR1, USART_CR1_UESM);
      |   ^~~~~~~~~~~~~~
<command-line>: warning: ISO C99 requires whitespace after the macro name
../../Drivers/CMSIS/Device/ST/STM32WLxx/Include/stm32wlxx.h:210:15: warning: implicit declaration of function '__STREXW' [-Wimplicit-function-declaration]
  210 |     } while ((__STREXW(val,(__IO uint32_t *)&(REG))) != 0U); \
      |               ^~~~~~~~
/home/mark/git/veltzer/demos-hw-stm32/workspace/first_test/Drivers/STM32WLxx_HAL_Driver/Src/stm32wlxx_hal_uart_ex.c:488:3: note: in expansion of macro 'ATOMIC_SET_BIT'
  488 |   ATOMIC_SET_BIT(huart->Instance->CR1, USART_CR1_UESM);
      |   ^~~~~~~~~~~~~~
arm-none-eabi-gcc "../Core/Src/stm32wlxx_hal_msp.c" -mcpu=cortex-m0plus -std=gnu11 '-DCORE_CM0+' -DSTM32WL55xx -DUSE_NUCLEO_64 -DUSE_HAL_DRIVER -c -I../Core/Inc -I../../Drivers/STM32WLxx_HAL_Driver/Inc -I../../Drivers/STM32WLxx_HAL_Driver/Inc/Legacy -I../../Drivers/BSP/STM32WLxx_Nucleo -I../../Drivers/CMSIS/Device/ST/STM32WLxx/Include -I../../Drivers/CMSIS/Include -Os -ffunction-sections -fdata-sections -Wall -fstack-usage -fcyclomatic-complexity -MMD -MP -MF"Core/Src/stm32wlxx_hal_msp.d" -MT"Core/Src/stm32wlxx_hal_msp.o" --specs=nano.specs -mfloat-abi=soft -mthumb -o "Core/Src/stm32wlxx_hal_msp.o"
<command-line>: warning: ISO C99 requires whitespace after the macro name
<command-line>: warning: ISO C99 requires whitespace after the macro name
arm-none-eabi-gcc "../Core/Src/stm32wlxx_it.c" -mcpu=cortex-m0plus -std=gnu11 '-DCORE_CM0+' -DSTM32WL55xx -DUSE_NUCLEO_64 -DUSE_HAL_DRIVER -c -I../Core/Inc -I../../Drivers/STM32WLxx_HAL_Driver/Inc -I../../Drivers/STM32WLxx_HAL_Driver/Inc/Legacy -I../../Drivers/BSP/STM32WLxx_Nucleo -I../../Drivers/CMSIS/Device/ST/STM32WLxx/Include -I../../Drivers/CMSIS/Include -Os -ffunction-sections -fdata-sections -Wall -fstack-usage -fcyclomatic-complexity -MMD -MP -MF"Core/Src/stm32wlxx_it.d" -MT"Core/Src/stm32wlxx_it.o" --specs=nano.specs -mfloat-abi=soft -mthumb -o "Core/Src/stm32wlxx_it.o"
../Core/Src/main.c:45:17: warning: 'delay' defined but not used [-Wunused-variable]
   45 | static uint32_t delay = 250;
      |                 ^~~~~
<command-line>: warning: ISO C99 requires whitespace after the macro name
arm-none-eabi-gcc "../Core/Src/syscalls.c" -mcpu=cortex-m0plus -std=gnu11 '-DCORE_CM0+' -DSTM32WL55xx -DUSE_NUCLEO_64 -DUSE_HAL_DRIVER -c -I../Core/Inc -I../../Drivers/STM32WLxx_HAL_Driver/Inc -I../../Drivers/STM32WLxx_HAL_Driver/Inc/Legacy -I../../Drivers/BSP/STM32WLxx_Nucleo -I../../Drivers/CMSIS/Device/ST/STM32WLxx/Include -I../../Drivers/CMSIS/Include -Os -ffunction-sections -fdata-sections -Wall -fstack-usage -fcyclomatic-complexity -MMD -MP -MF"Core/Src/syscalls.d" -MT"Core/Src/syscalls.o" --specs=nano.specs -mfloat-abi=soft -mthumb -o "Core/Src/syscalls.o"
arm-none-eabi-gcc "../Core/Src/sysmem.c" -mcpu=cortex-m0plus -std=gnu11 '-DCORE_CM0+' -DSTM32WL55xx -DUSE_NUCLEO_64 -DUSE_HAL_DRIVER -c -I../Core/Inc -I../../Drivers/STM32WLxx_HAL_Driver/Inc -I../../Drivers/STM32WLxx_HAL_Driver/Inc/Legacy -I../../Drivers/BSP/STM32WLxx_Nucleo -I../../Drivers/CMSIS/Device/ST/STM32WLxx/Include -I../../Drivers/CMSIS/Include -Os -ffunction-sections -fdata-sections -Wall -fstack-usage -fcyclomatic-complexity -MMD -MP -MF"Core/Src/sysmem.d" -MT"Core/Src/sysmem.o" --specs=nano.specs -mfloat-abi=soft -mthumb -o "Core/Src/sysmem.o"
<command-line>: warning: ISO C99 requires whitespace after the macro name
arm-none-eabi-gcc "/home/mark/git/veltzer/demos-hw-stm32/workspace/first_test/Common/System/system_stm32wlxx.c" -mcpu=cortex-m0plus -std=gnu11 '-DCORE_CM0+' -DSTM32WL55xx -DUSE_NUCLEO_64 -DUSE_HAL_DRIVER -c -I../Core/Inc -I../../Drivers/STM32WLxx_HAL_Driver/Inc -I../../Drivers/STM32WLxx_HAL_Driver/Inc/Legacy -I../../Drivers/BSP/STM32WLxx_Nucleo -I../../Drivers/CMSIS/Device/ST/STM32WLxx/Include -I../../Drivers/CMSIS/Include -Os -ffunction-sections -fdata-sections -Wall -fstack-usage -fcyclomatic-complexity -MMD -MP -MF"Common/System/system_stm32wlxx.d" -MT"Common/System/system_stm32wlxx.o" --specs=nano.specs -mfloat-abi=soft -mthumb -o "Common/System/system_stm32wlxx.o"
<command-line>: warning: ISO C99 requires whitespace after the macro name
<command-line>: warning: ISO C99 requires whitespace after the macro name
arm-none-eabi-gcc -o "first_test_CM0PLUS.elf" @"objects.list"   -mcpu=cortex-m0plus -T"/home/mark/git/veltzer/demos-hw-stm32/workspace/first_test/CM0PLUS/STM32WL55JCIX_FLASH.ld" --specs=nosys.specs -Wl,-Map="first_test_CM0PLUS.map" -Wl,--gc-sections -static --specs=nano.specs -mfloat-abi=soft -mthumb -Wl,--start-group -lc -lm -Wl,--end-group
Finished building target: first_test_CM0PLUS.elf
 
arm-none-eabi-size  first_test_CM0PLUS.elf 
arm-none-eabi-objdump -h -S first_test_CM0PLUS.elf  > "first_test_CM0PLUS.list"
   text	   data	    bss	    dec	    hex	filename
   1484	     12	   1572	   3068	    bfc	first_test_CM0PLUS.elf
Finished building: default.size.stdout
 
Finished building: first_test_CM0PLUS.list
 
12:26:20 **** Incremental Build of configuration Debug for project first_test_CM4 ****
make -j8 all 
arm-none-eabi-size  first_test_CM4.elf 
   text	   data	    bss	    dec	    hex	filename
  16500	    160	   2096	  18756	   4944	first_test_CM4.elf
Finished building: default.size.stdout
 
12:26:27 **** Incremental Build of configuration Release for project first_test_CM0PLUS ****
make -j8 all 
arm-none-eabi-size  first_test_CM0PLUS.elf 
   text	   data	    bss	    dec	    hex	filename
   1484	     12	   1572	   3068	    bfc	first_test_CM0PLUS.elf
Finished building: default.size.stdout
 
12:31:19 **** Incremental Build of configuration Release for project first_test_CM0PLUS ****
make -j8 all 
arm-none-eabi-size  first_test_CM0PLUS.elf 
   text	   data	    bss	    dec	    hex	filename
   1484	     12	   1572	   3068	    bfc	first_test_CM0PLUS.elf
Finished building: default.size.stdout
 
12:40:35 **** Build of configuration Debug for project blink ****
make -j8 all 
arm-none-eabi-gcc "../Drivers/STM32WL3x_HAL_Driver/Src/stm32wl3x_hal.c" -mcpu=cortex-m0plus -std=gnu11 -g3 -DDEBUG -DUSE_NUCLEO_64 -DUSE_HAL_DRIVER -DSTM32WL3XX -c -I../Core/Inc -I../Drivers/STM32WL3x_HAL_Driver/Inc -I../Drivers/STM32WL3x_HAL_Driver/Inc/Legacy -I../Drivers/BSP/STM32WL3x-Nucleo -I../Drivers/CMSIS/Device/ST/STM32WL3X/Include -I../Drivers/CMSIS/Include -O0 -ffunction-sections -fdata-sections -Wall -fstack-usage -fcyclomatic-complexity -MMD -MP -MF"Drivers/STM32WL3x_HAL_Driver/Src/stm32wl3x_hal.d" -MT"Drivers/STM32WL3x_HAL_Driver/Src/stm32wl3x_hal.o" --specs=nano.specs -mfloat-abi=soft -mthumb -o "Drivers/STM32WL3x_HAL_Driver/Src/stm32wl3x_hal.o"
arm-none-eabi-gcc "../Drivers/STM32WL3x_HAL_Driver/Src/stm32wl3x_hal_cortex.c" -mcpu=cortex-m0plus -std=gnu11 -g3 -DDEBUG -DUSE_NUCLEO_64 -DUSE_HAL_DRIVER -DSTM32WL3XX -c -I../Core/Inc -I../Drivers/STM32WL3x_HAL_Driver/Inc -I../Drivers/STM32WL3x_HAL_Driver/Inc/Legacy -I../Drivers/BSP/STM32WL3x-Nucleo -I../Drivers/CMSIS/Device/ST/STM32WL3X/Include -I../Drivers/CMSIS/Include -O0 -ffunction-sections -fdata-sections -Wall -fstack-usage -fcyclomatic-complexity -MMD -MP -MF"Drivers/STM32WL3x_HAL_Driver/Src/stm32wl3x_hal_cortex.d" -MT"Drivers/STM32WL3x_HAL_Driver/Src/stm32wl3x_hal_cortex.o" --specs=nano.specs -mfloat-abi=soft -mthumb -o "Drivers/STM32WL3x_HAL_Driver/Src/stm32wl3x_hal_cortex.o"
arm-none-eabi-gcc "../Drivers/STM32WL3x_HAL_Driver/Src/stm32wl3x_hal_dma.c" -mcpu=cortex-m0plus -std=gnu11 -g3 -DDEBUG -DUSE_NUCLEO_64 -DUSE_HAL_DRIVER -DSTM32WL3XX -c -I../Core/Inc -I../Drivers/STM32WL3x_HAL_Driver/Inc -I../Drivers/STM32WL3x_HAL_Driver/Inc/Legacy -I../Drivers/BSP/STM32WL3x-Nucleo -I../Drivers/CMSIS/Device/ST/STM32WL3X/Include -I../Drivers/CMSIS/Include -O0 -ffunction-sections -fdata-sections -Wall -fstack-usage -fcyclomatic-complexity -MMD -MP -MF"Drivers/STM32WL3x_HAL_Driver/Src/stm32wl3x_hal_dma.d" -MT"Drivers/STM32WL3x_HAL_Driver/Src/stm32wl3x_hal_dma.o" --specs=nano.specs -mfloat-abi=soft -mthumb -o "Drivers/STM32WL3x_HAL_Driver/Src/stm32wl3x_hal_dma.o"
arm-none-eabi-gcc "../Drivers/STM32WL3x_HAL_Driver/Src/stm32wl3x_hal_flash.c" -mcpu=cortex-m0plus -std=gnu11 -g3 -DDEBUG -DUSE_NUCLEO_64 -DUSE_HAL_DRIVER -DSTM32WL3XX -c -I../Core/Inc -I../Drivers/STM32WL3x_HAL_Driver/Inc -I../Drivers/STM32WL3x_HAL_Driver/Inc/Legacy -I../Drivers/BSP/STM32WL3x-Nucleo -I../Drivers/CMSIS/Device/ST/STM32WL3X/Include -I../Drivers/CMSIS/Include -O0 -ffunction-sections -fdata-sections -Wall -fstack-usage -fcyclomatic-complexity -MMD -MP -MF"Drivers/STM32WL3x_HAL_Driver/Src/stm32wl3x_hal_flash.d" -MT"Drivers/STM32WL3x_HAL_Driver/Src/stm32wl3x_hal_flash.o" --specs=nano.specs -mfloat-abi=soft -mthumb -o "Drivers/STM32WL3x_HAL_Driver/Src/stm32wl3x_hal_flash.o"
arm-none-eabi-gcc "../Drivers/STM32WL3x_HAL_Driver/Src/stm32wl3x_hal_flash_ex.c" -mcpu=cortex-m0plus -std=gnu11 -g3 -DDEBUG -DUSE_NUCLEO_64 -DUSE_HAL_DRIVER -DSTM32WL3XX -c -I../Core/Inc -I../Drivers/STM32WL3x_HAL_Driver/Inc -I../Drivers/STM32WL3x_HAL_Driver/Inc/Legacy -I../Drivers/BSP/STM32WL3x-Nucleo -I../Drivers/CMSIS/Device/ST/STM32WL3X/Include -I../Drivers/CMSIS/Include -O0 -ffunction-sections -fdata-sections -Wall -fstack-usage -fcyclomatic-complexity -MMD -MP -MF"Drivers/STM32WL3x_HAL_Driver/Src/stm32wl3x_hal_flash_ex.d" -MT"Drivers/STM32WL3x_HAL_Driver/Src/stm32wl3x_hal_flash_ex.o" --specs=nano.specs -mfloat-abi=soft -mthumb -o "Drivers/STM32WL3x_HAL_Driver/Src/stm32wl3x_hal_flash_ex.o"
arm-none-eabi-gcc "../Drivers/STM32WL3x_HAL_Driver/Src/stm32wl3x_hal_gpio.c" -mcpu=cortex-m0plus -std=gnu11 -g3 -DDEBUG -DUSE_NUCLEO_64 -DUSE_HAL_DRIVER -DSTM32WL3XX -c -I../Core/Inc -I../Drivers/STM32WL3x_HAL_Driver/Inc -I../Drivers/STM32WL3x_HAL_Driver/Inc/Legacy -I../Drivers/BSP/STM32WL3x-Nucleo -I../Drivers/CMSIS/Device/ST/STM32WL3X/Include -I../Drivers/CMSIS/Include -O0 -ffunction-sections -fdata-sections -Wall -fstack-usage -fcyclomatic-complexity -MMD -MP -MF"Drivers/STM32WL3x_HAL_Driver/Src/stm32wl3x_hal_gpio.d" -MT"Drivers/STM32WL3x_HAL_Driver/Src/stm32wl3x_hal_gpio.o" --specs=nano.specs -mfloat-abi=soft -mthumb -o "Drivers/STM32WL3x_HAL_Driver/Src/stm32wl3x_hal_gpio.o"
arm-none-eabi-gcc "../Drivers/STM32WL3x_HAL_Driver/Src/stm32wl3x_hal_pwr.c" -mcpu=cortex-m0plus -std=gnu11 -g3 -DDEBUG -DUSE_NUCLEO_64 -DUSE_HAL_DRIVER -DSTM32WL3XX -c -I../Core/Inc -I../Drivers/STM32WL3x_HAL_Driver/Inc -I../Drivers/STM32WL3x_HAL_Driver/Inc/Legacy -I../Drivers/BSP/STM32WL3x-Nucleo -I../Drivers/CMSIS/Device/ST/STM32WL3X/Include -I../Drivers/CMSIS/Include -O0 -ffunction-sections -fdata-sections -Wall -fstack-usage -fcyclomatic-complexity -MMD -MP -MF"Drivers/STM32WL3x_HAL_Driver/Src/stm32wl3x_hal_pwr.d" -MT"Drivers/STM32WL3x_HAL_Driver/Src/stm32wl3x_hal_pwr.o" --specs=nano.specs -mfloat-abi=soft -mthumb -o "Drivers/STM32WL3x_HAL_Driver/Src/stm32wl3x_hal_pwr.o"
arm-none-eabi-gcc "../Drivers/STM32WL3x_HAL_Driver/Src/stm32wl3x_hal_pwr_ex.c" -mcpu=cortex-m0plus -std=gnu11 -g3 -DDEBUG -DUSE_NUCLEO_64 -DUSE_HAL_DRIVER -DSTM32WL3XX -c -I../Core/Inc -I../Drivers/STM32WL3x_HAL_Driver/Inc -I../Drivers/STM32WL3x_HAL_Driver/Inc/Legacy -I../Drivers/BSP/STM32WL3x-Nucleo -I../Drivers/CMSIS/Device/ST/STM32WL3X/Include -I../Drivers/CMSIS/Include -O0 -ffunction-sections -fdata-sections -Wall -fstack-usage -fcyclomatic-complexity -MMD -MP -MF"Drivers/STM32WL3x_HAL_Driver/Src/stm32wl3x_hal_pwr_ex.d" -MT"Drivers/STM32WL3x_HAL_Driver/Src/stm32wl3x_hal_pwr_ex.o" --specs=nano.specs -mfloat-abi=soft -mthumb -o "Drivers/STM32WL3x_HAL_Driver/Src/stm32wl3x_hal_pwr_ex.o"
arm-none-eabi-gcc "../Drivers/STM32WL3x_HAL_Driver/Src/stm32wl3x_hal_rcc.c" -mcpu=cortex-m0plus -std=gnu11 -g3 -DDEBUG -DUSE_NUCLEO_64 -DUSE_HAL_DRIVER -DSTM32WL3XX -c -I../Core/Inc -I../Drivers/STM32WL3x_HAL_Driver/Inc -I../Drivers/STM32WL3x_HAL_Driver/Inc/Legacy -I../Drivers/BSP/STM32WL3x-Nucleo -I../Drivers/CMSIS/Device/ST/STM32WL3X/Include -I../Drivers/CMSIS/Include -O0 -ffunction-sections -fdata-sections -Wall -fstack-usage -fcyclomatic-complexity -MMD -MP -MF"Drivers/STM32WL3x_HAL_Driver/Src/stm32wl3x_hal_rcc.d" -MT"Drivers/STM32WL3x_HAL_Driver/Src/stm32wl3x_hal_rcc.o" --specs=nano.specs -mfloat-abi=soft -mthumb -o "Drivers/STM32WL3x_HAL_Driver/Src/stm32wl3x_hal_rcc.o"
arm-none-eabi-gcc "../Drivers/STM32WL3x_HAL_Driver/Src/stm32wl3x_hal_rcc_ex.c" -mcpu=cortex-m0plus -std=gnu11 -g3 -DDEBUG -DUSE_NUCLEO_64 -DUSE_HAL_DRIVER -DSTM32WL3XX -c -I../Core/Inc -I../Drivers/STM32WL3x_HAL_Driver/Inc -I../Drivers/STM32WL3x_HAL_Driver/Inc/Legacy -I../Drivers/BSP/STM32WL3x-Nucleo -I../Drivers/CMSIS/Device/ST/STM32WL3X/Include -I../Drivers/CMSIS/Include -O0 -ffunction-sections -fdata-sections -Wall -fstack-usage -fcyclomatic-complexity -MMD -MP -MF"Drivers/STM32WL3x_HAL_Driver/Src/stm32wl3x_hal_rcc_ex.d" -MT"Drivers/STM32WL3x_HAL_Driver/Src/stm32wl3x_hal_rcc_ex.o" --specs=nano.specs -mfloat-abi=soft -mthumb -o "Drivers/STM32WL3x_HAL_Driver/Src/stm32wl3x_hal_rcc_ex.o"
arm-none-eabi-gcc "../Drivers/STM32WL3x_HAL_Driver/Src/stm32wl3x_hal_tim.c" -mcpu=cortex-m0plus -std=gnu11 -g3 -DDEBUG -DUSE_NUCLEO_64 -DUSE_HAL_DRIVER -DSTM32WL3XX -c -I../Core/Inc -I../Drivers/STM32WL3x_HAL_Driver/Inc -I../Drivers/STM32WL3x_HAL_Driver/Inc/Legacy -I../Drivers/BSP/STM32WL3x-Nucleo -I../Drivers/CMSIS/Device/ST/STM32WL3X/Include -I../Drivers/CMSIS/Include -O0 -ffunction-sections -fdata-sections -Wall -fstack-usage -fcyclomatic-complexity -MMD -MP -MF"Drivers/STM32WL3x_HAL_Driver/Src/stm32wl3x_hal_tim.d" -MT"Drivers/STM32WL3x_HAL_Driver/Src/stm32wl3x_hal_tim.o" --specs=nano.specs -mfloat-abi=soft -mthumb -o "Drivers/STM32WL3x_HAL_Driver/Src/stm32wl3x_hal_tim.o"
arm-none-eabi-gcc "../Drivers/STM32WL3x_HAL_Driver/Src/stm32wl3x_hal_tim_ex.c" -mcpu=cortex-m0plus -std=gnu11 -g3 -DDEBUG -DUSE_NUCLEO_64 -DUSE_HAL_DRIVER -DSTM32WL3XX -c -I../Core/Inc -I../Drivers/STM32WL3x_HAL_Driver/Inc -I../Drivers/STM32WL3x_HAL_Driver/Inc/Legacy -I../Drivers/BSP/STM32WL3x-Nucleo -I../Drivers/CMSIS/Device/ST/STM32WL3X/Include -I../Drivers/CMSIS/Include -O0 -ffunction-sections -fdata-sections -Wall -fstack-usage -fcyclomatic-complexity -MMD -MP -MF"Drivers/STM32WL3x_HAL_Driver/Src/stm32wl3x_hal_tim_ex.d" -MT"Drivers/STM32WL3x_HAL_Driver/Src/stm32wl3x_hal_tim_ex.o" --specs=nano.specs -mfloat-abi=soft -mthumb -o "Drivers/STM32WL3x_HAL_Driver/Src/stm32wl3x_hal_tim_ex.o"
arm-none-eabi-gcc "../Drivers/STM32WL3x_HAL_Driver/Src/stm32wl3x_hal_uart.c" -mcpu=cortex-m0plus -std=gnu11 -g3 -DDEBUG -DUSE_NUCLEO_64 -DUSE_HAL_DRIVER -DSTM32WL3XX -c -I../Core/Inc -I../Drivers/STM32WL3x_HAL_Driver/Inc -I../Drivers/STM32WL3x_HAL_Driver/Inc/Legacy -I../Drivers/BSP/STM32WL3x-Nucleo -I../Drivers/CMSIS/Device/ST/STM32WL3X/Include -I../Drivers/CMSIS/Include -O0 -ffunction-sections -fdata-sections -Wall -fstack-usage -fcyclomatic-complexity -MMD -MP -MF"Drivers/STM32WL3x_HAL_Driver/Src/stm32wl3x_hal_uart.d" -MT"Drivers/STM32WL3x_HAL_Driver/Src/stm32wl3x_hal_uart.o" --specs=nano.specs -mfloat-abi=soft -mthumb -o "Drivers/STM32WL3x_HAL_Driver/Src/stm32wl3x_hal_uart.o"
arm-none-eabi-gcc "../Drivers/STM32WL3x_HAL_Driver/Src/stm32wl3x_hal_uart_ex.c" -mcpu=cortex-m0plus -std=gnu11 -g3 -DDEBUG -DUSE_NUCLEO_64 -DUSE_HAL_DRIVER -DSTM32WL3XX -c -I../Core/Inc -I../Drivers/STM32WL3x_HAL_Driver/Inc -I../Drivers/STM32WL3x_HAL_Driver/Inc/Legacy -I../Drivers/BSP/STM32WL3x-Nucleo -I../Drivers/CMSIS/Device/ST/STM32WL3X/Include -I../Drivers/CMSIS/Include -O0 -ffunction-sections -fdata-sections -Wall -fstack-usage -fcyclomatic-complexity -MMD -MP -MF"Drivers/STM32WL3x_HAL_Driver/Src/stm32wl3x_hal_uart_ex.d" -MT"Drivers/STM32WL3x_HAL_Driver/Src/stm32wl3x_hal_uart_ex.o" --specs=nano.specs -mfloat-abi=soft -mthumb -o "Drivers/STM32WL3x_HAL_Driver/Src/stm32wl3x_hal_uart_ex.o"
arm-none-eabi-gcc "../Drivers/STM32WL3x_HAL_Driver/Src/stm32wl3x_hal_usart.c" -mcpu=cortex-m0plus -std=gnu11 -g3 -DDEBUG -DUSE_NUCLEO_64 -DUSE_HAL_DRIVER -DSTM32WL3XX -c -I../Core/Inc -I../Drivers/STM32WL3x_HAL_Driver/Inc -I../Drivers/STM32WL3x_HAL_Driver/Inc/Legacy -I../Drivers/BSP/STM32WL3x-Nucleo -I../Drivers/CMSIS/Device/ST/STM32WL3X/Include -I../Drivers/CMSIS/Include -O0 -ffunction-sections -fdata-sections -Wall -fstack-usage -fcyclomatic-complexity -MMD -MP -MF"Drivers/STM32WL3x_HAL_Driver/Src/stm32wl3x_hal_usart.d" -MT"Drivers/STM32WL3x_HAL_Driver/Src/stm32wl3x_hal_usart.o" --specs=nano.specs -mfloat-abi=soft -mthumb -o "Drivers/STM32WL3x_HAL_Driver/Src/stm32wl3x_hal_usart.o"
arm-none-eabi-gcc "../Drivers/STM32WL3x_HAL_Driver/Src/stm32wl3x_hal_usart_ex.c" -mcpu=cortex-m0plus -std=gnu11 -g3 -DDEBUG -DUSE_NUCLEO_64 -DUSE_HAL_DRIVER -DSTM32WL3XX -c -I../Core/Inc -I../Drivers/STM32WL3x_HAL_Driver/Inc -I../Drivers/STM32WL3x_HAL_Driver/Inc/Legacy -I../Drivers/BSP/STM32WL3x-Nucleo -I../Drivers/CMSIS/Device/ST/STM32WL3X/Include -I../Drivers/CMSIS/Include -O0 -ffunction-sections -fdata-sections -Wall -fstack-usage -fcyclomatic-complexity -MMD -MP -MF"Drivers/STM32WL3x_HAL_Driver/Src/stm32wl3x_hal_usart_ex.d" -MT"Drivers/STM32WL3x_HAL_Driver/Src/stm32wl3x_hal_usart_ex.o" --specs=nano.specs -mfloat-abi=soft -mthumb -o "Drivers/STM32WL3x_HAL_Driver/Src/stm32wl3x_hal_usart_ex.o"
arm-none-eabi-gcc "../Drivers/CMSIS/Device/ST/STM32WL3X/Source/Templates/system_stm32wl3x.c" -mcpu=cortex-m0plus -std=gnu11 -g3 -DDEBUG -DUSE_NUCLEO_64 -DUSE_HAL_DRIVER -DSTM32WL3XX -c -I../Core/Inc -I../Drivers/STM32WL3x_HAL_Driver/Inc -I../Drivers/STM32WL3x_HAL_Driver/Inc/Legacy -I../Drivers/BSP/STM32WL3x-Nucleo -I../Drivers/CMSIS/Device/ST/STM32WL3X/Include -I../Drivers/CMSIS/Include -O0 -ffunction-sections -fdata-sections -Wall -fstack-usage -fcyclomatic-complexity -MMD -MP -MF"Drivers/CMSIS/Device/ST/STM32WL3X/Source/Templates/system_stm32wl3x.d" -MT"Drivers/CMSIS/Device/ST/STM32WL3X/Source/Templates/system_stm32wl3x.o" --specs=nano.specs -mfloat-abi=soft -mthumb -o "Drivers/CMSIS/Device/ST/STM32WL3X/Source/Templates/system_stm32wl3x.o"
arm-none-eabi-gcc "../Drivers/BSP/STM32WL3x-Nucleo/stm32wl3x_nucleo.c" -mcpu=cortex-m0plus -std=gnu11 -g3 -DDEBUG -DUSE_NUCLEO_64 -DUSE_HAL_DRIVER -DSTM32WL3XX -c -I../Core/Inc -I../Drivers/STM32WL3x_HAL_Driver/Inc -I../Drivers/STM32WL3x_HAL_Driver/Inc/Legacy -I../Drivers/BSP/STM32WL3x-Nucleo -I../Drivers/CMSIS/Device/ST/STM32WL3X/Include -I../Drivers/CMSIS/Include -O0 -ffunction-sections -fdata-sections -Wall -fstack-usage -fcyclomatic-complexity -MMD -MP -MF"Drivers/BSP/STM32WL3x-Nucleo/stm32wl3x_nucleo.d" -MT"Drivers/BSP/STM32WL3x-Nucleo/stm32wl3x_nucleo.o" --specs=nano.specs -mfloat-abi=soft -mthumb -o "Drivers/BSP/STM32WL3x-Nucleo/stm32wl3x_nucleo.o"
arm-none-eabi-gcc -mcpu=cortex-m0plus -g3 -DDEBUG -c -x assembler-with-cpp -MMD -MP -MF"Core/Startup/startup_stm32wl33ccvx.d" -MT"Core/Startup/startup_stm32wl33ccvx.o" --specs=nano.specs -mfloat-abi=soft -mthumb -o "Core/Startup/startup_stm32wl33ccvx.o" "../Core/Startup/startup_stm32wl33ccvx.s"
arm-none-eabi-gcc "../Core/Src/main.c" -mcpu=cortex-m0plus -std=gnu11 -g3 -DDEBUG -DUSE_NUCLEO_64 -DUSE_HAL_DRIVER -DSTM32WL3XX -c -I../Core/Inc -I../Drivers/STM32WL3x_HAL_Driver/Inc -I../Drivers/STM32WL3x_HAL_Driver/Inc/Legacy -I../Drivers/BSP/STM32WL3x-Nucleo -I../Drivers/CMSIS/Device/ST/STM32WL3X/Include -I../Drivers/CMSIS/Include -O0 -ffunction-sections -fdata-sections -Wall -fstack-usage -fcyclomatic-complexity -MMD -MP -MF"Core/Src/main.d" -MT"Core/Src/main.o" --specs=nano.specs -mfloat-abi=soft -mthumb -o "Core/Src/main.o"
arm-none-eabi-gcc "../Core/Src/stm32wl3x_hal_msp.c" -mcpu=cortex-m0plus -std=gnu11 -g3 -DDEBUG -DUSE_NUCLEO_64 -DUSE_HAL_DRIVER -DSTM32WL3XX -c -I../Core/Inc -I../Drivers/STM32WL3x_HAL_Driver/Inc -I../Drivers/STM32WL3x_HAL_Driver/Inc/Legacy -I../Drivers/BSP/STM32WL3x-Nucleo -I../Drivers/CMSIS/Device/ST/STM32WL3X/Include -I../Drivers/CMSIS/Include -O0 -ffunction-sections -fdata-sections -Wall -fstack-usage -fcyclomatic-complexity -MMD -MP -MF"Core/Src/stm32wl3x_hal_msp.d" -MT"Core/Src/stm32wl3x_hal_msp.o" --specs=nano.specs -mfloat-abi=soft -mthumb -o "Core/Src/stm32wl3x_hal_msp.o"
arm-none-eabi-gcc "../Core/Src/stm32wl3x_it.c" -mcpu=cortex-m0plus -std=gnu11 -g3 -DDEBUG -DUSE_NUCLEO_64 -DUSE_HAL_DRIVER -DSTM32WL3XX -c -I../Core/Inc -I../Drivers/STM32WL3x_HAL_Driver/Inc -I../Drivers/STM32WL3x_HAL_Driver/Inc/Legacy -I../Drivers/BSP/STM32WL3x-Nucleo -I../Drivers/CMSIS/Device/ST/STM32WL3X/Include -I../Drivers/CMSIS/Include -O0 -ffunction-sections -fdata-sections -Wall -fstack-usage -fcyclomatic-complexity -MMD -MP -MF"Core/Src/stm32wl3x_it.d" -MT"Core/Src/stm32wl3x_it.o" --specs=nano.specs -mfloat-abi=soft -mthumb -o "Core/Src/stm32wl3x_it.o"
[...]
arm-none-eabi-gcc "/home/mark/git/veltzer/demos-hw-stm32/workspace/blink2/Drivers/STM32WLxx_HAL_Driver/Src/stm32wlxx_hal_cortex.c" -mcpu=cortex-m4 -std=gnu11 -DCORE_CM4 -DUSE_HAL_DRIVER -DSTM32WL55xx -DUSE_NUCLEO_64 -c -I../Core/Inc -I../../Drivers/STM32WLxx_HAL_Driver/Inc -I../../Drivers/STM32WLxx_HAL_Driver/Inc/Legacy -I../../Drivers/BSP/STM32WLxx_Nucleo -I../../Drivers/CMSIS/Device/ST/STM32WLxx/Include -I../../Drivers/CMSIS/Include -Os -ffunction-sections -fdata-sections -Wall -fstack-usage -fcyclomatic-complexity -MMD -MP -MF"Drivers/STM32WLxx_HAL_Driver/stm32wlxx_hal_cortex.d" -MT"Drivers/STM32WLxx_HAL_Driver/stm32wlxx_hal_cortex.o" --specs=nano.specs -mfloat-abi=soft -mthumb -o "Drivers/STM32WLxx_HAL_Driver/stm32wlxx_hal_cortex.o"
arm-none-eabi-gcc "/home/mark/git/veltzer/demos-hw-stm32/workspace/blink2/Drivers/STM32WLxx_HAL_Driver/Src/stm32wlxx_hal_dma.c" -mcpu=cortex-m4 -std=gnu11 -DCORE_CM4 -DUSE_HAL_DRIVER -DSTM32WL55xx -DUSE_NUCLEO_64 -c -I../Core/Inc -I../../Drivers/STM32WLxx_HAL_Driver/Inc -I../../Drivers/STM32WLxx_HAL_Driver/Inc/Legacy -I../../Drivers/BSP/STM32WLxx_Nucleo -I../../Drivers/CMSIS/Device/ST/STM32WLxx/Include -I../../Drivers/CMSIS/Include -Os -ffunction-sections -fdata-sections -Wall -fstack-usage -fcyclomatic-complexity -MMD -MP -MF"Drivers/STM32WLxx_HAL_Driver/stm32wlxx_hal_dma.d" -MT"Drivers/STM32WLxx_HAL_Driver/stm32wlxx_hal_dma.o" --specs=nano.specs -mfloat-abi=soft -mthumb -o "Drivers/STM32WLxx_HAL_Driver/stm32wlxx_hal_dma.o"
arm-none-eabi-gcc "/home/mark/git/veltzer/demos-hw-stm32/workspace/blink2/Drivers/STM32WLxx_HAL_Driver/Src/stm32wlxx_hal_dma_ex.c" -mcpu=cortex-m4 -std=gnu11 -DCORE_CM4 -DUSE_HAL_DRIVER -DSTM32WL55xx -DUSE_NUCLEO_64 -c -I../Core/Inc -I../../Drivers/STM32WLxx_HAL_Driver/Inc -I../../Drivers/STM32WLxx_HAL_Driver/Inc/Legacy -I../../Drivers/BSP/STM32WLxx_Nucleo -I../../Drivers/CMSIS/Device/ST/STM32WLxx/Include -I../../Drivers/CMSIS/Include -Os -ffunction-sections -fdata-sections -Wall -fstack-usage -fcyclomatic-complexity -MMD -MP -MF"Drivers/STM32WLxx_HAL_Driver/stm32wlxx_hal_dma_ex.d" -MT"Drivers/STM32WLxx_HAL_Driver/stm32wlxx_hal_dma_ex.o" --specs=nano.specs -mfloat-abi=soft -mthumb -o "Drivers/STM32WLxx_HAL_Driver/stm32wlxx_hal_dma_ex.o"
arm-none-eabi-gcc "/home/mark/git/veltzer/demos-hw-stm32/workspace/blink2/Drivers/STM32WLxx_HAL_Driver/Src/stm32wlxx_hal_exti.c" -mcpu=cortex-m4 -std=gnu11 -DCORE_CM4 -DUSE_HAL_DRIVER -DSTM32WL55xx -DUSE_NUCLEO_64 -c -I../Core/Inc -I../../Drivers/STM32WLxx_HAL_Driver/Inc -I../../Drivers/STM32WLxx_HAL_Driver/Inc/Legacy -I../../Drivers/BSP/STM32WLxx_Nucleo -I../../Drivers/CMSIS/Device/ST/STM32WLxx/Include -I../../Drivers/CMSIS/Include -Os -ffunction-sections -fdata-sections -Wall -fstack-usage -fcyclomatic-complexity -MMD -MP -MF"Drivers/STM32WLxx_HAL_Driver/stm32wlxx_hal_exti.d" -MT"Drivers/STM32WLxx_HAL_Driver/stm32wlxx_hal_exti.o" --specs=nano.specs -mfloat-abi=soft -mthumb -o "Drivers/STM32WLxx_HAL_Driver/stm32wlxx_hal_exti.o"
arm-none-eabi-gcc "/home/mark/git/veltzer/demos-hw-stm32/workspace/blink2/Drivers/STM32WLxx_HAL_Driver/Src/stm32wlxx_hal_flash.c" -mcpu=cortex-m4 -std=gnu11 -DCORE_CM4 -DUSE_HAL_DRIVER -DSTM32WL55xx -DUSE_NUCLEO_64 -c -I../Core/Inc -I../../Drivers/STM32WLxx_HAL_Driver/Inc -I../../Drivers/STM32WLxx_HAL_Driver/Inc/Legacy -I../../Drivers/BSP/STM32WLxx_Nucleo -I../../Drivers/CMSIS/Device/ST/STM32WLxx/Include -I../../Drivers/CMSIS/Include -Os -ffunction-sections -fdata-sections -Wall -fstack-usage -fcyclomatic-complexity -MMD -MP -MF"Drivers/STM32WLxx_HAL_Driver/stm32wlxx_hal_flash.d" -MT"Drivers/STM32WLxx_HAL_Driver/stm32wlxx_hal_flash.o" --specs=nano.specs -mfloat-abi=soft -mthumb -o "Drivers/STM32WLxx_HAL_Driver/stm32wlxx_hal_flash.o"
arm-none-eabi-gcc "/home/mark/git/veltzer/demos-hw-stm32/workspace/blink2/Drivers/STM32WLxx_HAL_Driver/Src/stm32wlxx_hal_flash_ex.c" -mcpu=cortex-m4 -std=gnu11 -DCORE_CM4 -DUSE_HAL_DRIVER -DSTM32WL55xx -DUSE_NUCLEO_64 -c -I../Core/Inc -I../../Drivers/STM32WLxx_HAL_Driver/Inc -I../../Drivers/STM32WLxx_HAL_Driver/Inc/Legacy -I../../Drivers/BSP/STM32WLxx_Nucleo -I../../Drivers/CMSIS/Device/ST/STM32WLxx/Include -I../../Drivers/CMSIS/Include -Os -ffunction-sections -fdata-sections -Wall -fstack-usage -fcyclomatic-complexity -MMD -MP -MF"Drivers/STM32WLxx_HAL_Driver/stm32wlxx_hal_flash_ex.d" -MT"Drivers/STM32WLxx_HAL_Driver/stm32wlxx_hal_flash_ex.o" --specs=nano.specs -mfloat-abi=soft -mthumb -o "Drivers/STM32WLxx_HAL_Driver/stm32wlxx_hal_flash_ex.o"
arm-none-eabi-gcc "/home/mark/git/veltzer/demos-hw-stm32/workspace/blink2/Drivers/STM32WLxx_HAL_Driver/Src/stm32wlxx_hal_gpio.c" -mcpu=cortex-m4 -std=gnu11 -DCORE_CM4 -DUSE_HAL_DRIVER -DSTM32WL55xx -DUSE_NUCLEO_64 -c -I../Core/Inc -I../../Drivers/STM32WLxx_HAL_Driver/Inc -I../../Drivers/STM32WLxx_HAL_Driver/Inc/Legacy -I../../Drivers/BSP/STM32WLxx_Nucleo -I../../Drivers/CMSIS/Device/ST/STM32WLxx/Include -I../../Drivers/CMSIS/Include -Os -ffunction-sections -fdata-sections -Wall -fstack-usage -fcyclomatic-complexity -MMD -MP -MF"Drivers/STM32WLxx_HAL_Driver/stm32wlxx_hal_gpio.d" -MT"Drivers/STM32WLxx_HAL_Driver/stm32wlxx_hal_gpio.o" --specs=nano.specs -mfloat-abi=soft -mthumb -o "Drivers/STM32WLxx_HAL_Driver/stm32wlxx_hal_gpio.o"
arm-none-eabi-gcc "/home/mark/git/veltzer/demos-hw-stm32/workspace/blink2/Drivers/STM32WLxx_HAL_Driver/Src/stm32wlxx_hal_pwr.c" -mcpu=cortex-m4 -std=gnu11 -DCORE_CM4 -DUSE_HAL_DRIVER -DSTM32WL55xx -DUSE_NUCLEO_64 -c -I../Core/Inc -I../../Drivers/STM32WLxx_HAL_Driver/Inc -I../../Drivers/STM32WLxx_HAL_Driver/Inc/Legacy -I../../Drivers/BSP/STM32WLxx_Nucleo -I../../Drivers/CMSIS/Device/ST/STM32WLxx/Include -I../../Drivers/CMSIS/Include -Os -ffunction-sections -fdata-sections -Wall -fstack-usage -fcyclomatic-complexity -MMD -MP -MF"Drivers/STM32WLxx_HAL_Driver/stm32wlxx_hal_pwr.d" -MT"Drivers/STM32WLxx_HAL_Driver/stm32wlxx_hal_pwr.o" --specs=nano.specs -mfloat-abi=soft -mthumb -o "Drivers/STM32WLxx_HAL_Driver/stm32wlxx_hal_pwr.o"
arm-none-eabi-gcc "/home/mark/git/veltzer/demos-hw-stm32/workspace/blink2/Drivers/STM32WLxx_HAL_Driver/Src/stm32wlxx_hal_pwr_ex.c" -mcpu=cortex-m4 -std=gnu11 -DCORE_CM4 -DUSE_HAL_DRIVER -DSTM32WL55xx -DUSE_NUCLEO_64 -c -I../Core/Inc -I../../Drivers/STM32WLxx_HAL_Driver/Inc -I../../Drivers/STM32WLxx_HAL_Driver/Inc/Legacy -I../../Drivers/BSP/STM32WLxx_Nucleo -I../../Drivers/CMSIS/Device/ST/STM32WLxx/Include -I../../Drivers/CMSIS/Include -Os -ffunction-sections -fdata-sections -Wall -fstack-usage -fcyclomatic-complexity -MMD -MP -MF"Drivers/STM32WLxx_HAL_Driver/stm32wlxx_hal_pwr_ex.d" -MT"Drivers/STM32WLxx_HAL_Driver/stm32wlxx_hal_pwr_ex.o" --specs=nano.specs -mfloat-abi=soft -mthumb -o "Drivers/STM32WLxx_HAL_Driver/stm32wlxx_hal_pwr_ex.o"
arm-none-eabi-gcc "/home/mark/git/veltzer/demos-hw-stm32/workspace/blink2/Drivers/STM32WLxx_HAL_Driver/Src/stm32wlxx_hal_rcc.c" -mcpu=cortex-m4 -std=gnu11 -DCORE_CM4 -DUSE_HAL_DRIVER -DSTM32WL55xx -DUSE_NUCLEO_64 -c -I../Core/Inc -I../../Drivers/STM32WLxx_HAL_Driver/Inc -I../../Drivers/STM32WLxx_HAL_Driver/Inc/Legacy -I../../Drivers/BSP/STM32WLxx_Nucleo -I../../Drivers/CMSIS/Device/ST/STM32WLxx/Include -I../../Drivers/CMSIS/Include -Os -ffunction-sections -fdata-sections -Wall -fstack-usage -fcyclomatic-complexity -MMD -MP -MF"Drivers/STM32WLxx_HAL_Driver/stm32wlxx_hal_rcc.d" -MT"Drivers/STM32WLxx_HAL_Driver/stm32wlxx_hal_rcc.o" --specs=nano.specs -mfloat-abi=soft -mthumb -o "Drivers/STM32WLxx_HAL_Driver/stm32wlxx_hal_rcc.o"
arm-none-eabi-gcc "/home/mark/git/veltzer/demos-hw-stm32/workspace/blink2/Drivers/STM32WLxx_HAL_Driver/Src/stm32wlxx_hal_rcc_ex.c" -mcpu=cortex-m4 -std=gnu11 -DCORE_CM4 -DUSE_HAL_DRIVER -DSTM32WL55xx -DUSE_NUCLEO_64 -c -I../Core/Inc -I../../Drivers/STM32WLxx_HAL_Driver/Inc -I../../Drivers/STM32WLxx_HAL_Driver/Inc/Legacy -I../../Drivers/BSP/STM32WLxx_Nucleo -I../../Drivers/CMSIS/Device/ST/STM32WLxx/Include -I../../Drivers/CMSIS/Include -Os -ffunction-sections -fdata-sections -Wall -fstack-usage -fcyclomatic-complexity -MMD -MP -MF"Drivers/STM32WLxx_HAL_Driver/stm32wlxx_hal_rcc_ex.d" -MT"Drivers/STM32WLxx_HAL_Driver/stm32wlxx_hal_rcc_ex.o" --specs=nano.specs -mfloat-abi=soft -mthumb -o "Drivers/STM32WLxx_HAL_Driver/stm32wlxx_hal_rcc_ex.o"
arm-none-eabi-gcc "/home/mark/git/veltzer/demos-hw-stm32/workspace/blink2/Drivers/STM32WLxx_HAL_Driver/Src/stm32wlxx_hal_uart.c" -mcpu=cortex-m4 -std=gnu11 -DCORE_CM4 -DUSE_HAL_DRIVER -DSTM32WL55xx -DUSE_NUCLEO_64 -c -I../Core/Inc -I../../Drivers/STM32WLxx_HAL_Driver/Inc -I../../Drivers/STM32WLxx_HAL_Driver/Inc/Legacy -I../../Drivers/BSP/STM32WLxx_Nucleo -I../../Drivers/CMSIS/Device/ST/STM32WLxx/Include -I../../Drivers/CMSIS/Include -Os -ffunction-sections -fdata-sections -Wall -fstack-usage -fcyclomatic-complexity -MMD -MP -MF"Drivers/STM32WLxx_HAL_Driver/stm32wlxx_hal_uart.d" -MT"Drivers/STM32WLxx_HAL_Driver/stm32wlxx_hal_uart.o" --specs=nano.specs -mfloat-abi=soft -mthumb -o "Drivers/STM32WLxx_HAL_Driver/stm32wlxx_hal_uart.o"
arm-none-eabi-gcc "/home/mark/git/veltzer/demos-hw-stm32/workspace/blink2/Drivers/STM32WLxx_HAL_Driver/Src/stm32wlxx_hal_uart_ex.c" -mcpu=cortex-m4 -std=gnu11 -DCORE_CM4 -DUSE_HAL_DRIVER -DSTM32WL55xx -DUSE_NUCLEO_64 -c -I../Core/Inc -I../../Drivers/STM32WLxx_HAL_Driver/Inc -I../../Drivers/STM32WLxx_HAL_Driver/Inc/Legacy -I../../Drivers/BSP/STM32WLxx_Nucleo -I../../Drivers/CMSIS/Device/ST/STM32WLxx/Include -I../../Drivers/CMSIS/Include -Os -ffunction-sections -fdata-sections -Wall -fstack-usage -fcyclomatic-complexity -MMD -MP -MF"Drivers/STM32WLxx_HAL_Driver/stm32wlxx_hal_uart_ex.d" -MT"Drivers/STM32WLxx_HAL_Driver/stm32wlxx_hal_uart_ex.o" --specs=nano.specs -mfloat-abi=soft -mthumb -o "Drivers/STM32WLxx_HAL_Driver/stm32wlxx_hal_uart_ex.o"
arm-none-eabi-gcc "/home/mark/git/veltzer/demos-hw-stm32/workspace/blink2/Drivers/STM32WLxx_HAL_Driver/Src/stm32wlxx_hal_usart.c" -mcpu=cortex-m4 -std=gnu11 -DCORE_CM4 -DUSE_HAL_DRIVER -DSTM32WL55xx -DUSE_NUCLEO_64 -c -I../Core/Inc -I../../Drivers/STM32WLxx_HAL_Driver/Inc -I../../Drivers/STM32WLxx_HAL_Driver/Inc/Legacy -I../../Drivers/BSP/STM32WLxx_Nucleo -I../../Drivers/CMSIS/Device/ST/STM32WLxx/Include -I../../Drivers/CMSIS/Include -Os -ffunction-sections -fdata-sections -Wall -fstack-usage -fcyclomatic-complexity -MMD -MP -MF"Drivers/STM32WLxx_HAL_Driver/stm32wlxx_hal_usart.d" -MT"Drivers/STM32WLxx_HAL_Driver/stm32wlxx_hal_usart.o" --specs=nano.specs -mfloat-abi=soft -mthumb -o "Drivers/STM32WLxx_HAL_Driver/stm32wlxx_hal_usart.o"
arm-none-eabi-gcc "/home/mark/git/veltzer/demos-hw-stm32/workspace/blink2/Drivers/STM32WLxx_HAL_Driver/Src/stm32wlxx_hal_usart_ex.c" -mcpu=cortex-m4 -std=gnu11 -DCORE_CM4 -DUSE_HAL_DRIVER -DSTM32WL55xx -DUSE_NUCLEO_64 -c -I../Core/Inc -I../../Drivers/STM32WLxx_HAL_Driver/Inc -I../../Drivers/STM32WLxx_HAL_Driver/Inc/Legacy -I../../Drivers/BSP/STM32WLxx_Nucleo -I../../Drivers/CMSIS/Device/ST/STM32WLxx/Include -I../../Drivers/CMSIS/Include -Os -ffunction-sections -fdata-sections -Wall -fstack-usage -fcyclomatic-complexity -MMD -MP -MF"Drivers/STM32WLxx_HAL_Driver/stm32wlxx_hal_usart_ex.d" -MT"Drivers/STM32WLxx_HAL_Driver/stm32wlxx_hal_usart_ex.o" --specs=nano.specs -mfloat-abi=soft -mthumb -o "Drivers/STM32WLxx_HAL_Driver/stm32wlxx_hal_usart_ex.o"
arm-none-eabi-gcc "/home/mark/git/veltzer/demos-hw-stm32/workspace/blink2/Drivers/BSP/STM32WLxx_Nucleo/stm32wlxx_nucleo.c" -mcpu=cortex-m4 -std=gnu11 -DCORE_CM4 -DUSE_HAL_DRIVER -DSTM32WL55xx -DUSE_NUCLEO_64 -c -I../Core/Inc -I../../Drivers/STM32WLxx_HAL_Driver/Inc -I../../Drivers/STM32WLxx_HAL_Driver/Inc/Legacy -I../../Drivers/BSP/STM32WLxx_Nucleo -I../../Drivers/CMSIS/Device/ST/STM32WLxx/Include -I../../Drivers/CMSIS/Include -Os -ffunction-sections -fdata-sections -Wall -fstack-usage -fcyclomatic-complexity -MMD -MP -MF"Drivers/BSP/STM32WLxx_Nucleo/stm32wlxx_nucleo.d" -MT"Drivers/BSP/STM32WLxx_Nucleo/stm32wlxx_nucleo.o" --specs=nano.specs -mfloat-abi=soft -mthumb -o "Drivers/BSP/STM32WLxx_Nucleo/stm32wlxx_nucleo.o"
arm-none-eabi-gcc -mcpu=cortex-m4 -c -x assembler-with-cpp -MMD -MP -MF"Core/Startup/startup_stm32wl55jcix.d" -MT"Core/Startup/startup_stm32wl55jcix.o" --specs=nano.specs -mfloat-abi=soft -mthumb -o "Core/Startup/startup_stm32wl55jcix.o" "../Core/Startup/startup_stm32wl55jcix.s"
arm-none-eabi-gcc "../Core/Src/main.c" -mcpu=cortex-m4 -std=gnu11 -DCORE_CM4 -DUSE_HAL_DRIVER -DSTM32WL55xx -DUSE_NUCLEO_64 -c -I../Core/Inc -I../../Drivers/STM32WLxx_HAL_Driver/Inc -I../../Drivers/STM32WLxx_HAL_Driver/Inc/Legacy -I../../Drivers/BSP/STM32WLxx_Nucleo -I../../Drivers/CMSIS/Device/ST/STM32WLxx/Include -I../../Drivers/CMSIS/Include -Os -ffunction-sections -fdata-sections -Wall -fstack-usage -fcyclomatic-complexity -MMD -MP -MF"Core/Src/main.d" -MT"Core/Src/main.o" --specs=nano.specs -mfloat-abi=soft -mthumb -o "Core/Src/main.o"
arm-none-eabi-gcc "../Core/Src/stm32wlxx_hal_msp.c" -mcpu=cortex-m4 -std=gnu11 -DCORE_CM4 -DUSE_HAL_DRIVER -DSTM32WL55xx -DUSE_NUCLEO_64 -c -I../Core/Inc -I../../Drivers/STM32WLxx_HAL_Driver/Inc -I../../Drivers/STM32WLxx_HAL_Driver/Inc/Legacy -I../../Drivers/BSP/STM32WLxx_Nucleo -I../../Drivers/CMSIS/Device/ST/STM32WLxx/Include -I../../Drivers/CMSIS/Include -Os -ffunction-sections -fdata-sections -Wall -fstack-usage -fcyclomatic-complexity -MMD -MP -MF"Core/Src/stm32wlxx_hal_msp.d" -MT"Core/Src/stm32wlxx_hal_msp.o" --specs=nano.specs -mfloat-abi=soft -mthumb -o "Core/Src/stm32wlxx_hal_msp.o"
arm-none-eabi-gcc "../Core/Src/stm32wlxx_it.c" -mcpu=cortex-m4 -std=gnu11 -DCORE_CM4 -DUSE_HAL_DRIVER -DSTM32WL55xx -DUSE_NUCLEO_64 -c -I../Core/Inc -I../../Drivers/STM32WLxx_HAL_Driver/Inc -I../../Drivers/STM32WLxx_HAL_Driver/Inc/Legacy -I../../Drivers/BSP/STM32WLxx_Nucleo -I../../Drivers/CMSIS/Device/ST/STM32WLxx/Include -I../../Drivers/CMSIS/Include -Os -ffunction-sections -fdata-sections -Wall -fstack-usage -fcyclomatic-complexity -MMD -MP -MF"Core/Src/stm32wlxx_it.d" -MT"Core/Src/stm32wlxx_it.o" --specs=nano.specs -mfloat-abi=soft -mthumb -o "Core/Src/stm32wlxx_it.o"
arm-none-eabi-gcc "../Core/Src/syscalls.c" -mcpu=cortex-m4 -std=gnu11 -DCORE_CM4 -DUSE_HAL_DRIVER -DSTM32WL55xx -DUSE_NUCLEO_64 -c -I../Core/Inc -I../../Drivers/STM32WLxx_HAL_Driver/Inc -I../../Drivers/STM32WLxx_HAL_Driver/Inc/Legacy -I../../Drivers/BSP/STM32WLxx_Nucleo -I../../Drivers/CMSIS/Device/ST/STM32WLxx/Include -I../../Drivers/CMSIS/Include -Os -ffunction-sections -fdata-sections -Wall -fstack-usage -fcyclomatic-complexity -MMD -MP -MF"Core/Src/syscalls.d" -MT"Core/Src/syscalls.o" --specs=nano.specs -mfloat-abi=soft -mthumb -o "Core/Src/syscalls.o"
arm-none-eabi-gcc "../Core/Src/sysmem.c" -mcpu=cortex-m4 -std=gnu11 -DCORE_CM4 -DUSE_HAL_DRIVER -DSTM32WL55xx -DUSE_NUCLEO_64 -c -I../Core/Inc -I../../Drivers/STM32WLxx_HAL_Driver/Inc -I../../Drivers/STM32WLxx_HAL_Driver/Inc/Legacy -I../../Drivers/BSP/STM32WLxx_Nucleo -I../../Drivers/CMSIS/Device/ST/STM32WLxx/Include -I../../Drivers/CMSIS/Include -Os -ffunction-sections -fdata-sections -Wall -fstack-usage -fcyclomatic-complexity -MMD -MP -MF"Core/Src/sysmem.d" -MT"Core/Src/sysmem.o" --specs=nano.specs -mfloat-abi=soft -mthumb -o "Core/Src/sysmem.o"
arm-none-eabi-gcc "/home/mark/git/veltzer/demos-hw-stm32/workspace/blink2/Common/System/system_stm32wlxx.c" -mcpu=cortex-m4 -std=gnu11 -DCORE_CM4 -DUSE_HAL_DRIVER -DSTM32WL55xx -DUSE_NUCLEO_64 -c -I../Core/Inc -I../../Drivers/STM32WLxx_HAL_Driver/Inc -I../../Drivers/STM32WLxx_HAL_Driver/Inc/Legacy -I../../Drivers/BSP/STM32WLxx_Nucleo -I../../Drivers/CMSIS/Device/ST/STM32WLxx/Include -I../../Drivers/CMSIS/Include -Os -ffunction-sections -fdata-sections -Wall -fstack-usage -fcyclomatic-complexity -MMD -MP -MF"Common/System/system_stm32wlxx.d" -MT"Common/System/system_stm32wlxx.o" --specs=nano.specs -mfloat-abi=soft -mthumb -o "Common/System/system_stm32wlxx.o"
arm-none-eabi-gcc -o "blink_CM4.elf" @"objects.list"   -mcpu=cortex-m4 -T"/home/mark/git/veltzer/demos-hw-stm32/workspace/blink2/CM4/STM32WL55JCIX_FLASH.ld" --specs=nosys.specs -Wl,-Map="blink_CM4.map" -Wl,--gc-sections -static --specs=nano.specs -mfloat-abi=soft -mthumb -Wl,--start-group -lc -lm -Wl,--end-group
Finished building target: blink_CM4.elf
 
arm-none-eabi-size  blink_CM4.elf 
arm-none-eabi-objdump -h -S blink_CM4.elf  > "blink_CM4.list"
   text	   data	    bss	    dec	    hex	filename
   6808	     12	   1756	   8576	   2180	blink_CM4.elf
Finished building: default.size.stdout
 
Finished building: blink_CM4.list
 
13:20:46 **** Incremental Build of configuration Release for project first_test_CM0PLUS ****
make -j8 all 
arm-none-eabi-size  first_test_CM0PLUS.elf 
   text	   data	    bss	    dec	    hex	filename
   1484	     12	   1572	   3068	    bfc	first_test_CM0PLUS.elf
Finished building: default.size.stdout
 
13:20:47 **** Incremental Build of configuration Debug for project first_test_CM4 ****
make -j8 all 
arm-none-eabi-size  first_test_CM4.elf 
   text	   data	    bss	    dec	    hex	filename
  16500	    160	   2096	  18756	   4944	first_test_CM4.elf
Finished building: default.size.stdout
 
13:21:59 **** Incremental Build of configuration Release for project blink_CM4 ****
make -j8 all 
arm-none-eabi-size  blink_CM4.elf 
   text	   data	    bss	    dec	    hex	filename
   6808	     12	   1756	   8576	   2180	blink_CM4.elf
Finished building: default.size.stdout
 
13:48:39 **** Incremental Build of configuration Debug for project blink_CM0PLUS ****
make -j8 all 
arm-none-eabi-size  blink_CM0PLUS.elf 
   text	   data	    bss	    dec	    hex	filename
   2288	     12	   1572	   3872	    f20	blink_CM0PLUS.elf
Finished building: default.size.stdout
 
13:48:39 **** Incremental Build of configuration Release for project blink_CM4 ****
make -j8 all 
arm-none-eabi-gcc "../Core/Src/main.c" -mcpu=cortex-m4 -std=gnu11 -DCORE_CM4 -DUSE_HAL_DRIVER -DSTM32WL55xx -DUSE_NUCLEO_64 -c -I../Core/Inc -I../../Drivers/STM32WLxx_HAL_Driver/Inc -I../../Drivers/STM32WLxx_HAL_Driver/Inc/Legacy -I../../Drivers/BSP/STM32WLxx_Nucleo -I../../Drivers/CMSIS/Device/ST/STM32WLxx/Include -I../../Drivers/CMSIS/Include -Os -ffunction-sections -fdata-sections -Wall -fstack-usage -fcyclomatic-complexity -MMD -MP -MF"Core/Src/main.d" -MT"Core/Src/main.o" --specs=nano.specs -mfloat-abi=soft -mthumb -o "Core/Src/main.o"
arm-none-eabi-gcc -o "blink_CM4.elf" @"objects.list"   -mcpu=cortex-m4 -T"/home/mark/git/veltzer/demos-hw-stm32/workspace/blink2/CM4/STM32WL55JCIX_FLASH.ld" --specs=nosys.specs -Wl,-Map="blink_CM4.map" -Wl,--gc-sections -static --specs=nano.specs -mfloat-abi=soft -mthumb -Wl,--start-group -lc -lm -Wl,--end-group
Finished building target: blink_CM4.elf
 
arm-none-eabi-size  blink_CM4.elf 
arm-none-eabi-objdump -h -S blink_CM4.elf  > "blink_CM4.list"
   text	   data	    bss	    dec	    hex	filename
   6808	     12	   1756	   8576	   2180	blink_CM4.elf
Finished building: default.size.stdout
 
Finished building: blink_CM4.list
 
13:48:40 **** Incremental Build of configuration Release for project first_test_CM0PLUS ****
make -j8 all 
arm-none-eabi-size  first_test_CM0PLUS.elf 
   text	   data	    bss	    dec	    hex	filename
   1484	     12	   1572	   3068	    bfc	first_test_CM0PLUS.elf
Finished building: default.size.stdout
 
13:48:40 **** Incremental Build of configuration Debug for project first_test_CM4 ****
make -j8 all 
arm-none-eabi-size  first_test_CM4.elf 
   text	   data	    bss	    dec	    hex	filename
  16500	    160	   2096	  18756	   4944	first_test_CM4.elf
Finished building: default.size.stdout
 
