/home/mark/git/veltzer/demos-hw-stm32/workspace/blink2/Drivers/STM32WLxx_HAL_Driver/Src/stm32wlxx_hal.c:240:13:HAL_MspInit	0	static
/home/mark/git/veltzer/demos-hw-stm32/workspace/blink2/Drivers/STM32WLxx_HAL_Driver/Src/stm32wlxx_hal.c:251:13:HAL_MspDeInit	0	static
/home/mark/git/veltzer/demos-hw-stm32/workspace/blink2/Drivers/STM32WLxx_HAL_Driver/Src/stm32wlxx_hal.c:208:19:HAL_DeInit	8	static
/home/mark/git/veltzer/demos-hw-stm32/workspace/blink2/Drivers/STM32WLxx_HAL_Driver/Src/stm32wlxx_hal.c:274:26:HAL_InitTick	16	static
/home/mark/git/veltzer/demos-hw-stm32/workspace/blink2/Drivers/STM32WLxx_HAL_Driver/Src/stm32wlxx_hal.c:152:19:HAL_Init	8	static
/home/mark/git/veltzer/demos-hw-stm32/workspace/blink2/Drivers/STM32WLxx_HAL_Driver/Src/stm32wlxx_hal.c:347:13:HAL_IncTick	0	static
/home/mark/git/veltzer/demos-hw-stm32/workspace/blink2/Drivers/STM32WLxx_HAL_Driver/Src/stm32wlxx_hal.c:358:17:HAL_GetTick	0	static
/home/mark/git/veltzer/demos-hw-stm32/workspace/blink2/Drivers/STM32WLxx_HAL_Driver/Src/stm32wlxx_hal.c:367:10:HAL_GetTickPrio	0	static
/home/mark/git/veltzer/demos-hw-stm32/workspace/blink2/Drivers/STM32WLxx_HAL_Driver/Src/stm32wlxx_hal.c:376:19:HAL_SetTickFreq	16	static
/home/mark/git/veltzer/demos-hw-stm32/workspace/blink2/Drivers/STM32WLxx_HAL_Driver/Src/stm32wlxx_hal.c:408:21:HAL_GetTickFreq	0	static
/home/mark/git/veltzer/demos-hw-stm32/workspace/blink2/Drivers/STM32WLxx_HAL_Driver/Src/stm32wlxx_hal.c:424:13:HAL_Delay	16	static
/home/mark/git/veltzer/demos-hw-stm32/workspace/blink2/Drivers/STM32WLxx_HAL_Driver/Src/stm32wlxx_hal.c:451:13:HAL_SuspendTick	0	static
/home/mark/git/veltzer/demos-hw-stm32/workspace/blink2/Drivers/STM32WLxx_HAL_Driver/Src/stm32wlxx_hal.c:467:13:HAL_ResumeTick	0	static
/home/mark/git/veltzer/demos-hw-stm32/workspace/blink2/Drivers/STM32WLxx_HAL_Driver/Src/stm32wlxx_hal.c:477:10:HAL_GetHalVersion	0	static
/home/mark/git/veltzer/demos-hw-stm32/workspace/blink2/Drivers/STM32WLxx_HAL_Driver/Src/stm32wlxx_hal.c:488:10:HAL_GetREVID	0	static
/home/mark/git/veltzer/demos-hw-stm32/workspace/blink2/Drivers/STM32WLxx_HAL_Driver/Src/stm32wlxx_hal.c:497:10:HAL_GetDEVID	0	static
/home/mark/git/veltzer/demos-hw-stm32/workspace/blink2/Drivers/STM32WLxx_HAL_Driver/Src/stm32wlxx_hal.c:507:10:HAL_GetUIDw0	0	static
/home/mark/git/veltzer/demos-hw-stm32/workspace/blink2/Drivers/STM32WLxx_HAL_Driver/Src/stm32wlxx_hal.c:516:10:HAL_GetUIDw1	0	static
/home/mark/git/veltzer/demos-hw-stm32/workspace/blink2/Drivers/STM32WLxx_HAL_Driver/Src/stm32wlxx_hal.c:525:10:HAL_GetUIDw2	0	static
/home/mark/git/veltzer/demos-hw-stm32/workspace/blink2/Drivers/STM32WLxx_HAL_Driver/Src/stm32wlxx_hal.c:556:6:HAL_DBGMCU_EnableDBGSleepMode	0	static
/home/mark/git/veltzer/demos-hw-stm32/workspace/blink2/Drivers/STM32WLxx_HAL_Driver/Src/stm32wlxx_hal.c:565:6:HAL_DBGMCU_DisableDBGSleepMode	0	static
/home/mark/git/veltzer/demos-hw-stm32/workspace/blink2/Drivers/STM32WLxx_HAL_Driver/Src/stm32wlxx_hal.c:576:6:HAL_DBGMCU_EnableDBGStopMode	0	static
/home/mark/git/veltzer/demos-hw-stm32/workspace/blink2/Drivers/STM32WLxx_HAL_Driver/Src/stm32wlxx_hal.c:585:6:HAL_DBGMCU_DisableDBGStopMode	0	static
/home/mark/git/veltzer/demos-hw-stm32/workspace/blink2/Drivers/STM32WLxx_HAL_Driver/Src/stm32wlxx_hal.c:596:6:HAL_DBGMCU_EnableDBGStandbyMode	0	static
/home/mark/git/veltzer/demos-hw-stm32/workspace/blink2/Drivers/STM32WLxx_HAL_Driver/Src/stm32wlxx_hal.c:605:6:HAL_DBGMCU_DisableDBGStandbyMode	0	static
/home/mark/git/veltzer/demos-hw-stm32/workspace/blink2/Drivers/STM32WLxx_HAL_Driver/Src/stm32wlxx_hal.c:638:6:HAL_SYSCFG_SRAM2Erase	0	static
/home/mark/git/veltzer/demos-hw-stm32/workspace/blink2/Drivers/STM32WLxx_HAL_Driver/Src/stm32wlxx_hal.c:658:6:HAL_SYSCFG_VREFBUF_VoltageScalingConfig	0	static
/home/mark/git/veltzer/demos-hw-stm32/workspace/blink2/Drivers/STM32WLxx_HAL_Driver/Src/stm32wlxx_hal.c:689:6:HAL_SYSCFG_VREFBUF_HighImpedanceConfig	0	static
/home/mark/git/veltzer/demos-hw-stm32/workspace/blink2/Drivers/STM32WLxx_HAL_Driver/Src/stm32wlxx_hal.c:710:6:HAL_SYSCFG_VREFBUF_TrimmingConfig	0	static
/home/mark/git/veltzer/demos-hw-stm32/workspace/blink2/Drivers/STM32WLxx_HAL_Driver/Src/stm32wlxx_hal.c:723:19:HAL_SYSCFG_EnableVREFBUF	16	static
/home/mark/git/veltzer/demos-hw-stm32/workspace/blink2/Drivers/STM32WLxx_HAL_Driver/Src/stm32wlxx_hal.c:749:6:HAL_SYSCFG_DisableVREFBUF	0	static
/home/mark/git/veltzer/demos-hw-stm32/workspace/blink2/Drivers/STM32WLxx_HAL_Driver/Src/stm32wlxx_hal.c:759:6:HAL_SYSCFG_EnableIOAnalogSwitchBooster	0	static
/home/mark/git/veltzer/demos-hw-stm32/workspace/blink2/Drivers/STM32WLxx_HAL_Driver/Src/stm32wlxx_hal.c:769:6:HAL_SYSCFG_DisableIOAnalogSwitchBooster	0	static
/home/mark/git/veltzer/demos-hw-stm32/workspace/blink2/Drivers/STM32WLxx_HAL_Driver/Src/stm32wlxx_hal.c:783:6:HAL_SYSCFG_EnableIT	0	static
/home/mark/git/veltzer/demos-hw-stm32/workspace/blink2/Drivers/STM32WLxx_HAL_Driver/Src/stm32wlxx_hal.c:809:6:HAL_SYSCFG_DisableIT	0	static
