../../Drivers/STM32WLxx_HAL_Driver/Inc/stm32wlxx_ll_bus.h:449:22:LL_AHB2_GRP1_EnableClock	24	static
../../Drivers/STM32WLxx_HAL_Driver/Inc/stm32wlxx_ll_bus.h:935:22:LL_APB1_GRP2_EnableClock	24	static
../../Drivers/STM32WLxx_HAL_Driver/Inc/stm32wlxx_ll_bus.h:1034:22:LL_APB1_GRP2_DisableClock	16	static
/home/mark/git/veltzer/demos-hw-stm32/workspace/first_test/Drivers/BSP/STM32WLxx_Nucleo/stm32wlxx_nucleo.c:137:10:BSP_GetVersion	8	static
/home/mark/git/veltzer/demos-hw-stm32/workspace/first_test/Drivers/BSP/STM32WLxx_Nucleo/stm32wlxx_nucleo.c:155:9:BSP_LED_Init	48	static
/home/mark/git/veltzer/demos-hw-stm32/workspace/first_test/Drivers/BSP/STM32WLxx_Nucleo/stm32wlxx_nucleo.c:184:9:BSP_LED_DeInit	16	static
/home/mark/git/veltzer/demos-hw-stm32/workspace/first_test/Drivers/BSP/STM32WLxx_Nucleo/stm32wlxx_nucleo.c:204:9:BSP_LED_On	16	static
/home/mark/git/veltzer/demos-hw-stm32/workspace/first_test/Drivers/BSP/STM32WLxx_Nucleo/stm32wlxx_nucleo.c:220:9:BSP_LED_Off	16	static
/home/mark/git/veltzer/demos-hw-stm32/workspace/first_test/Drivers/BSP/STM32WLxx_Nucleo/stm32wlxx_nucleo.c:236:9:BSP_LED_Toggle	16	static
/home/mark/git/veltzer/demos-hw-stm32/workspace/first_test/Drivers/BSP/STM32WLxx_Nucleo/stm32wlxx_nucleo.c:252:9:BSP_LED_GetState	16	static
/home/mark/git/veltzer/demos-hw-stm32/workspace/first_test/Drivers/BSP/STM32WLxx_Nucleo/stm32wlxx_nucleo.c:279:9:BSP_PB_Init	40	static
/home/mark/git/veltzer/demos-hw-stm32/workspace/first_test/Drivers/BSP/STM32WLxx_Nucleo/stm32wlxx_nucleo.c:327:9:BSP_PB_DeInit	16	static
/home/mark/git/veltzer/demos-hw-stm32/workspace/first_test/Drivers/BSP/STM32WLxx_Nucleo/stm32wlxx_nucleo.c:344:9:BSP_PB_GetState	16	static
/home/mark/git/veltzer/demos-hw-stm32/workspace/first_test/Drivers/BSP/STM32WLxx_Nucleo/stm32wlxx_nucleo.c:354:6:BSP_PB_IRQHandler	16	static
/home/mark/git/veltzer/demos-hw-stm32/workspace/first_test/Drivers/BSP/STM32WLxx_Nucleo/stm32wlxx_nucleo.c:368:13:BSP_PB_Callback	16	static
/home/mark/git/veltzer/demos-hw-stm32/workspace/first_test/Drivers/BSP/STM32WLxx_Nucleo/stm32wlxx_nucleo.c:393:9:BSP_COM_Init	24	static
/home/mark/git/veltzer/demos-hw-stm32/workspace/first_test/Drivers/BSP/STM32WLxx_Nucleo/stm32wlxx_nucleo.c:431:9:BSP_COM_DeInit	24	static
/home/mark/git/veltzer/demos-hw-stm32/workspace/first_test/Drivers/BSP/STM32WLxx_Nucleo/stm32wlxx_nucleo.c:464:26:MX_LPUART1_Init	16	static
/home/mark/git/veltzer/demos-hw-stm32/workspace/first_test/Drivers/BSP/STM32WLxx_Nucleo/stm32wlxx_nucleo.c:562:9:BSP_COM_SelectLogPort	16	static
/home/mark/git/veltzer/demos-hw-stm32/workspace/first_test/Drivers/BSP/STM32WLxx_Nucleo/stm32wlxx_nucleo.c:596:1:__io_putchar	16	static
/home/mark/git/veltzer/demos-hw-stm32/workspace/first_test/Drivers/BSP/STM32WLxx_Nucleo/stm32wlxx_nucleo.c:619:13:BUTTON_SW1_EXTI_Callback	8	static
/home/mark/git/veltzer/demos-hw-stm32/workspace/first_test/Drivers/BSP/STM32WLxx_Nucleo/stm32wlxx_nucleo.c:628:13:BUTTON_SW2_EXTI_Callback	8	static
/home/mark/git/veltzer/demos-hw-stm32/workspace/first_test/Drivers/BSP/STM32WLxx_Nucleo/stm32wlxx_nucleo.c:637:13:BUTTON_SW3_EXTI_Callback	8	static
/home/mark/git/veltzer/demos-hw-stm32/workspace/first_test/Drivers/BSP/STM32WLxx_Nucleo/stm32wlxx_nucleo.c:648:13:COM1_MspInit	48	static
/home/mark/git/veltzer/demos-hw-stm32/workspace/first_test/Drivers/BSP/STM32WLxx_Nucleo/stm32wlxx_nucleo.c:682:13:COM1_MspDeInit	48	static
