Archive member included to satisfy reference by file (symbol)

/opt/st/stm32cubeide_1.18.1/plugins/com.st.stm32cube.ide.mcu.externaltools.gnu-tools-for-stm32.13.3.rel1.linux64_1.0.0.202410170706/tools/bin/../lib/gcc/arm-none-eabi/13.3.1/../../../../arm-none-eabi/lib/thumb/v6-m/nofp/libc_nano.a(libc_a-exit.o)
                              /opt/st/stm32cubeide_1.18.1/plugins/com.st.stm32cube.ide.mcu.externaltools.gnu-tools-for-stm32.13.3.rel1.linux64_1.0.0.202410170706/tools/bin/../lib/gcc/arm-none-eabi/13.3.1/../../../../arm-none-eabi/lib/thumb/v6-m/nofp/crt0.o (exit)
/opt/st/stm32cubeide_1.18.1/plugins/com.st.stm32cube.ide.mcu.externaltools.gnu-tools-for-stm32.13.3.rel1.linux64_1.0.0.202410170706/tools/bin/../lib/gcc/arm-none-eabi/13.3.1/../../../../arm-none-eabi/lib/thumb/v6-m/nofp/libc_nano.a(libc_a-findfp.o)
                              /opt/st/stm32cubeide_1.18.1/plugins/com.st.stm32cube.ide.mcu.externaltools.gnu-tools-for-stm32.13.3.rel1.linux64_1.0.0.202410170706/tools/bin/../lib/gcc/arm-none-eabi/13.3.1/../../../../arm-none-eabi/lib/thumb/v6-m/nofp/libc_nano.a(libc_a-exit.o) (__stdio_exit_handler)
/opt/st/stm32cubeide_1.18.1/plugins/com.st.stm32cube.ide.mcu.externaltools.gnu-tools-for-stm32.13.3.rel1.linux64_1.0.0.202410170706/tools/bin/../lib/gcc/arm-none-eabi/13.3.1/../../../../arm-none-eabi/lib/thumb/v6-m/nofp/libc_nano.a(libc_a-fwalk.o)
                              /opt/st/stm32cubeide_1.18.1/plugins/com.st.stm32cube.ide.mcu.externaltools.gnu-tools-for-stm32.13.3.rel1.linux64_1.0.0.202410170706/tools/bin/../lib/gcc/arm-none-eabi/13.3.1/../../../../arm-none-eabi/lib/thumb/v6-m/nofp/libc_nano.a(libc_a-findfp.o) (_fwalk_sglue)
/opt/st/stm32cubeide_1.18.1/plugins/com.st.stm32cube.ide.mcu.externaltools.gnu-tools-for-stm32.13.3.rel1.linux64_1.0.0.202410170706/tools/bin/../lib/gcc/arm-none-eabi/13.3.1/../../../../arm-none-eabi/lib/thumb/v6-m/nofp/libc_nano.a(libc_a-stdio.o)
                              /opt/st/stm32cubeide_1.18.1/plugins/com.st.stm32cube.ide.mcu.externaltools.gnu-tools-for-stm32.13.3.rel1.linux64_1.0.0.202410170706/tools/bin/../lib/gcc/arm-none-eabi/13.3.1/../../../../arm-none-eabi/lib/thumb/v6-m/nofp/libc_nano.a(libc_a-findfp.o) (__sread)
/opt/st/stm32cubeide_1.18.1/plugins/com.st.stm32cube.ide.mcu.externaltools.gnu-tools-for-stm32.13.3.rel1.linux64_1.0.0.202410170706/tools/bin/../lib/gcc/arm-none-eabi/13.3.1/../../../../arm-none-eabi/lib/thumb/v6-m/nofp/libc_nano.a(libc_a-memset.o)
                              /opt/st/stm32cubeide_1.18.1/plugins/com.st.stm32cube.ide.mcu.externaltools.gnu-tools-for-stm32.13.3.rel1.linux64_1.0.0.202410170706/tools/bin/../lib/gcc/arm-none-eabi/13.3.1/../../../../arm-none-eabi/lib/thumb/v6-m/nofp/crt0.o (memset)
/opt/st/stm32cubeide_1.18.1/plugins/com.st.stm32cube.ide.mcu.externaltools.gnu-tools-for-stm32.13.3.rel1.linux64_1.0.0.202410170706/tools/bin/../lib/gcc/arm-none-eabi/13.3.1/../../../../arm-none-eabi/lib/thumb/v6-m/nofp/libc_nano.a(libc_a-closer.o)
                              /opt/st/stm32cubeide_1.18.1/plugins/com.st.stm32cube.ide.mcu.externaltools.gnu-tools-for-stm32.13.3.rel1.linux64_1.0.0.202410170706/tools/bin/../lib/gcc/arm-none-eabi/13.3.1/../../../../arm-none-eabi/lib/thumb/v6-m/nofp/libc_nano.a(libc_a-stdio.o) (_close_r)
/opt/st/stm32cubeide_1.18.1/plugins/com.st.stm32cube.ide.mcu.externaltools.gnu-tools-for-stm32.13.3.rel1.linux64_1.0.0.202410170706/tools/bin/../lib/gcc/arm-none-eabi/13.3.1/../../../../arm-none-eabi/lib/thumb/v6-m/nofp/libc_nano.a(libc_a-reent.o)
                              /opt/st/stm32cubeide_1.18.1/plugins/com.st.stm32cube.ide.mcu.externaltools.gnu-tools-for-stm32.13.3.rel1.linux64_1.0.0.202410170706/tools/bin/../lib/gcc/arm-none-eabi/13.3.1/../../../../arm-none-eabi/lib/thumb/v6-m/nofp/libc_nano.a(libc_a-closer.o) (errno)
/opt/st/stm32cubeide_1.18.1/plugins/com.st.stm32cube.ide.mcu.externaltools.gnu-tools-for-stm32.13.3.rel1.linux64_1.0.0.202410170706/tools/bin/../lib/gcc/arm-none-eabi/13.3.1/../../../../arm-none-eabi/lib/thumb/v6-m/nofp/libc_nano.a(libc_a-impure.o)
                              /opt/st/stm32cubeide_1.18.1/plugins/com.st.stm32cube.ide.mcu.externaltools.gnu-tools-for-stm32.13.3.rel1.linux64_1.0.0.202410170706/tools/bin/../lib/gcc/arm-none-eabi/13.3.1/../../../../arm-none-eabi/lib/thumb/v6-m/nofp/libc_nano.a(libc_a-reent.o) (_impure_ptr)
/opt/st/stm32cubeide_1.18.1/plugins/com.st.stm32cube.ide.mcu.externaltools.gnu-tools-for-stm32.13.3.rel1.linux64_1.0.0.202410170706/tools/bin/../lib/gcc/arm-none-eabi/13.3.1/../../../../arm-none-eabi/lib/thumb/v6-m/nofp/libc_nano.a(libc_a-lseekr.o)
                              /opt/st/stm32cubeide_1.18.1/plugins/com.st.stm32cube.ide.mcu.externaltools.gnu-tools-for-stm32.13.3.rel1.linux64_1.0.0.202410170706/tools/bin/../lib/gcc/arm-none-eabi/13.3.1/../../../../arm-none-eabi/lib/thumb/v6-m/nofp/libc_nano.a(libc_a-stdio.o) (_lseek_r)
[...]
Memory Configuration

Name             Origin             Length             Attributes
RAM              0x20008000         0x00008000         xrw
FLASH            0x08020000         0x00020000         xr
*default*        0x00000000         0xffffffff

Linker script and memory map

LOAD /opt/st/stm32cubeide_1.18.1/plugins/com.st.stm32cube.ide.mcu.externaltools.gnu-tools-for-stm32.13.3.rel1.linux64_1.0.0.202410170706/tools/bin/../lib/gcc/arm-none-eabi/13.3.1/thumb/v6-m/nofp/crti.o
LOAD /opt/st/stm32cubeide_1.18.1/plugins/com.st.stm32cube.ide.mcu.externaltools.gnu-tools-for-stm32.13.3.rel1.linux64_1.0.0.202410170706/tools/bin/../lib/gcc/arm-none-eabi/13.3.1/thumb/v6-m/nofp/crtbegin.o
LOAD /opt/st/stm32cubeide_1.18.1/plugins/com.st.stm32cube.ide.mcu.externaltools.gnu-tools-for-stm32.13.3.rel1.linux64_1.0.0.202410170706/tools/bin/../lib/gcc/arm-none-eabi/13.3.1/../../../../arm-none-eabi/lib/thumb/v6-m/nofp/crt0.o
LOAD ./Common/System/system_stm32wlxx.o
LOAD ./Core/Src/main.o
LOAD ./Core/Src/stm32wlxx_hal_msp.o
LOAD ./Core/Src/stm32wlxx_it.o
LOAD ./Core/Src/syscalls.o
LOAD ./Core/Src/sysmem.o
LOAD ./Core/Startup/startup_stm32wl55jcix.o
LOAD ./Drivers/BSP/STM32WLxx_Nucleo/stm32wlxx_nucleo.o
LOAD ./Drivers/STM32WLxx_HAL_Driver/stm32wlxx_hal.o
LOAD ./Drivers/STM32WLxx_HAL_Driver/stm32wlxx_hal_cortex.o
LOAD ./Drivers/STM32WLxx_HAL_Driver/stm32wlxx_hal_dma.o
LOAD ./Drivers/STM32WLxx_HAL_Driver/stm32wlxx_hal_dma_ex.o
LOAD ./Drivers/STM32WLxx_HAL_Driver/stm32wlxx_hal_exti.o
LOAD ./Drivers/STM32WLxx_HAL_Driver/stm32wlxx_hal_flash.o
LOAD ./Drivers/STM32WLxx_HAL_Driver/stm32wlxx_hal_flash_ex.o
LOAD ./Drivers/STM32WLxx_HAL_Driver/stm32wlxx_hal_gpio.o
LOAD ./Drivers/STM32WLxx_HAL_Driver/stm32wlxx_hal_pwr.o
LOAD ./Drivers/STM32WLxx_HAL_Driver/stm32wlxx_hal_pwr_ex.o
LOAD ./Drivers/STM32WLxx_HAL_Driver/stm32wlxx_hal_rcc.o
LOAD ./Drivers/STM32WLxx_HAL_Driver/stm32wlxx_hal_rcc_ex.o
LOAD ./Drivers/STM32WLxx_HAL_Driver/stm32wlxx_hal_uart.o
LOAD ./Drivers/STM32WLxx_HAL_Driver/stm32wlxx_hal_uart_ex.o
LOAD ./Drivers/STM32WLxx_HAL_Driver/stm32wlxx_hal_usart.o
LOAD ./Drivers/STM32WLxx_HAL_Driver/stm32wlxx_hal_usart_ex.o
START GROUP
LOAD /opt/st/stm32cubeide_1.18.1/plugins/com.st.stm32cube.ide.mcu.externaltools.gnu-tools-for-stm32.13.3.rel1.linux64_1.0.0.202410170706/tools/bin/../lib/gcc/arm-none-eabi/13.3.1/../../../../arm-none-eabi/lib/thumb/v6-m/nofp/libc_nano.a
LOAD /opt/st/stm32cubeide_1.18.1/plugins/com.st.stm32cube.ide.mcu.externaltools.gnu-tools-for-stm32.13.3.rel1.linux64_1.0.0.202410170706/tools/bin/../lib/gcc/arm-none-eabi/13.3.1/../../../../arm-none-eabi/lib/thumb/v6-m/nofp/libm.a
END GROUP
START GROUP
LOAD /opt/st/stm32cubeide_1.18.1/plugins/com.st.stm32cube.ide.mcu.externaltools.gnu-tools-for-stm32.13.3.rel1.linux64_1.0.0.202410170706/tools/bin/../lib/gcc/arm-none-eabi/13.3.1/thumb/v6-m/nofp/libgcc.a
LOAD /opt/st/stm32cubeide_1.18.1/plugins/com.st.stm32cube.ide.mcu.externaltools.gnu-tools-for-stm32.13.3.rel1.linux64_1.0.0.202410170706/tools/bin/../lib/gcc/arm-none-eabi/13.3.1/../../../../arm-none-eabi/lib/thumb/v6-m/nofp/libc_nano.a
END GROUP
START GROUP
LOAD /opt/st/stm32cubeide_1.18.1/plugins/com.st.stm32cube.ide.mcu.externaltools.gnu-tools-for-stm32.13.3.rel1.linux64_1.0.0.202410170706/tools/bin/../lib/gcc/arm-none-eabi/13.3.1/thumb/v6-m/nofp/libgcc.a
LOAD /opt/st/stm32cubeide_1.18.1/plugins/com.st.stm32cube.ide.mcu.externaltools.gnu-tools-for-stm32.13.3.rel1.linux64_1.0.0.202410170706/tools/bin/../lib/gcc/arm-none-eabi/13.3.1/../../../../arm-none-eabi/lib/thumb/v6-m/nofp/libc_nano.a
LOAD /opt/st/stm32cubeide_1.18.1/plugins/com.st.stm32cube.ide.mcu.externaltools.gnu-tools-for-stm32.13.3.rel1.linux64_1.0.0.202410170706/tools/bin/../lib/gcc/arm-none-eabi/13.3.1/../../../../arm-none-eabi/lib/thumb/v6-m/nofp/libnosys.a
END GROUP
START GROUP
LOAD /opt/st/stm32cubeide_1.18.1/plugins/com.st.stm32cube.ide.mcu.externaltools.gnu-tools-for-stm32.13.3.rel1.linux64_1.0.0.202410170706/tools/bin/../lib/gcc/arm-none-eabi/13.3.1/thumb/v6-m/nofp/libgcc.a
LOAD /opt/st/stm32cubeide_1.18.1/plugins/com.st.stm32cube.ide.mcu.externaltools.gnu-tools-for-stm32.13.3.rel1.linux64_1.0.0.202410170706/tools/bin/../lib/gcc/arm-none-eabi/13.3.1/../../../../arm-none-eabi/lib/thumb/v6-m/nofp/libc_nano.a
LOAD /opt/st/stm32cubeide_1.18.1/plugins/com.st.stm32cube.ide.mcu.externaltools.gnu-tools-for-stm32.13.3.rel1.linux64_1.0.0.202410170706/tools/bin/../lib/gcc/arm-none-eabi/13.3.1/../../../../arm-none-eabi/lib/thumb/v6-m/nofp/libnosys.a
END GROUP
LOAD /opt/st/stm32cubeide_1.18.1/plugins/com.st.stm32cube.ide.mcu.externaltools.gnu-tools-for-stm32.13.3.rel1.linux64_1.0.0.202410170706/tools/bin/../lib/gcc/arm-none-eabi/13.3.1/thumb/v6-m/nofp/crtend.o
LOAD /opt/st/stm32cubeide_1.18.1/plugins/com.st.stm32cube.ide.mcu.externaltools.gnu-tools-for-stm32.13.3.rel1.linux64_1.0.0.202410170706/tools/bin/../lib/gcc/arm-none-eabi/13.3.1/thumb/v6-m/nofp/crtn.o
                0x20010000                        _estack = (ORIGIN (RAM) + LENGTH (RAM))
                0x00000200                        _Min_Heap_Size = 0x200
                0x00000400                        _Min_Stack_Size = 0x400

.isr_vector     0x08020000       0xc0
                0x08020000                        . = ALIGN (0x4)
 *(.isr_vector)
 .isr_vector    0x08020000       0xc0 ./Core/Startup/startup_stm32wl55jcix.o
                0x08020000                g_pfnVectors
                0x080200c0                        . = ALIGN (0x4)

.text           0x080200c0      0x7a8
                0x080200c0                        . = ALIGN (0x4)
 *(.text)
 .text          0x080200c0       0x48 /opt/st/stm32cubeide_1.18.1/plugins/com.st.stm32cube.ide.mcu.externaltools.gnu-tools-for-stm32.13.3.rel1.linux64_1.0.0.202410170706/tools/bin/../lib/gcc/arm-none-eabi/13.3.1/thumb/v6-m/nofp/crtbegin.o
 .text          0x08020108      0x114 /opt/st/stm32cubeide_1.18.1/plugins/com.st.stm32cube.ide.mcu.externaltools.gnu-tools-for-stm32.13.3.rel1.linux64_1.0.0.202410170706/tools/bin/../lib/gcc/arm-none-eabi/13.3.1/thumb/v6-m/nofp/libgcc.a(_udivsi3.o)
                0x08020108                __udivsi3
                0x08020108                __aeabi_uidiv
                0x08020214                __aeabi_uidivmod
 .text          0x0802021c        0x4 /opt/st/stm32cubeide_1.18.1/plugins/com.st.stm32cube.ide.mcu.externaltools.gnu-tools-for-stm32.13.3.rel1.linux64_1.0.0.202410170706/tools/bin/../lib/gcc/arm-none-eabi/13.3.1/thumb/v6-m/nofp/libgcc.a(_dvmd_tls.o)
                0x0802021c                __aeabi_ldiv0
                0x0802021c                __aeabi_idiv0
 *(.text*)
 .text.SystemInit
                0x08020220        0xa ./Common/System/system_stm32wlxx.o
                0x08020220                SystemInit
 .text.main     0x0802022a        0xc ./Core/Src/main.o
                0x0802022a                main
 .text.HAL_MspInit
                0x08020236        0xa ./Core/Src/stm32wlxx_hal_msp.o
                0x08020236                HAL_MspInit
 .text.NMI_Handler
                0x08020240        0x8 ./Core/Src/stm32wlxx_it.o
                0x08020240                NMI_Handler
 .text.HardFault_Handler
                0x08020248        0x8 ./Core/Src/stm32wlxx_it.o
                0x08020248                HardFault_Handler
 .text.SVC_Handler
                0x08020250        0xa ./Core/Src/stm32wlxx_it.o
                0x08020250                SVC_Handler
 .text.PendSV_Handler
                0x0802025a        0xa ./Core/Src/stm32wlxx_it.o
                0x0802025a                PendSV_Handler
 .text.SysTick_Handler
                0x08020264        0xe ./Core/Src/stm32wlxx_it.o
                0x08020264                SysTick_Handler
 *fill*         0x08020272        0x2 
 .text.Reset_Handler
                0x08020274       0x50 ./Core/Startup/startup_stm32wl55jcix.o
                0x08020274                Reset_Handler
 .text.Default_Handler
                0x080202c4        0x2 ./Core/Startup/startup_stm32wl55jcix.o
                0x080202c4                I2C1_IRQHandler
                0x080202c4                LPTIM2_IRQHandler
                0x080202c4                LPTIM3_IRQHandler
                0x080202c4                AES_PKA_IRQHandler
                0x080202c4                SPI1_IRQHandler
                0x080202c4                ADC_COMP_DAC_IRQHandler
                0x080202c4                I2C2_IRQHandler
                0x080202c4                TIM17_IRQHandler
                0x080202c4                EXTI15_4_IRQHandler
                0x080202c4                RCC_FLASH_C1SEV_IRQHandler
                0x080202c4                SUBGHZSPI_IRQHandler
                0x080202c4                DMA1_Channel4_5_6_7_IRQHandler
                0x080202c4                SUBGHZ_Radio_IRQHandler
                0x080202c4                EXTI1_0_IRQHandler
                0x080202c4                TIM16_IRQHandler
                0x080202c4                Default_Handler
                0x080202c4                TIM1_IRQHandler
                0x080202c4                IPCC_C2_RX_C2_TX_IRQHandler
                0x080202c4                RTC_LSECSS_IRQHandler
                0x080202c4                I2C3_IRQHandler
                0x080202c4                PVD_PVM_IRQHandler
                0x080202c4                SPI2_IRQHandler
                0x080202c4                DMA2_DMAMUX1_OVR_IRQHandler
                0x080202c4                EXTI3_2_IRQHandler
                0x080202c4                RNG_IRQHandler
                0x080202c4                HSEM_IRQHandler
                0x080202c4                LPUART1_IRQHandler
                0x080202c4                TIM2_IRQHandler
                0x080202c4                TZIC_ILA_IRQHandler
                0x080202c4                USART2_IRQHandler
                0x080202c4                USART1_IRQHandler
                0x080202c4                DMA1_Channel1_2_3_IRQHandler
                0x080202c4                LPTIM1_IRQHandler
 *fill*         0x080202c6        0x2 
 .text.HAL_Init
                0x080202c8       0x44 ./Drivers/STM32WLxx_HAL_Driver/stm32wlxx_hal.o
                0x080202c8                HAL_Init
 .text.HAL_InitTick
                0x0802030c       0x90 ./Drivers/STM32WLxx_HAL_Driver/stm32wlxx_hal.o
                0x0802030c                HAL_InitTick
 .text.HAL_IncTick
                0x0802039c       0x24 ./Drivers/STM32WLxx_HAL_Driver/stm32wlxx_hal.o
                0x0802039c                HAL_IncTick
 .text.__NVIC_SetPriorityGrouping
                0x080203c0       0x48 ./Drivers/STM32WLxx_HAL_Driver/stm32wlxx_hal_cortex.o
 .text.__NVIC_GetPriorityGrouping
                0x08020408       0x18 ./Drivers/STM32WLxx_HAL_Driver/stm32wlxx_hal_cortex.o
 .text.__NVIC_SetPriority
                0x08020420       0x60 ./Drivers/STM32WLxx_HAL_Driver/stm32wlxx_hal_cortex.o
 .text.NVIC_EncodePriority
                0x08020480       0x62 ./Drivers/STM32WLxx_HAL_Driver/stm32wlxx_hal_cortex.o
 *fill*         0x080204e2        0x2 
 .text.SysTick_Config
                0x080204e4       0x48 ./Drivers/STM32WLxx_HAL_Driver/stm32wlxx_hal_cortex.o
 .text.HAL_NVIC_SetPriorityGrouping
                0x0802052c       0x18 ./Drivers/STM32WLxx_HAL_Driver/stm32wlxx_hal_cortex.o
                0x0802052c                HAL_NVIC_SetPriorityGrouping
 .text.HAL_NVIC_SetPriority
                0x08020544       0x3e ./Drivers/STM32WLxx_HAL_Driver/stm32wlxx_hal_cortex.o
                0x08020544                HAL_NVIC_SetPriority
 .text.HAL_SYSTICK_Config
                0x08020582       0x1a ./Drivers/STM32WLxx_HAL_Driver/stm32wlxx_hal_cortex.o
                0x08020582                HAL_SYSTICK_Config
 .text.LL_RCC_HSE_IsEnabledDiv2
                0x0802059c       0x24 ./Drivers/STM32WLxx_HAL_Driver/stm32wlxx_hal_rcc.o
 .text.LL_RCC_MSI_IsEnabledRangeSelect
                0x080205c0       0x1e ./Drivers/STM32WLxx_HAL_Driver/stm32wlxx_hal_rcc.o
 .text.LL_RCC_MSI_GetRange
                0x080205de       0x14 ./Drivers/STM32WLxx_HAL_Driver/stm32wlxx_hal_rcc.o
 .text.LL_RCC_MSI_GetRangeAfterStandby
                0x080205f2       0x18 ./Drivers/STM32WLxx_HAL_Driver/stm32wlxx_hal_rcc.o
 .text.LL_RCC_GetSysClkSource
                0x0802060a       0x14 ./Drivers/STM32WLxx_HAL_Driver/stm32wlxx_hal_rcc.o
 .text.LL_RCC_GetAHBPrescaler
                0x0802061e       0x14 ./Drivers/STM32WLxx_HAL_Driver/stm32wlxx_hal_rcc.o
 .text.LL_RCC_PLL_GetN
                0x08020632       0x16 ./Drivers/STM32WLxx_HAL_Driver/stm32wlxx_hal_rcc.o
 .text.LL_RCC_PLL_GetR
                0x08020648       0x14 ./Drivers/STM32WLxx_HAL_Driver/stm32wlxx_hal_rcc.o
 .text.LL_RCC_PLL_GetDivider
                0x0802065c       0x14 ./Drivers/STM32WLxx_HAL_Driver/stm32wlxx_hal_rcc.o
 .text.LL_RCC_PLL_GetMainSource
                0x08020670       0x14 ./Drivers/STM32WLxx_HAL_Driver/stm32wlxx_hal_rcc.o
 .text.HAL_RCC_GetSysClockFreq
                0x08020684      0x154 ./Drivers/STM32WLxx_HAL_Driver/stm32wlxx_hal_rcc.o
                0x08020684                HAL_RCC_GetSysClockFreq
 .text.HAL_RCC_GetHCLKFreq
                0x080207d8       0x30 ./Drivers/STM32WLxx_HAL_Driver/stm32wlxx_hal_rcc.o
                0x080207d8                HAL_RCC_GetHCLKFreq
 .text.__libc_init_array
                0x08020808       0x48 /opt/st/stm32cubeide_1.18.1/plugins/com.st.stm32cube.ide.mcu.externaltools.gnu-tools-for-stm32.13.3.rel1.linux64_1.0.0.202410170706/tools/bin/../lib/gcc/arm-none-eabi/13.3.1/../../../../arm-none-eabi/lib/thumb/v6-m/nofp/libc_nano.a(libc_a-init.o)
                0x08020808                __libc_init_array
 *(.glue_7)
 .glue_7        0x08020850        0x0 linker stubs
 *(.glue_7t)
 .glue_7t       0x08020850        0x0 linker stubs
 *(.eh_frame)
 .eh_frame      0x08020850        0x0 /opt/st/stm32cubeide_1.18.1/plugins/com.st.stm32cube.ide.mcu.externaltools.gnu-tools-for-stm32.13.3.rel1.linux64_1.0.0.202410170706/tools/bin/../lib/gcc/arm-none-eabi/13.3.1/thumb/v6-m/nofp/crtbegin.o
 *(.init)
 .init          0x08020850        0x4 /opt/st/stm32cubeide_1.18.1/plugins/com.st.stm32cube.ide.mcu.externaltools.gnu-tools-for-stm32.13.3.rel1.linux64_1.0.0.202410170706/tools/bin/../lib/gcc/arm-none-eabi/13.3.1/thumb/v6-m/nofp/crti.o
                0x08020850                _init
 .init          0x08020854        0x8 /opt/st/stm32cubeide_1.18.1/plugins/com.st.stm32cube.ide.mcu.externaltools.gnu-tools-for-stm32.13.3.rel1.linux64_1.0.0.202410170706/tools/bin/../lib/gcc/arm-none-eabi/13.3.1/thumb/v6-m/nofp/crtn.o
 *(.fini)
 .fini          0x0802085c        0x4 /opt/st/stm32cubeide_1.18.1/plugins/com.st.stm32cube.ide.mcu.externaltools.gnu-tools-for-stm32.13.3.rel1.linux64_1.0.0.202410170706/tools/bin/../lib/gcc/arm-none-eabi/13.3.1/thumb/v6-m/nofp/crti.o
                0x0802085c                _fini
 .fini          0x08020860        0x8 /opt/st/stm32cubeide_1.18.1/plugins/com.st.stm32cube.ide.mcu.externaltools.gnu-tools-for-stm32.13.3.rel1.linux64_1.0.0.202410170706/tools/bin/../lib/gcc/arm-none-eabi/13.3.1/thumb/v6-m/nofp/crtn.o
                0x08020868                        . = ALIGN (0x4)
                0x08020868                        _etext = .

.vfp11_veneer   0x08020868        0x0
 .vfp11_veneer  0x08020868        0x0 linker stubs

.v4_bx          0x08020868        0x0
 .v4_bx         0x08020868        0x0 linker stubs

.iplt           0x08020868        0x0
 .iplt          0x08020868        0x0 /opt/st/stm32cubeide_1.18.1/plugins/com.st.stm32cube.ide.mcu.externaltools.gnu-tools-for-stm32.13.3.rel1.linux64_1.0.0.202410170706/tools/bin/../lib/gcc/arm-none-eabi/13.3.1/thumb/v6-m/nofp/crtbegin.o

.rodata         0x08020868       0x80
                0x08020868                        . = ALIGN (0x4)
 *(.rodata)
 *(.rodata*)
 .rodata.AHBPrescTable
                0x08020868       0x40 ./Common/System/system_stm32wlxx.o
                0x08020868                AHBPrescTable
 .rodata.MSIRangeTable
                0x080208a8       0x40 ./Common/System/system_stm32wlxx.o
                0x080208a8                MSIRangeTable
                0x080208e8                        . = ALIGN (0x4)

.ARM.extab      0x080208e8        0x0
                0x080208e8                        . = ALIGN (0x4)
 *(.ARM.extab* .gnu.linkonce.armextab.*)
                0x080208e8                        . = ALIGN (0x4)

.ARM            0x080208e8        0x0
                0x080208e8                        . = ALIGN (0x4)
                0x080208e8                        __exidx_start = .
 *(.ARM.exidx*)
                0x080208e8                        __exidx_end = .
                0x080208e8                        . = ALIGN (0x4)

.preinit_array  0x080208e8        0x0
                0x080208e8                        . = ALIGN (0x4)
                0x080208e8                        PROVIDE (__preinit_array_start = .)
 *(.preinit_array*)
                0x080208e8                        PROVIDE (__preinit_array_end = .)
                0x080208e8                        . = ALIGN (0x4)

.init_array     0x080208e8        0x4
                0x080208e8                        . = ALIGN (0x4)
                0x080208e8                        PROVIDE (__init_array_start = .)
 *(SORT_BY_NAME(.init_array.*))
 *(.init_array*)
 .init_array    0x080208e8        0x4 /opt/st/stm32cubeide_1.18.1/plugins/com.st.stm32cube.ide.mcu.externaltools.gnu-tools-for-stm32.13.3.rel1.linux64_1.0.0.202410170706/tools/bin/../lib/gcc/arm-none-eabi/13.3.1/thumb/v6-m/nofp/crtbegin.o
                0x080208ec                        PROVIDE (__init_array_end = .)
                0x080208ec                        . = ALIGN (0x4)

.fini_array     0x080208ec        0x4
                0x080208ec                        . = ALIGN (0x4)
                [!provide]                        PROVIDE (__fini_array_start = .)
 *(SORT_BY_NAME(.fini_array.*))
 *(.fini_array*)
 .fini_array    0x080208ec        0x4 /opt/st/stm32cubeide_1.18.1/plugins/com.st.stm32cube.ide.mcu.externaltools.gnu-tools-for-stm32.13.3.rel1.linux64_1.0.0.202410170706/tools/bin/../lib/gcc/arm-none-eabi/13.3.1/thumb/v6-m/nofp/crtbegin.o
                [!provide]                        PROVIDE (__fini_array_end = .)
                0x080208f0                        . = ALIGN (0x4)
                0x080208f0                        _sidata = LOADADDR (.data)

.rel.dyn        0x080208f0        0x0
 .rel.iplt      0x080208f0        0x0 /opt/st/stm32cubeide_1.18.1/plugins/com.st.stm32cube.ide.mcu.externaltools.gnu-tools-for-stm32.13.3.rel1.linux64_1.0.0.202410170706/tools/bin/../lib/gcc/arm-none-eabi/13.3.1/thumb/v6-m/nofp/crtbegin.o

.data           0x20008000        0xc load address 0x080208f0
                0x20008000                        . = ALIGN (0x4)
                0x20008000                        _sdata = .
 *(.data)
 *(.data*)
 .data.SystemCoreClock
                0x20008000        0x4 ./Common/System/system_stm32wlxx.o
                0x20008000                SystemCoreClock
 .data.uwTickPrio
                0x20008004        0x4 ./Drivers/STM32WLxx_HAL_Driver/stm32wlxx_hal.o
                0x20008004                uwTickPrio
 .data.uwTickFreq
                0x20008008        0x1 ./Drivers/STM32WLxx_HAL_Driver/stm32wlxx_hal.o
                0x20008008                uwTickFreq
 *(.RamFunc)
 *(.RamFunc*)
                0x2000800c                        . = ALIGN (0x4)
 *fill*         0x20008009        0x3 
                0x2000800c                        _edata = .

.igot.plt       0x2000800c        0x0 load address 0x080208fc
 .igot.plt      0x2000800c        0x0 /opt/st/stm32cubeide_1.18.1/plugins/com.st.stm32cube.ide.mcu.externaltools.gnu-tools-for-stm32.13.3.rel1.linux64_1.0.0.202410170706/tools/bin/../lib/gcc/arm-none-eabi/13.3.1/thumb/v6-m/nofp/crtbegin.o
                0x2000800c                        . = ALIGN (0x4)

.bss            0x2000800c       0x20 load address 0x080208fc
                0x2000800c                        _sbss = .
                0x2000800c                        __bss_start__ = _sbss
 *(.bss)
 .bss           0x2000800c       0x1c /opt/st/stm32cubeide_1.18.1/plugins/com.st.stm32cube.ide.mcu.externaltools.gnu-tools-for-stm32.13.3.rel1.linux64_1.0.0.202410170706/tools/bin/../lib/gcc/arm-none-eabi/13.3.1/thumb/v6-m/nofp/crtbegin.o
 *(.bss*)
 .bss.uwTick    0x20008028        0x4 ./Drivers/STM32WLxx_HAL_Driver/stm32wlxx_hal.o
                0x20008028                uwTick
 *(COMMON)
                0x2000802c                        . = ALIGN (0x4)
                0x2000802c                        _ebss = .
                0x2000802c                        __bss_end__ = _ebss

._user_heap_stack
                0x2000802c      0x604 load address 0x080208fc
                0x20008030                        . = ALIGN (0x8)
 *fill*         0x2000802c        0x4 
                [!provide]                        PROVIDE (end = .)
                0x20008030                        PROVIDE (_end = .)
                0x20008230                        . = (. + _Min_Heap_Size)
 *fill*         0x20008030      0x200 
                0x20008630                        . = (. + _Min_Stack_Size)
 *fill*         0x20008230      0x400 
                0x20008630                        . = ALIGN (0x8)

/DISCARD/
 libc.a(*)
 libm.a(*)
 libgcc.a(*)

.ARM.attributes
                0x00000000       0x28
 *(.ARM.attributes)
 .ARM.attributes
                0x00000000       0x1e /opt/st/stm32cubeide_1.18.1/plugins/com.st.stm32cube.ide.mcu.externaltools.gnu-tools-for-stm32.13.3.rel1.linux64_1.0.0.202410170706/tools/bin/../lib/gcc/arm-none-eabi/13.3.1/thumb/v6-m/nofp/crti.o
 .ARM.attributes
                0x0000001e       0x2c /opt/st/stm32cubeide_1.18.1/plugins/com.st.stm32cube.ide.mcu.externaltools.gnu-tools-for-stm32.13.3.rel1.linux64_1.0.0.202410170706/tools/bin/../lib/gcc/arm-none-eabi/13.3.1/thumb/v6-m/nofp/crtbegin.o
 .ARM.attributes
                0x0000004a       0x2c ./Common/System/system_stm32wlxx.o
 .ARM.attributes
                0x00000076       0x2c ./Core/Src/main.o
 .ARM.attributes
                0x000000a2       0x2c ./Core/Src/stm32wlxx_hal_msp.o
 .ARM.attributes
                0x000000ce       0x2c ./Core/Src/stm32wlxx_it.o
 .ARM.attributes
                0x000000fa       0x22 ./Core/Startup/startup_stm32wl55jcix.o
 .ARM.attributes
                0x0000011c       0x2c ./Drivers/STM32WLxx_HAL_Driver/stm32wlxx_hal.o
 .ARM.attributes
                0x00000148       0x2c ./Drivers/STM32WLxx_HAL_Driver/stm32wlxx_hal_cortex.o
 .ARM.attributes
                0x00000174       0x2c ./Drivers/STM32WLxx_HAL_Driver/stm32wlxx_hal_rcc.o
 .ARM.attributes
                0x000001a0       0x2c /opt/st/stm32cubeide_1.18.1/plugins/com.st.stm32cube.ide.mcu.externaltools.gnu-tools-for-stm32.13.3.rel1.linux64_1.0.0.202410170706/tools/bin/../lib/gcc/arm-none-eabi/13.3.1/../../../../arm-none-eabi/lib/thumb/v6-m/nofp/libc_nano.a(libc_a-init.o)
 .ARM.attributes
                0x000001cc       0x1e /opt/st/stm32cubeide_1.18.1/plugins/com.st.stm32cube.ide.mcu.externaltools.gnu-tools-for-stm32.13.3.rel1.linux64_1.0.0.202410170706/tools/bin/../lib/gcc/arm-none-eabi/13.3.1/thumb/v6-m/nofp/libgcc.a(_udivsi3.o)
 .ARM.attributes
                0x000001ea       0x1e /opt/st/stm32cubeide_1.18.1/plugins/com.st.stm32cube.ide.mcu.externaltools.gnu-tools-for-stm32.13.3.rel1.linux64_1.0.0.202410170706/tools/bin/../lib/gcc/arm-none-eabi/13.3.1/thumb/v6-m/nofp/libgcc.a(_dvmd_tls.o)
 .ARM.attributes
                0x00000208       0x1e /opt/st/stm32cubeide_1.18.1/plugins/com.st.stm32cube.ide.mcu.externaltools.gnu-tools-for-stm32.13.3.rel1.linux64_1.0.0.202410170706/tools/bin/../lib/gcc/arm-none-eabi/13.3.1/thumb/v6-m/nofp/crtn.o
OUTPUT(blink_CM0PLUS.elf elf32-littlearm)
LOAD linker stubs
LOAD /opt/st/stm32cubeide_1.18.1/plugins/com.st.stm32cube.ide.mcu.externaltools.gnu-tools-for-stm32.13.3.rel1.linux64_1.0.0.202410170706/tools/bin/../lib/gcc/arm-none-eabi/13.3.1/../../../../arm-none-eabi/lib/thumb/v6-m/nofp/libc.a
LOAD /opt/st/stm32cubeide_1.18.1/plugins/com.st.stm32cube.ide.mcu.externaltools.gnu-tools-for-stm32.13.3.rel1.linux64_1.0.0.202410170706/tools/bin/../lib/gcc/arm-none-eabi/13.3.1/../../../../arm-none-eabi/lib/thumb/v6-m/nofp/libm.a
LOAD /opt/st/stm32cubeide_1.18.1/plugins/com.st.stm32cube.ide.mcu.externaltools.gnu-tools-for-stm32.13.3.rel1.linux64_1.0.0.202410170706/tools/bin/../lib/gcc/arm-none-eabi/13.3.1/thumb/v6-m/nofp/libgcc.a

.debug_info     0x00000000     0x3c3b
 .debug_info    0x00000000      0x515 ./Common/System/system_stm32wlxx.o
 .debug_info    0x00000515      0x274 ./Core/Src/main.o
 .debug_info    0x00000789       0xd5 ./Core/Src/stm32wlxx_hal_msp.o
 .debug_info    0x0000085e      0x11e ./Core/Src/stm32wlxx_it.o
 .debug_info    0x0000097c       0x30 ./Core/Startup/startup_stm32wl55jcix.o
 .debug_info    0x000009ac     0x1165 ./Drivers/STM32WLxx_HAL_Driver/stm32wlxx_hal.o
 .debug_info    0x00001b11      0xd39 ./Drivers/STM32WLxx_HAL_Driver/stm32wlxx_hal_cortex.o
 .debug_info    0x0000284a     0x13f1 ./Drivers/STM32WLxx_HAL_Driver/stm32wlxx_hal_rcc.o

.debug_abbrev   0x00000000      0xd1c
 .debug_abbrev  0x00000000      0x13e ./Common/System/system_stm32wlxx.o
 .debug_abbrev  0x0000013e      0x137 ./Core/Src/main.o
 .debug_abbrev  0x00000275       0x7e ./Core/Src/stm32wlxx_hal_msp.o
 .debug_abbrev  0x000002f3       0xac ./Core/Src/stm32wlxx_it.o
 .debug_abbrev  0x0000039f       0x24 ./Core/Startup/startup_stm32wl55jcix.o
 .debug_abbrev  0x000003c3      0x344 ./Drivers/STM32WLxx_HAL_Driver/stm32wlxx_hal.o
 .debug_abbrev  0x00000707      0x2e8 ./Drivers/STM32WLxx_HAL_Driver/stm32wlxx_hal_cortex.o
 .debug_abbrev  0x000009ef      0x32d ./Drivers/STM32WLxx_HAL_Driver/stm32wlxx_hal_rcc.o

.debug_aranges  0x00000000      0x670
 .debug_aranges
                0x00000000       0x28 ./Common/System/system_stm32wlxx.o
 .debug_aranges
                0x00000028       0x28 ./Core/Src/main.o
 .debug_aranges
                0x00000050       0x20 ./Core/Src/stm32wlxx_hal_msp.o
 .debug_aranges
                0x00000070       0x40 ./Core/Src/stm32wlxx_it.o
 .debug_aranges
                0x000000b0       0x28 ./Core/Startup/startup_stm32wl55jcix.o
 .debug_aranges
                0x000000d8      0x240 ./Drivers/STM32WLxx_HAL_Driver/stm32wlxx_hal.o
 .debug_aranges
                0x00000318      0x128 ./Drivers/STM32WLxx_HAL_Driver/stm32wlxx_hal_cortex.o
 .debug_aranges
                0x00000440      0x230 ./Drivers/STM32WLxx_HAL_Driver/stm32wlxx_hal_rcc.o

.debug_rnglists
                0x00000000      0x4b7
 .debug_rnglists
                0x00000000       0x1a ./Common/System/system_stm32wlxx.o
 .debug_rnglists
                0x0000001a       0x19 ./Core/Src/main.o
 .debug_rnglists
                0x00000033       0x13 ./Core/Src/stm32wlxx_hal_msp.o
 .debug_rnglists
                0x00000046       0x2b ./Core/Src/stm32wlxx_it.o
 .debug_rnglists
                0x00000071       0x19 ./Core/Startup/startup_stm32wl55jcix.o
 .debug_rnglists
                0x0000008a      0x1ad ./Drivers/STM32WLxx_HAL_Driver/stm32wlxx_hal.o
 .debug_rnglists
                0x00000237       0xd9 ./Drivers/STM32WLxx_HAL_Driver/stm32wlxx_hal_cortex.o
 .debug_rnglists
                0x00000310      0x1a7 ./Drivers/STM32WLxx_HAL_Driver/stm32wlxx_hal_rcc.o

.debug_macro    0x00000000    0x1b4a9
 .debug_macro   0x00000000      0x205 ./Common/System/system_stm32wlxx.o
 .debug_macro   0x00000205      0xaba ./Common/System/system_stm32wlxx.o
 .debug_macro   0x00000cbf       0x2e ./Common/System/system_stm32wlxx.o
 .debug_macro   0x00000ced       0x3a ./Common/System/system_stm32wlxx.o
 .debug_macro   0x00000d27       0x22 ./Common/System/system_stm32wlxx.o
 .debug_macro   0x00000d49       0x8e ./Common/System/system_stm32wlxx.o
 .debug_macro   0x00000dd7       0x51 ./Common/System/system_stm32wlxx.o
 .debug_macro   0x00000e28      0x103 ./Common/System/system_stm32wlxx.o
 .debug_macro   0x00000f2b       0x6a ./Common/System/system_stm32wlxx.o
 .debug_macro   0x00000f95      0x1df ./Common/System/system_stm32wlxx.o
 .debug_macro   0x00001174       0x1c ./Common/System/system_stm32wlxx.o
 .debug_macro   0x00001190       0x22 ./Common/System/system_stm32wlxx.o
 .debug_macro   0x000011b2       0xd1 ./Common/System/system_stm32wlxx.o
 .debug_macro   0x00001283     0x1011 ./Common/System/system_stm32wlxx.o
 .debug_macro   0x00002294      0x11f ./Common/System/system_stm32wlxx.o
 .debug_macro   0x000023b3     0xf31a ./Common/System/system_stm32wlxx.o
 .debug_macro   0x000116cd       0x6d ./Common/System/system_stm32wlxx.o
 .debug_macro   0x0001173a      0x11e ./Common/System/system_stm32wlxx.o
 .debug_macro   0x00011858     0x341d ./Common/System/system_stm32wlxx.o
 .debug_macro   0x00014c75      0x190 ./Common/System/system_stm32wlxx.o
 .debug_macro   0x00014e05       0x5c ./Common/System/system_stm32wlxx.o
 .debug_macro   0x00014e61      0x416 ./Common/System/system_stm32wlxx.o
 .debug_macro   0x00015277      0x29c ./Common/System/system_stm32wlxx.o
 .debug_macro   0x00015513      0x35a ./Common/System/system_stm32wlxx.o
 .debug_macro   0x0001586d      0x196 ./Common/System/system_stm32wlxx.o
 .debug_macro   0x00015a03       0x4a ./Common/System/system_stm32wlxx.o
 .debug_macro   0x00015a4d      0x236 ./Common/System/system_stm32wlxx.o
 .debug_macro   0x00015c83      0x229 ./Common/System/system_stm32wlxx.o
 .debug_macro   0x00015eac      0x3fa ./Common/System/system_stm32wlxx.o
 .debug_macro   0x000162a6       0x2e ./Common/System/system_stm32wlxx.o
 .debug_macro   0x000162d4      0x107 ./Common/System/system_stm32wlxx.o
 .debug_macro   0x000163db      0x1ba ./Common/System/system_stm32wlxx.o
 .debug_macro   0x00016595       0xe6 ./Common/System/system_stm32wlxx.o
 .debug_macro   0x0001667b      0x283 ./Common/System/system_stm32wlxx.o
 .debug_macro   0x000168fe      0x133 ./Common/System/system_stm32wlxx.o
 .debug_macro   0x00016a31      0x36f ./Common/System/system_stm32wlxx.o
 .debug_macro   0x00016da0      0x683 ./Common/System/system_stm32wlxx.o
 .debug_macro   0x00017423      0x20e ./Common/System/system_stm32wlxx.o
 .debug_macro   0x00017631      0xfb4 ./Common/System/system_stm32wlxx.o
 .debug_macro   0x000185e5      0x136 ./Common/System/system_stm32wlxx.o
 .debug_macro   0x0001871b      0x2db ./Common/System/system_stm32wlxx.o
 .debug_macro   0x000189f6      0x693 ./Common/System/system_stm32wlxx.o
 .debug_macro   0x00019089       0xa6 ./Common/System/system_stm32wlxx.o
 .debug_macro   0x0001912f      0x45a ./Common/System/system_stm32wlxx.o
 .debug_macro   0x00019589      0x3c0 ./Common/System/system_stm32wlxx.o
 .debug_macro   0x00019949      0x30d ./Core/Src/main.o
 .debug_macro   0x00019c56       0x52 ./Core/Src/main.o
 .debug_macro   0x00019ca8       0x22 ./Core/Src/main.o
 .debug_macro   0x00019cca       0x61 ./Core/Src/main.o
 .debug_macro   0x00019d2b       0x24 ./Core/Src/main.o
 .debug_macro   0x00019d4f       0x43 ./Core/Src/main.o
 .debug_macro   0x00019d92       0x34 ./Core/Src/main.o
 .debug_macro   0x00019dc6       0x16 ./Core/Src/main.o
 .debug_macro   0x00019ddc       0x3c ./Core/Src/main.o
 .debug_macro   0x00019e18      0x370 ./Core/Src/main.o
 .debug_macro   0x0001a188       0x10 ./Core/Src/main.o
 .debug_macro   0x0001a198       0x16 ./Core/Src/main.o
 .debug_macro   0x0001a1ae       0x4a ./Core/Src/main.o
 .debug_macro   0x0001a1f8       0x34 ./Core/Src/main.o
 .debug_macro   0x0001a22c       0x10 ./Core/Src/main.o
 .debug_macro   0x0001a23c       0x58 ./Core/Src/main.o
 .debug_macro   0x0001a294       0x8e ./Core/Src/main.o
 .debug_macro   0x0001a322       0x1c ./Core/Src/main.o
 .debug_macro   0x0001a33e      0x185 ./Core/Src/main.o
 .debug_macro   0x0001a4c3       0x16 ./Core/Src/main.o
 .debug_macro   0x0001a4d9       0x16 ./Core/Src/main.o
 .debug_macro   0x0001a4ef      0x146 ./Core/Src/main.o
 .debug_macro   0x0001a635      0x1a1 ./Core/Src/main.o
 .debug_macro   0x0001a7d6       0x1c ./Core/Src/main.o
 .debug_macro   0x0001a7f2      0x30d ./Core/Src/stm32wlxx_hal_msp.o
 .debug_macro   0x0001aaff      0x317 ./Core/Src/stm32wlxx_it.o
 .debug_macro   0x0001ae16      0x229 ./Drivers/STM32WLxx_HAL_Driver/stm32wlxx_hal.o
 .debug_macro   0x0001b03f      0x205 ./Drivers/STM32WLxx_HAL_Driver/stm32wlxx_hal_cortex.o
 .debug_macro   0x0001b244      0x265 ./Drivers/STM32WLxx_HAL_Driver/stm32wlxx_hal_rcc.o

.debug_line     0x00000000     0x576e
 .debug_line    0x00000000      0x7d0 ./Common/System/system_stm32wlxx.o
 .debug_line    0x000007d0      0x8ce ./Core/Src/main.o
 .debug_line    0x0000109e      0x8ae ./Core/Src/stm32wlxx_hal_msp.o
 .debug_line    0x0000194c      0x90f ./Core/Src/stm32wlxx_it.o
 .debug_line    0x0000225b       0x7b ./Core/Startup/startup_stm32wl55jcix.o
 .debug_line    0x000022d6      0xeec ./Drivers/STM32WLxx_HAL_Driver/stm32wlxx_hal.o
 .debug_line    0x000031c2      0xcd3 ./Drivers/STM32WLxx_HAL_Driver/stm32wlxx_hal_cortex.o
 .debug_line    0x00003e95     0x18d9 ./Drivers/STM32WLxx_HAL_Driver/stm32wlxx_hal_rcc.o

.debug_str      0x00000000    0xae28a
 .debug_str     0x00000000    0xae28a ./Common/System/system_stm32wlxx.o
                              0xa8216 (size before relaxing)
 .debug_str     0x000ae28a    0xac5e6 ./Core/Src/main.o
 .debug_str     0x000ae28a    0xac41f ./Core/Src/stm32wlxx_hal_msp.o
 .debug_str     0x000ae28a    0xac475 ./Core/Src/stm32wlxx_it.o
 .debug_str     0x000ae28a       0x89 ./Core/Startup/startup_stm32wl55jcix.o
 .debug_str     0x000ae28a    0xa8ff9 ./Drivers/STM32WLxx_HAL_Driver/stm32wlxx_hal.o
 .debug_str     0x000ae28a    0xa892f ./Drivers/STM32WLxx_HAL_Driver/stm32wlxx_hal_cortex.o
 .debug_str     0x000ae28a    0xa8fdd ./Drivers/STM32WLxx_HAL_Driver/stm32wlxx_hal_rcc.o

.comment        0x00000000       0x43
 .comment       0x00000000       0x43 ./Common/System/system_stm32wlxx.o
                                 0x44 (size before relaxing)
 .comment       0x00000043       0x44 ./Core/Src/main.o
 .comment       0x00000043       0x44 ./Core/Src/stm32wlxx_hal_msp.o
 .comment       0x00000043       0x44 ./Core/Src/stm32wlxx_it.o
 .comment       0x00000043       0x44 ./Drivers/STM32WLxx_HAL_Driver/stm32wlxx_hal.o
 .comment       0x00000043       0x44 ./Drivers/STM32WLxx_HAL_Driver/stm32wlxx_hal_cortex.o
 .comment       0x00000043       0x44 ./Drivers/STM32WLxx_HAL_Driver/stm32wlxx_hal_rcc.o

.debug_frame    0x00000000     0x15c0
 .debug_frame   0x00000000       0x4c ./Common/System/system_stm32wlxx.o
 .debug_frame   0x0000004c       0x48 ./Core/Src/main.o
 .debug_frame   0x00000094       0x2c ./Core/Src/stm32wlxx_hal_msp.o
 .debug_frame   0x000000c0       0x9c ./Core/Src/stm32wlxx_it.o
 .debug_frame   0x0000015c      0x818 ./Drivers/STM32WLxx_HAL_Driver/stm32wlxx_hal.o
 .debug_frame   0x00000974      0x434 ./Drivers/STM32WLxx_HAL_Driver/stm32wlxx_hal_cortex.o
 .debug_frame   0x00000da8      0x7cc ./Drivers/STM32WLxx_HAL_Driver/stm32wlxx_hal_rcc.o
 .debug_frame   0x00001574       0x2c /opt/st/stm32cubeide_1.18.1/plugins/com.st.stm32cube.ide.mcu.externaltools.gnu-tools-for-stm32.13.3.rel1.linux64_1.0.0.202410170706/tools/bin/../lib/gcc/arm-none-eabi/13.3.1/../../../../arm-none-eabi/lib/thumb/v6-m/nofp/libc_nano.a(libc_a-init.o)
 .debug_frame   0x000015a0       0x20 /opt/st/stm32cubeide_1.18.1/plugins/com.st.stm32cube.ide.mcu.externaltools.gnu-tools-for-stm32.13.3.rel1.linux64_1.0.0.202410170706/tools/bin/../lib/gcc/arm-none-eabi/13.3.1/thumb/v6-m/nofp/libgcc.a(_udivsi3.o)

.debug_line_str
                0x00000000       0x6d
 .debug_line_str
                0x00000000       0x6d ./Core/Startup/startup_stm32wl55jcix.o
