Archive member included to satisfy reference by file (symbol)

/opt/st/stm32cubeide_1.18.1/plugins/com.st.stm32cube.ide.mcu.externaltools.gnu-tools-for-stm32.13.3.rel1.linux64_1.0.0.202410170706/tools/bin/../lib/gcc/arm-none-eabi/13.3.1/../../../../arm-none-eabi/lib/thumb/v7e-m/nofp/libc_nano.a(libc_a-exit.o)
                              /opt/st/stm32cubeide_1.18.1/plugins/com.st.stm32cube.ide.mcu.externaltools.gnu-tools-for-stm32.13.3.rel1.linux64_1.0.0.202410170706/tools/bin/../lib/gcc/arm-none-eabi/13.3.1/../../../../arm-none-eabi/lib/thumb/v7e-m/nofp/crt0.o (exit)
/opt/st/stm32cubeide_1.18.1/plugins/com.st.stm32cube.ide.mcu.externaltools.gnu-tools-for-stm32.13.3.rel1.linux64_1.0.0.202410170706/tools/bin/../lib/gcc/arm-none-eabi/13.3.1/../../../../arm-none-eabi/lib/thumb/v7e-m/nofp/libc_nano.a(libc_a-findfp.o)
                              /opt/st/stm32cubeide_1.18.1/plugins/com.st.stm32cube.ide.mcu.externaltools.gnu-tools-for-stm32.13.3.rel1.linux64_1.0.0.202410170706/tools/bin/../lib/gcc/arm-none-eabi/13.3.1/../../../../arm-none-eabi/lib/thumb/v7e-m/nofp/libc_nano.a(libc_a-exit.o) (__stdio_exit_handler)
/opt/st/stm32cubeide_1.18.1/plugins/com.st.stm32cube.ide.mcu.externaltools.gnu-tools-for-stm32.13.3.rel1.linux64_1.0.0.202410170706/tools/bin/../lib/gcc/arm-none-eabi/13.3.1/../../../../arm-none-eabi/lib/thumb/v7e-m/nofp/libc_nano.a(libc_a-fwalk.o)
                              /opt/st/stm32cubeide_1.18.1/plugins/com.st.stm32cube.ide.mcu.externaltools.gnu-tools-for-stm32.13.3.rel1.linux64_1.0.0.202410170706/tools/bin/../lib/gcc/arm-none-eabi/13.3.1/../../../../arm-none-eabi/lib/thumb/v7e-m/nofp/libc_nano.a(libc_a-findfp.o) (_fwalk_sglue)
/opt/st/stm32cubeide_1.18.1/plugins/com.st.stm32cube.ide.mcu.externaltools.gnu-tools-for-stm32.13.3.rel1.linux64_1.0.0.202410170706/tools/bin/../lib/gcc/arm-none-eabi/13.3.1/../../../../arm-none-eabi/lib/thumb/v7e-m/nofp/libc_nano.a(libc_a-stdio.o)
                              /opt/st/stm32cubeide_1.18.1/plugins/com.st.stm32cube.ide.mcu.externaltools.gnu-tools-for-stm32.13.3.rel1.linux64_1.0.0.202410170706/tools/bin/../lib/gcc/arm-none-eabi/13.3.1/../../../../arm-none-eabi/lib/thumb/v7e-m/nofp/libc_nano.a(libc_a-findfp.o) (__sread)
/opt/st/stm32cubeide_1.18.1/plugins/com.st.stm32cube.ide.mcu.externaltools.gnu-tools-for-stm32.13.3.rel1.linux64_1.0.0.202410170706/tools/bin/../lib/gcc/arm-none-eabi/13.3.1/../../../../arm-none-eabi/lib/thumb/v7e-m/nofp/libc_nano.a(libc_a-memset.o)
                              /opt/st/stm32cubeide_1.18.1/plugins/com.st.stm32cube.ide.mcu.externaltools.gnu-tools-for-stm32.13.3.rel1.linux64_1.0.0.202410170706/tools/bin/../lib/gcc/arm-none-eabi/13.3.1/../../../../arm-none-eabi/lib/thumb/v7e-m/nofp/crt0.o (memset)
/opt/st/stm32cubeide_1.18.1/plugins/com.st.stm32cube.ide.mcu.externaltools.gnu-tools-for-stm32.13.3.rel1.linux64_1.0.0.202410170706/tools/bin/../lib/gcc/arm-none-eabi/13.3.1/../../../../arm-none-eabi/lib/thumb/v7e-m/nofp/libc_nano.a(libc_a-closer.o)
                              /opt/st/stm32cubeide_1.18.1/plugins/com.st.stm32cube.ide.mcu.externaltools.gnu-tools-for-stm32.13.3.rel1.linux64_1.0.0.202410170706/tools/bin/../lib/gcc/arm-none-eabi/13.3.1/../../../../arm-none-eabi/lib/thumb/v7e-m/nofp/libc_nano.a(libc_a-stdio.o) (_close_r)
/opt/st/stm32cubeide_1.18.1/plugins/com.st.stm32cube.ide.mcu.externaltools.gnu-tools-for-stm32.13.3.rel1.linux64_1.0.0.202410170706/tools/bin/../lib/gcc/arm-none-eabi/13.3.1/../../../../arm-none-eabi/lib/thumb/v7e-m/nofp/libc_nano.a(libc_a-reent.o)
                              /opt/st/stm32cubeide_1.18.1/plugins/com.st.stm32cube.ide.mcu.externaltools.gnu-tools-for-stm32.13.3.rel1.linux64_1.0.0.202410170706/tools/bin/../lib/gcc/arm-none-eabi/13.3.1/../../../../arm-none-eabi/lib/thumb/v7e-m/nofp/libc_nano.a(libc_a-closer.o) (errno)
/opt/st/stm32cubeide_1.18.1/plugins/com.st.stm32cube.ide.mcu.externaltools.gnu-tools-for-stm32.13.3.rel1.linux64_1.0.0.202410170706/tools/bin/../lib/gcc/arm-none-eabi/13.3.1/../../../../arm-none-eabi/lib/thumb/v7e-m/nofp/libc_nano.a(libc_a-impure.o)
                              /opt/st/stm32cubeide_1.18.1/plugins/com.st.stm32cube.ide.mcu.externaltools.gnu-tools-for-stm32.13.3.rel1.linux64_1.0.0.202410170706/tools/bin/../lib/gcc/arm-none-eabi/13.3.1/../../../../arm-none-eabi/lib/thumb/v7e-m/nofp/libc_nano.a(libc_a-reent.o) (_impure_ptr)
/opt/st/stm32cubeide_1.18.1/plugins/com.st.stm32cube.ide.mcu.externaltools.gnu-tools-for-stm32.13.3.rel1.linux64_1.0.0.202410170706/tools/bin/../lib/gcc/arm-none-eabi/13.3.1/../../../../arm-none-eabi/lib/thumb/v7e-m/nofp/libc_nano.a(libc_a-lseekr.o)
                              /opt/st/stm32cubeide_1.18.1/plugins/com.st.stm32cube.ide.mcu.externaltools.gnu-tools-for-stm32.13.3.rel1.linux64_1.0.0.202410170706/tools/bin/../lib/gcc/arm-none-eabi/13.3.1/../../../../arm-none-eabi/lib/thumb/v7e-m/nofp/libc_nano.a(libc_a-stdio.o) (_lseek_r)
[...]
Memory Configuration

Name             Origin             Length             Attributes
RAM              0x20000000         0x00008000         xrw
FLASH            0x08000000         0x00020000         xr
*default*        0x00000000         0xffffffff

Linker script and memory map

LOAD /opt/st/stm32cubeide_1.18.1/plugins/com.st.stm32cube.ide.mcu.externaltools.gnu-tools-for-stm32.13.3.rel1.linux64_1.0.0.202410170706/tools/bin/../lib/gcc/arm-none-eabi/13.3.1/thumb/v7e-m/nofp/crti.o
LOAD /opt/st/stm32cubeide_1.18.1/plugins/com.st.stm32cube.ide.mcu.externaltools.gnu-tools-for-stm32.13.3.rel1.linux64_1.0.0.202410170706/tools/bin/../lib/gcc/arm-none-eabi/13.3.1/thumb/v7e-m/nofp/crtbegin.o
LOAD /opt/st/stm32cubeide_1.18.1/plugins/com.st.stm32cube.ide.mcu.externaltools.gnu-tools-for-stm32.13.3.rel1.linux64_1.0.0.202410170706/tools/bin/../lib/gcc/arm-none-eabi/13.3.1/../../../../arm-none-eabi/lib/thumb/v7e-m/nofp/crt0.o
LOAD ./Common/System/system_stm32wlxx.o
LOAD ./Core/Src/main.o
LOAD ./Core/Src/stm32wlxx_hal_msp.o
LOAD ./Core/Src/stm32wlxx_it.o
LOAD ./Core/Src/syscalls.o
LOAD ./Core/Src/sysmem.o
LOAD ./Core/Startup/startup_stm32wl55jcix.o
LOAD ./Drivers/BSP/STM32WLxx_Nucleo/stm32wlxx_nucleo.o
LOAD ./Drivers/STM32WLxx_HAL_Driver/stm32wlxx_hal.o
LOAD ./Drivers/STM32WLxx_HAL_Driver/stm32wlxx_hal_cortex.o
LOAD ./Drivers/STM32WLxx_HAL_Driver/stm32wlxx_hal_dma.o
LOAD ./Drivers/STM32WLxx_HAL_Driver/stm32wlxx_hal_dma_ex.o
LOAD ./Drivers/STM32WLxx_HAL_Driver/stm32wlxx_hal_exti.o
LOAD ./Drivers/STM32WLxx_HAL_Driver/stm32wlxx_hal_flash.o
LOAD ./Drivers/STM32WLxx_HAL_Driver/stm32wlxx_hal_flash_ex.o
LOAD ./Drivers/STM32WLxx_HAL_Driver/stm32wlxx_hal_gpio.o
LOAD ./Drivers/STM32WLxx_HAL_Driver/stm32wlxx_hal_pwr.o
LOAD ./Drivers/STM32WLxx_HAL_Driver/stm32wlxx_hal_pwr_ex.o
LOAD ./Drivers/STM32WLxx_HAL_Driver/stm32wlxx_hal_rcc.o
LOAD ./Drivers/STM32WLxx_HAL_Driver/stm32wlxx_hal_rcc_ex.o
LOAD ./Drivers/STM32WLxx_HAL_Driver/stm32wlxx_hal_uart.o
LOAD ./Drivers/STM32WLxx_HAL_Driver/stm32wlxx_hal_uart_ex.o
LOAD ./Drivers/STM32WLxx_HAL_Driver/stm32wlxx_hal_usart.o
LOAD ./Drivers/STM32WLxx_HAL_Driver/stm32wlxx_hal_usart_ex.o
START GROUP
LOAD /opt/st/stm32cubeide_1.18.1/plugins/com.st.stm32cube.ide.mcu.externaltools.gnu-tools-for-stm32.13.3.rel1.linux64_1.0.0.202410170706/tools/bin/../lib/gcc/arm-none-eabi/13.3.1/../../../../arm-none-eabi/lib/thumb/v7e-m/nofp/libc_nano.a
LOAD /opt/st/stm32cubeide_1.18.1/plugins/com.st.stm32cube.ide.mcu.externaltools.gnu-tools-for-stm32.13.3.rel1.linux64_1.0.0.202410170706/tools/bin/../lib/gcc/arm-none-eabi/13.3.1/../../../../arm-none-eabi/lib/thumb/v7e-m/nofp/libm.a
END GROUP
START GROUP
LOAD /opt/st/stm32cubeide_1.18.1/plugins/com.st.stm32cube.ide.mcu.externaltools.gnu-tools-for-stm32.13.3.rel1.linux64_1.0.0.202410170706/tools/bin/../lib/gcc/arm-none-eabi/13.3.1/thumb/v7e-m/nofp/libgcc.a
LOAD /opt/st/stm32cubeide_1.18.1/plugins/com.st.stm32cube.ide.mcu.externaltools.gnu-tools-for-stm32.13.3.rel1.linux64_1.0.0.202410170706/tools/bin/../lib/gcc/arm-none-eabi/13.3.1/../../../../arm-none-eabi/lib/thumb/v7e-m/nofp/libc_nano.a
END GROUP
START GROUP
LOAD /opt/st/stm32cubeide_1.18.1/plugins/com.st.stm32cube.ide.mcu.externaltools.gnu-tools-for-stm32.13.3.rel1.linux64_1.0.0.202410170706/tools/bin/../lib/gcc/arm-none-eabi/13.3.1/thumb/v7e-m/nofp/libgcc.a
LOAD /opt/st/stm32cubeide_1.18.1/plugins/com.st.stm32cube.ide.mcu.externaltools.gnu-tools-for-stm32.13.3.rel1.linux64_1.0.0.202410170706/tools/bin/../lib/gcc/arm-none-eabi/13.3.1/../../../../arm-none-eabi/lib/thumb/v7e-m/nofp/libc_nano.a
LOAD /opt/st/stm32cubeide_1.18.1/plugins/com.st.stm32cube.ide.mcu.externaltools.gnu-tools-for-stm32.13.3.rel1.linux64_1.0.0.202410170706/tools/bin/../lib/gcc/arm-none-eabi/13.3.1/../../../../arm-none-eabi/lib/thumb/v7e-m/nofp/libnosys.a
END GROUP
START GROUP
LOAD /opt/st/stm32cubeide_1.18.1/plugins/com.st.stm32cube.ide.mcu.externaltools.gnu-tools-for-stm32.13.3.rel1.linux64_1.0.0.202410170706/tools/bin/../lib/gcc/arm-none-eabi/13.3.1/thumb/v7e-m/nofp/libgcc.a
LOAD /opt/st/stm32cubeide_1.18.1/plugins/com.st.stm32cube.ide.mcu.externaltools.gnu-tools-for-stm32.13.3.rel1.linux64_1.0.0.202410170706/tools/bin/../lib/gcc/arm-none-eabi/13.3.1/../../../../arm-none-eabi/lib/thumb/v7e-m/nofp/libc_nano.a
LOAD /opt/st/stm32cubeide_1.18.1/plugins/com.st.stm32cube.ide.mcu.externaltools.gnu-tools-for-stm32.13.3.rel1.linux64_1.0.0.202410170706/tools/bin/../lib/gcc/arm-none-eabi/13.3.1/../../../../arm-none-eabi/lib/thumb/v7e-m/nofp/libnosys.a
END GROUP
LOAD /opt/st/stm32cubeide_1.18.1/plugins/com.st.stm32cube.ide.mcu.externaltools.gnu-tools-for-stm32.13.3.rel1.linux64_1.0.0.202410170706/tools/bin/../lib/gcc/arm-none-eabi/13.3.1/thumb/v7e-m/nofp/crtend.o
LOAD /opt/st/stm32cubeide_1.18.1/plugins/com.st.stm32cube.ide.mcu.externaltools.gnu-tools-for-stm32.13.3.rel1.linux64_1.0.0.202410170706/tools/bin/../lib/gcc/arm-none-eabi/13.3.1/thumb/v7e-m/nofp/crtn.o
                0x20008000                        _estack = (ORIGIN (RAM) + LENGTH (RAM))
                0x00000200                        _Min_Heap_Size = 0x200
                0x00000400                        _Min_Stack_Size = 0x400

.isr_vector     0x08000000      0x138
                0x08000000                        . = ALIGN (0x4)
 *(.isr_vector)
 .isr_vector    0x08000000      0x138 ./Core/Startup/startup_stm32wl55jcix.o
                0x08000000                g_pfnVectors
                0x08000138                        . = ALIGN (0x4)

.text           0x08000138     0x2b64
                0x08000138                        . = ALIGN (0x4)
 *(.text)
 .text          0x08000138       0x40 /opt/st/stm32cubeide_1.18.1/plugins/com.st.stm32cube.ide.mcu.externaltools.gnu-tools-for-stm32.13.3.rel1.linux64_1.0.0.202410170706/tools/bin/../lib/gcc/arm-none-eabi/13.3.1/thumb/v7e-m/nofp/crtbegin.o
 .text          0x08000178       0x30 /opt/st/stm32cubeide_1.18.1/plugins/com.st.stm32cube.ide.mcu.externaltools.gnu-tools-for-stm32.13.3.rel1.linux64_1.0.0.202410170706/tools/bin/../lib/gcc/arm-none-eabi/13.3.1/thumb/v7e-m/nofp/libgcc.a(_aeabi_uldivmod.o)
                0x08000178                __aeabi_uldivmod
 .text          0x080001a8      0x2f8 /opt/st/stm32cubeide_1.18.1/plugins/com.st.stm32cube.ide.mcu.externaltools.gnu-tools-for-stm32.13.3.rel1.linux64_1.0.0.202410170706/tools/bin/../lib/gcc/arm-none-eabi/13.3.1/thumb/v7e-m/nofp/libgcc.a(_udivmoddi4.o)
                0x080001a8                __udivmoddi4
 .text          0x080004a0        0x4 /opt/st/stm32cubeide_1.18.1/plugins/com.st.stm32cube.ide.mcu.externaltools.gnu-tools-for-stm32.13.3.rel1.linux64_1.0.0.202410170706/tools/bin/../lib/gcc/arm-none-eabi/13.3.1/thumb/v7e-m/nofp/libgcc.a(_dvmd_tls.o)
                0x080004a0                __aeabi_ldiv0
                0x080004a0                __aeabi_idiv0
 *(.text*)
 .text.SystemInit
                0x080004a4        0xc ./Common/System/system_stm32wlxx.o
                0x080004a4                SystemInit
 .text.LL_AHB2_GRP1_EnableClock
                0x080004b0       0x30 ./Core/Src/main.o
 .text.main     0x080004e0       0x7c ./Core/Src/main.o
                0x080004e0                main
 .text.SystemClock_Config
                0x0800055c       0xa8 ./Core/Src/main.o
                0x0800055c                SystemClock_Config
 .text.MX_GPIO_Init
                0x08000604        0xe ./Core/Src/main.o
 .text.Error_Handler
                0x08000612        0xc ./Core/Src/main.o
                0x08000612                Error_Handler
 .text.HAL_MspInit
                0x0800061e        0xc ./Core/Src/stm32wlxx_hal_msp.o
                0x0800061e                HAL_MspInit
 .text.NMI_Handler
                0x0800062a        0x8 ./Core/Src/stm32wlxx_it.o
                0x0800062a                NMI_Handler
 .text.HardFault_Handler
                0x08000632        0x8 ./Core/Src/stm32wlxx_it.o
                0x08000632                HardFault_Handler
 .text.MemManage_Handler
                0x0800063a        0x8 ./Core/Src/stm32wlxx_it.o
                0x0800063a                MemManage_Handler
 .text.BusFault_Handler
                0x08000642        0x8 ./Core/Src/stm32wlxx_it.o
                0x08000642                BusFault_Handler
 .text.UsageFault_Handler
                0x0800064a        0x8 ./Core/Src/stm32wlxx_it.o
                0x0800064a                UsageFault_Handler
 .text.SVC_Handler
                0x08000652        0xc ./Core/Src/stm32wlxx_it.o
                0x08000652                SVC_Handler
 .text.DebugMon_Handler
                0x0800065e        0xc ./Core/Src/stm32wlxx_it.o
                0x0800065e                DebugMon_Handler
 .text.PendSV_Handler
                0x0800066a        0xc ./Core/Src/stm32wlxx_it.o
                0x0800066a                PendSV_Handler
 .text.SysTick_Handler
                0x08000676        0xc ./Core/Src/stm32wlxx_it.o
                0x08000676                SysTick_Handler
 *fill*         0x08000682        0x2 
 .text.Reset_Handler
                0x08000684       0x50 ./Core/Startup/startup_stm32wl55jcix.o
                0x08000684                Reset_Handler
 .text.Default_Handler
                0x080006d4        0x2 ./Core/Startup/startup_stm32wl55jcix.o
                0x080006d4                RTC_Alarm_IRQHandler
                0x080006d4                EXTI2_IRQHandler
                0x080006d4                TIM1_CC_IRQHandler
                0x080006d4                EXTI3_IRQHandler
                0x080006d4                LPTIM2_IRQHandler
                0x080006d4                I2C3_ER_IRQHandler
                0x080006d4                LPTIM3_IRQHandler
                0x080006d4                EXTI0_IRQHandler
                0x080006d4                I2C2_EV_IRQHandler
                0x080006d4                TAMP_STAMP_LSECSS_SSRU_IRQHandler
                0x080006d4                SPI1_IRQHandler
                0x080006d4                DMA2_Channel2_IRQHandler
                0x080006d4                DMA1_Channel4_IRQHandler
                0x080006d4                PKA_IRQHandler
                0x080006d4                TIM17_IRQHandler
                0x080006d4                DMA1_Channel7_IRQHandler
                0x080006d4                SUBGHZSPI_IRQHandler
                0x080006d4                IPCC_C1_TX_IRQHandler
                0x080006d4                DMA2_Channel1_IRQHandler
                0x080006d4                I2C1_EV_IRQHandler
                0x080006d4                SUBGHZ_Radio_IRQHandler
                0x080006d4                DMAMUX1_OVR_IRQHandler
                0x080006d4                DMA1_Channel6_IRQHandler
                0x080006d4                TIM16_IRQHandler
                0x080006d4                DMA2_Channel4_IRQHandler
                0x080006d4                RCC_IRQHandler
                0x080006d4                TIM1_TRG_COM_IRQHandler
                0x080006d4                DMA1_Channel1_IRQHandler
                0x080006d4                Default_Handler
                0x080006d4                DMA2_Channel7_IRQHandler
                0x080006d4                EXTI15_10_IRQHandler
                0x080006d4                IPCC_C1_RX_IRQHandler
                0x080006d4                ADC_IRQHandler
                0x080006d4                C2SEV_PWR_C2H_IRQHandler
                0x080006d4                I2C3_EV_IRQHandler
                0x080006d4                EXTI9_5_IRQHandler
                0x080006d4                RTC_WKUP_IRQHandler
                0x080006d4                PVD_PVM_IRQHandler
                0x080006d4                SPI2_IRQHandler
                0x080006d4                DMA2_Channel5_IRQHandler
                0x080006d4                DMA1_Channel5_IRQHandler
                0x080006d4                EXTI4_IRQHandler
                0x080006d4                RNG_IRQHandler
                0x080006d4                DMA1_Channel3_IRQHandler
                0x080006d4                COMP_IRQHandler
                0x080006d4                HSEM_IRQHandler
                0x080006d4                TIM1_UP_IRQHandler
                0x080006d4                WWDG_IRQHandler
                0x080006d4                LPUART1_IRQHandler
                0x080006d4                DMA2_Channel6_IRQHandler
                0x080006d4                TIM2_IRQHandler
                0x080006d4                TIM1_BRK_IRQHandler
                0x080006d4                DAC_IRQHandler
                0x080006d4                EXTI1_IRQHandler
                0x080006d4                AES_IRQHandler
                0x080006d4                USART2_IRQHandler
                0x080006d4                I2C2_ER_IRQHandler
                0x080006d4                DMA1_Channel2_IRQHandler
                0x080006d4                FLASH_IRQHandler
                0x080006d4                USART1_IRQHandler
                0x080006d4                I2C1_ER_IRQHandler
                0x080006d4                LPTIM1_IRQHandler
                0x080006d4                DMA2_Channel3_IRQHandler
 .text.LL_AHB2_GRP1_EnableClock
                0x080006d6       0x30 ./Drivers/BSP/STM32WLxx_Nucleo/stm32wlxx_nucleo.o
 .text.LL_APB1_GRP2_EnableClock
                0x08000706       0x30 ./Drivers/BSP/STM32WLxx_Nucleo/stm32wlxx_nucleo.o
 *fill*         0x08000736        0x2 
 .text.BSP_LED_Init
                0x08000738       0x74 ./Drivers/BSP/STM32WLxx_Nucleo/stm32wlxx_nucleo.o
                0x08000738                BSP_LED_Init
 .text.BSP_PB_Init
                0x080007ac      0x10c ./Drivers/BSP/STM32WLxx_Nucleo/stm32wlxx_nucleo.o
                0x080007ac                BSP_PB_Init
 .text.BSP_PB_Callback
                0x080008b8       0x14 ./Drivers/BSP/STM32WLxx_Nucleo/stm32wlxx_nucleo.o
                0x080008b8                BSP_PB_Callback
 .text.BSP_COM_Init
                0x080008cc       0x60 ./Drivers/BSP/STM32WLxx_Nucleo/stm32wlxx_nucleo.o
                0x080008cc                BSP_COM_Init
 .text.MX_LPUART1_Init
                0x0800092c       0x64 ./Drivers/BSP/STM32WLxx_Nucleo/stm32wlxx_nucleo.o
                0x0800092c                MX_LPUART1_Init
 .text.BUTTON_SW1_EXTI_Callback
                0x08000990        0xe ./Drivers/BSP/STM32WLxx_Nucleo/stm32wlxx_nucleo.o
 .text.BUTTON_SW2_EXTI_Callback
                0x0800099e        0xe ./Drivers/BSP/STM32WLxx_Nucleo/stm32wlxx_nucleo.o
 .text.BUTTON_SW3_EXTI_Callback
                0x080009ac        0xe ./Drivers/BSP/STM32WLxx_Nucleo/stm32wlxx_nucleo.o
 .text.COM1_MspInit
                0x080009ba       0x5e ./Drivers/BSP/STM32WLxx_Nucleo/stm32wlxx_nucleo.o
 .text.HAL_Init
                0x08000a18       0x40 ./Drivers/STM32WLxx_HAL_Driver/stm32wlxx_hal.o
                0x08000a18                HAL_Init
 .text.HAL_InitTick
                0x08000a58       0x74 ./Drivers/STM32WLxx_HAL_Driver/stm32wlxx_hal.o
                0x08000a58                HAL_InitTick
 .text.HAL_IncTick
                0x08000acc       0x24 ./Drivers/STM32WLxx_HAL_Driver/stm32wlxx_hal.o
                0x08000acc                HAL_IncTick
 .text.HAL_GetTick
                0x08000af0       0x14 ./Drivers/STM32WLxx_HAL_Driver/stm32wlxx_hal.o
                0x08000af0                HAL_GetTick
 .text.__NVIC_SetPriorityGrouping
                0x08000b04       0x48 ./Drivers/STM32WLxx_HAL_Driver/stm32wlxx_hal_cortex.o
 .text.__NVIC_GetPriorityGrouping
                0x08000b4c       0x1c ./Drivers/STM32WLxx_HAL_Driver/stm32wlxx_hal_cortex.o
 .text.__NVIC_EnableIRQ
                0x08000b68       0x38 ./Drivers/STM32WLxx_HAL_Driver/stm32wlxx_hal_cortex.o
 .text.__NVIC_SetPriority
                0x08000ba0       0x54 ./Drivers/STM32WLxx_HAL_Driver/stm32wlxx_hal_cortex.o
 .text.NVIC_EncodePriority
                0x08000bf4       0x64 ./Drivers/STM32WLxx_HAL_Driver/stm32wlxx_hal_cortex.o
 .text.SysTick_Config
                0x08000c58       0x44 ./Drivers/STM32WLxx_HAL_Driver/stm32wlxx_hal_cortex.o
 .text.HAL_NVIC_SetPriorityGrouping
                0x08000c9c       0x16 ./Drivers/STM32WLxx_HAL_Driver/stm32wlxx_hal_cortex.o
                0x08000c9c                HAL_NVIC_SetPriorityGrouping
 .text.HAL_NVIC_SetPriority
                0x08000cb2       0x34 ./Drivers/STM32WLxx_HAL_Driver/stm32wlxx_hal_cortex.o
                0x08000cb2                HAL_NVIC_SetPriority
 .text.HAL_NVIC_EnableIRQ
                0x08000ce6       0x1c ./Drivers/STM32WLxx_HAL_Driver/stm32wlxx_hal_cortex.o
                0x08000ce6                HAL_NVIC_EnableIRQ
 .text.HAL_SYSTICK_Config
                0x08000d02       0x18 ./Drivers/STM32WLxx_HAL_Driver/stm32wlxx_hal_cortex.o
                0x08000d02                HAL_SYSTICK_Config
 .text.HAL_EXTI_RegisterCallback
                0x08000d1a       0x32 ./Drivers/STM32WLxx_HAL_Driver/stm32wlxx_hal_exti.o
                0x08000d1a                HAL_EXTI_RegisterCallback
 .text.HAL_EXTI_GetHandle
                0x08000d4c       0x26 ./Drivers/STM32WLxx_HAL_Driver/stm32wlxx_hal_exti.o
                0x08000d4c                HAL_EXTI_GetHandle
 *fill*         0x08000d72        0x2 
 .text.HAL_GPIO_Init
                0x08000d74      0x2c0 ./Drivers/STM32WLxx_HAL_Driver/stm32wlxx_hal_gpio.o
                0x08000d74                HAL_GPIO_Init
 .text.HAL_GPIO_WritePin
                0x08001034       0x2e ./Drivers/STM32WLxx_HAL_Driver/stm32wlxx_hal_gpio.o
                0x08001034                HAL_GPIO_WritePin
 *fill*         0x08001062        0x2 
 .text.HAL_PWR_EnableBkUpAccess
                0x08001064       0x1c ./Drivers/STM32WLxx_HAL_Driver/stm32wlxx_hal_pwr.o
                0x08001064                HAL_PWR_EnableBkUpAccess
 .text.LL_PWR_EnableBootC2
                0x08001080       0x1c ./Drivers/STM32WLxx_HAL_Driver/stm32wlxx_hal_pwr_ex.o
 .text.HAL_PWREx_GetVoltageRange
                0x0800109c       0x18 ./Drivers/STM32WLxx_HAL_Driver/stm32wlxx_hal_pwr_ex.o
                0x0800109c                HAL_PWREx_GetVoltageRange
 .text.HAL_PWREx_ReleaseCore
                0x080010b4       0x14 ./Drivers/STM32WLxx_HAL_Driver/stm32wlxx_hal_pwr_ex.o
                0x080010b4                HAL_PWREx_ReleaseCore
 .text.LL_PWR_IsEnabledBkUpAccess
                0x080010c8       0x24 ./Drivers/STM32WLxx_HAL_Driver/stm32wlxx_hal_rcc.o
 .text.LL_RCC_HSE_EnableTcxo
                0x080010ec       0x1c ./Drivers/STM32WLxx_HAL_Driver/stm32wlxx_hal_rcc.o
 .text.LL_RCC_HSE_DisableTcxo
                0x08001108       0x1c ./Drivers/STM32WLxx_HAL_Driver/stm32wlxx_hal_rcc.o
 .text.LL_RCC_HSE_IsEnabledDiv2
                0x08001124       0x22 ./Drivers/STM32WLxx_HAL_Driver/stm32wlxx_hal_rcc.o
 .text.LL_RCC_HSE_Enable
                0x08001146       0x1c ./Drivers/STM32WLxx_HAL_Driver/stm32wlxx_hal_rcc.o
 .text.LL_RCC_HSE_Disable
                0x08001162       0x1c ./Drivers/STM32WLxx_HAL_Driver/stm32wlxx_hal_rcc.o
 .text.LL_RCC_HSE_IsReady
                0x0800117e       0x22 ./Drivers/STM32WLxx_HAL_Driver/stm32wlxx_hal_rcc.o
 .text.LL_RCC_HSI_Enable
                0x080011a0       0x1c ./Drivers/STM32WLxx_HAL_Driver/stm32wlxx_hal_rcc.o
 .text.LL_RCC_HSI_Disable
                0x080011bc       0x1c ./Drivers/STM32WLxx_HAL_Driver/stm32wlxx_hal_rcc.o
 .text.LL_RCC_HSI_IsReady
                0x080011d8       0x22 ./Drivers/STM32WLxx_HAL_Driver/stm32wlxx_hal_rcc.o
 .text.LL_RCC_HSI_SetCalibTrimming
                0x080011fa       0x28 ./Drivers/STM32WLxx_HAL_Driver/stm32wlxx_hal_rcc.o
 .text.LL_RCC_LSE_IsReady
                0x08001222       0x22 ./Drivers/STM32WLxx_HAL_Driver/stm32wlxx_hal_rcc.o
 .text.LL_RCC_LSI_Enable
                0x08001244       0x20 ./Drivers/STM32WLxx_HAL_Driver/stm32wlxx_hal_rcc.o
 .text.LL_RCC_LSI_Disable
                0x08001264       0x20 ./Drivers/STM32WLxx_HAL_Driver/stm32wlxx_hal_rcc.o
 .text.LL_RCC_LSI_IsReady
                0x08001284       0x22 ./Drivers/STM32WLxx_HAL_Driver/stm32wlxx_hal_rcc.o
 .text.LL_RCC_MSI_Enable
                0x080012a6       0x1c ./Drivers/STM32WLxx_HAL_Driver/stm32wlxx_hal_rcc.o
 .text.LL_RCC_MSI_Disable
                0x080012c2       0x1c ./Drivers/STM32WLxx_HAL_Driver/stm32wlxx_hal_rcc.o
 .text.LL_RCC_MSI_IsReady
                0x080012de       0x20 ./Drivers/STM32WLxx_HAL_Driver/stm32wlxx_hal_rcc.o
 .text.LL_RCC_MSI_IsEnabledRangeSelect
                0x080012fe       0x20 ./Drivers/STM32WLxx_HAL_Driver/stm32wlxx_hal_rcc.o
 .text.LL_RCC_MSI_GetRange
                0x0800131e       0x16 ./Drivers/STM32WLxx_HAL_Driver/stm32wlxx_hal_rcc.o
 .text.LL_RCC_MSI_GetRangeAfterStandby
                0x08001334       0x18 ./Drivers/STM32WLxx_HAL_Driver/stm32wlxx_hal_rcc.o
 .text.LL_RCC_MSI_SetCalibTrimming
                0x0800134c       0x28 ./Drivers/STM32WLxx_HAL_Driver/stm32wlxx_hal_rcc.o
 .text.LL_RCC_SetSysClkSource
                0x08001374       0x26 ./Drivers/STM32WLxx_HAL_Driver/stm32wlxx_hal_rcc.o
 .text.LL_RCC_GetSysClkSource
                0x0800139a       0x16 ./Drivers/STM32WLxx_HAL_Driver/stm32wlxx_hal_rcc.o
 .text.LL_RCC_SetAHBPrescaler
                0x080013b0       0x26 ./Drivers/STM32WLxx_HAL_Driver/stm32wlxx_hal_rcc.o
 .text.LL_C2_RCC_SetAHBPrescaler
                0x080013d6       0x2a ./Drivers/STM32WLxx_HAL_Driver/stm32wlxx_hal_rcc.o
 .text.LL_RCC_SetAHB3Prescaler
                0x08001400       0x2c ./Drivers/STM32WLxx_HAL_Driver/stm32wlxx_hal_rcc.o
 .text.LL_RCC_SetAPB1Prescaler
                0x0800142c       0x26 ./Drivers/STM32WLxx_HAL_Driver/stm32wlxx_hal_rcc.o
 .text.LL_RCC_SetAPB2Prescaler
                0x08001452       0x26 ./Drivers/STM32WLxx_HAL_Driver/stm32wlxx_hal_rcc.o
 .text.LL_RCC_GetAHBPrescaler
                0x08001478       0x16 ./Drivers/STM32WLxx_HAL_Driver/stm32wlxx_hal_rcc.o
 .text.LL_RCC_GetAHB3Prescaler
                0x0800148e       0x1a ./Drivers/STM32WLxx_HAL_Driver/stm32wlxx_hal_rcc.o
 .text.LL_RCC_GetAPB1Prescaler
                0x080014a8       0x16 ./Drivers/STM32WLxx_HAL_Driver/stm32wlxx_hal_rcc.o
 .text.LL_RCC_GetAPB2Prescaler
                0x080014be       0x16 ./Drivers/STM32WLxx_HAL_Driver/stm32wlxx_hal_rcc.o
 .text.LL_RCC_PLL_Enable
                0x080014d4       0x1c ./Drivers/STM32WLxx_HAL_Driver/stm32wlxx_hal_rcc.o
 .text.LL_RCC_PLL_Disable
                0x080014f0       0x1c ./Drivers/STM32WLxx_HAL_Driver/stm32wlxx_hal_rcc.o
 .text.LL_RCC_PLL_IsReady
                0x0800150c       0x22 ./Drivers/STM32WLxx_HAL_Driver/stm32wlxx_hal_rcc.o
 .text.LL_RCC_PLL_GetN
                0x0800152e       0x18 ./Drivers/STM32WLxx_HAL_Driver/stm32wlxx_hal_rcc.o
 .text.LL_RCC_PLL_GetR
                0x08001546       0x16 ./Drivers/STM32WLxx_HAL_Driver/stm32wlxx_hal_rcc.o
 .text.LL_RCC_PLL_GetDivider
                0x0800155c       0x16 ./Drivers/STM32WLxx_HAL_Driver/stm32wlxx_hal_rcc.o
 .text.LL_RCC_PLL_GetMainSource
                0x08001572       0x16 ./Drivers/STM32WLxx_HAL_Driver/stm32wlxx_hal_rcc.o
 .text.LL_RCC_IsActiveFlag_HPRE
                0x08001588       0x22 ./Drivers/STM32WLxx_HAL_Driver/stm32wlxx_hal_rcc.o
 .text.LL_RCC_IsActiveFlag_C2HPRE
                0x080015aa       0x24 ./Drivers/STM32WLxx_HAL_Driver/stm32wlxx_hal_rcc.o
 .text.LL_RCC_IsActiveFlag_SHDHPRE
                0x080015ce       0x24 ./Drivers/STM32WLxx_HAL_Driver/stm32wlxx_hal_rcc.o
 .text.LL_RCC_IsActiveFlag_PPRE1
                0x080015f2       0x22 ./Drivers/STM32WLxx_HAL_Driver/stm32wlxx_hal_rcc.o
 .text.LL_RCC_IsActiveFlag_PPRE2
                0x08001614       0x22 ./Drivers/STM32WLxx_HAL_Driver/stm32wlxx_hal_rcc.o
 *fill*         0x08001636        0x2 
 .text.HAL_RCC_OscConfig
                0x08001638      0x704 ./Drivers/STM32WLxx_HAL_Driver/stm32wlxx_hal_rcc.o
                0x08001638                HAL_RCC_OscConfig
 .text.HAL_RCC_ClockConfig
                0x08001d3c      0x284 ./Drivers/STM32WLxx_HAL_Driver/stm32wlxx_hal_rcc.o
                0x08001d3c                HAL_RCC_ClockConfig
 .text.HAL_RCC_GetSysClockFreq
                0x08001fc0      0x140 ./Drivers/STM32WLxx_HAL_Driver/stm32wlxx_hal_rcc.o
                0x08001fc0                HAL_RCC_GetSysClockFreq
 .text.HAL_RCC_GetHCLKFreq
                0x08002100       0x28 ./Drivers/STM32WLxx_HAL_Driver/stm32wlxx_hal_rcc.o
                0x08002100                HAL_RCC_GetHCLKFreq
 .text.HAL_RCC_GetPCLK1Freq
                0x08002128       0x24 ./Drivers/STM32WLxx_HAL_Driver/stm32wlxx_hal_rcc.o
                0x08002128                HAL_RCC_GetPCLK1Freq
 .text.HAL_RCC_GetPCLK2Freq
                0x0800214c       0x24 ./Drivers/STM32WLxx_HAL_Driver/stm32wlxx_hal_rcc.o
                0x0800214c                HAL_RCC_GetPCLK2Freq
 .text.RCC_SetFlashLatencyFromMSIRange
                0x08002170       0x60 ./Drivers/STM32WLxx_HAL_Driver/stm32wlxx_hal_rcc.o
 .text.RCC_SetFlashLatency
                0x080021d0      0x104 ./Drivers/STM32WLxx_HAL_Driver/stm32wlxx_hal_rcc.o
 .text.LL_RCC_GetUSARTClockSource
                0x080022d4       0x24 ./Drivers/STM32WLxx_HAL_Driver/stm32wlxx_hal_uart.o
 .text.LL_RCC_GetLPUARTClockSource
                0x080022f8       0x1e ./Drivers/STM32WLxx_HAL_Driver/stm32wlxx_hal_uart.o
 .text.HAL_UART_Init
                0x08002316       0xa0 ./Drivers/STM32WLxx_HAL_Driver/stm32wlxx_hal_uart.o
                0x08002316                HAL_UART_Init
 .text.HAL_UART_MspInit
                0x080023b6       0x12 ./Drivers/STM32WLxx_HAL_Driver/stm32wlxx_hal_uart.o
                0x080023b6                HAL_UART_MspInit
 .text.UART_SetConfig
                0x080023c8      0x4e8 ./Drivers/STM32WLxx_HAL_Driver/stm32wlxx_hal_uart.o
                0x080023c8                UART_SetConfig
 .text.UART_AdvFeatureConfig
                0x080028b0      0x142 ./Drivers/STM32WLxx_HAL_Driver/stm32wlxx_hal_uart.o
                0x080028b0                UART_AdvFeatureConfig
 .text.UART_CheckIdleState
                0x080029f2       0x9c ./Drivers/STM32WLxx_HAL_Driver/stm32wlxx_hal_uart.o
                0x080029f2                UART_CheckIdleState
 .text.UART_WaitOnFlagUntilTimeout
                0x08002a8e      0x19c ./Drivers/STM32WLxx_HAL_Driver/stm32wlxx_hal_uart.o
                0x08002a8e                UART_WaitOnFlagUntilTimeout
 .text.memset   0x08002c2a       0x10 /opt/st/stm32cubeide_1.18.1/plugins/com.st.stm32cube.ide.mcu.externaltools.gnu-tools-for-stm32.13.3.rel1.linux64_1.0.0.202410170706/tools/bin/../lib/gcc/arm-none-eabi/13.3.1/../../../../arm-none-eabi/lib/thumb/v7e-m/nofp/libc_nano.a(libc_a-memset.o)
                0x08002c2a                memset
 *fill*         0x08002c3a        0x2 
 .text.__libc_init_array
                0x08002c3c       0x48 /opt/st/stm32cubeide_1.18.1/plugins/com.st.stm32cube.ide.mcu.externaltools.gnu-tools-for-stm32.13.3.rel1.linux64_1.0.0.202410170706/tools/bin/../lib/gcc/arm-none-eabi/13.3.1/../../../../arm-none-eabi/lib/thumb/v7e-m/nofp/libc_nano.a(libc_a-init.o)
                0x08002c3c                __libc_init_array
 *(.glue_7)
 .glue_7        0x08002c84        0x0 linker stubs
 *(.glue_7t)
 .glue_7t       0x08002c84        0x0 linker stubs
 *(.eh_frame)
 .eh_frame      0x08002c84        0x0 /opt/st/stm32cubeide_1.18.1/plugins/com.st.stm32cube.ide.mcu.externaltools.gnu-tools-for-stm32.13.3.rel1.linux64_1.0.0.202410170706/tools/bin/../lib/gcc/arm-none-eabi/13.3.1/thumb/v7e-m/nofp/crtbegin.o
 *(.init)
 .init          0x08002c84        0x4 /opt/st/stm32cubeide_1.18.1/plugins/com.st.stm32cube.ide.mcu.externaltools.gnu-tools-for-stm32.13.3.rel1.linux64_1.0.0.202410170706/tools/bin/../lib/gcc/arm-none-eabi/13.3.1/thumb/v7e-m/nofp/crti.o
                0x08002c84                _init
 .init          0x08002c88        0x8 /opt/st/stm32cubeide_1.18.1/plugins/com.st.stm32cube.ide.mcu.externaltools.gnu-tools-for-stm32.13.3.rel1.linux64_1.0.0.202410170706/tools/bin/../lib/gcc/arm-none-eabi/13.3.1/thumb/v7e-m/nofp/crtn.o
 *(.fini)
 .fini          0x08002c90        0x4 /opt/st/stm32cubeide_1.18.1/plugins/com.st.stm32cube.ide.mcu.externaltools.gnu-tools-for-stm32.13.3.rel1.linux64_1.0.0.202410170706/tools/bin/../lib/gcc/arm-none-eabi/13.3.1/thumb/v7e-m/nofp/crti.o
                0x08002c90                _fini
 .fini          0x08002c94        0x8 /opt/st/stm32cubeide_1.18.1/plugins/com.st.stm32cube.ide.mcu.externaltools.gnu-tools-for-stm32.13.3.rel1.linux64_1.0.0.202410170706/tools/bin/../lib/gcc/arm-none-eabi/13.3.1/thumb/v7e-m/nofp/crtn.o
                0x08002c9c                        . = ALIGN (0x4)
                0x08002c9c                        _etext = .

.vfp11_veneer   0x08002c9c        0x0
 .vfp11_veneer  0x08002c9c        0x0 linker stubs

.v4_bx          0x08002c9c        0x0
 .v4_bx         0x08002c9c        0x0 linker stubs

.iplt           0x08002c9c        0x0
 .iplt          0x08002c9c        0x0 /opt/st/stm32cubeide_1.18.1/plugins/com.st.stm32cube.ide.mcu.externaltools.gnu-tools-for-stm32.13.3.rel1.linux64_1.0.0.202410170706/tools/bin/../lib/gcc/arm-none-eabi/13.3.1/thumb/v7e-m/nofp/crtbegin.o

.rodata         0x08002c9c       0xf4
                0x08002c9c                        . = ALIGN (0x4)
 *(.rodata)
 .rodata        0x08002c9c       0x1c ./Drivers/STM32WLxx_HAL_Driver/stm32wlxx_hal_rcc.o
 *(.rodata*)
 .rodata.AHBPrescTable
                0x08002cb8       0x40 ./Common/System/system_stm32wlxx.o
                0x08002cb8                AHBPrescTable
 .rodata.APBPrescTable
                0x08002cf8       0x20 ./Common/System/system_stm32wlxx.o
                0x08002cf8                APBPrescTable
 .rodata.MSIRangeTable
                0x08002d18       0x40 ./Common/System/system_stm32wlxx.o
                0x08002d18                MSIRangeTable
 .rodata.LED_PIN
                0x08002d58        0x6 ./Drivers/BSP/STM32WLxx_Nucleo/stm32wlxx_nucleo.o
 *fill*         0x08002d5e        0x2 
 .rodata.BUTTON_PIN
                0x08002d60        0x6 ./Drivers/BSP/STM32WLxx_Nucleo/stm32wlxx_nucleo.o
 *fill*         0x08002d66        0x2 
 .rodata.BUTTON_IRQn
                0x08002d68        0x3 ./Drivers/BSP/STM32WLxx_Nucleo/stm32wlxx_nucleo.o
 *fill*         0x08002d6b        0x1 
 .rodata.button_exti_line.2
                0x08002d6c        0xc ./Drivers/BSP/STM32WLxx_Nucleo/stm32wlxx_nucleo.o
 .rodata.UARTPrescTable
                0x08002d78       0x18 ./Drivers/STM32WLxx_HAL_Driver/stm32wlxx_hal_uart.o
                0x08002d78                UARTPrescTable
                0x08002d90                        . = ALIGN (0x4)

.ARM.extab      0x08002d90        0x0
                0x08002d90                        . = ALIGN (0x4)
 *(.ARM.extab* .gnu.linkonce.armextab.*)
                0x08002d90                        . = ALIGN (0x4)

.ARM            0x08002d90        0x8
                0x08002d90                        . = ALIGN (0x4)
                0x08002d90                        __exidx_start = .
 *(.ARM.exidx*)
 .ARM.exidx     0x08002d90        0x8 /opt/st/stm32cubeide_1.18.1/plugins/com.st.stm32cube.ide.mcu.externaltools.gnu-tools-for-stm32.13.3.rel1.linux64_1.0.0.202410170706/tools/bin/../lib/gcc/arm-none-eabi/13.3.1/thumb/v7e-m/nofp/libgcc.a(_udivmoddi4.o)
                0x08002d98                        __exidx_end = .
                0x08002d98                        . = ALIGN (0x4)

.preinit_array  0x08002d98        0x0
                0x08002d98                        . = ALIGN (0x4)
                0x08002d98                        PROVIDE (__preinit_array_start = .)
 *(.preinit_array*)
                0x08002d98                        PROVIDE (__preinit_array_end = .)
                0x08002d98                        . = ALIGN (0x4)

.init_array     0x08002d98        0x4
                0x08002d98                        . = ALIGN (0x4)
                0x08002d98                        PROVIDE (__init_array_start = .)
 *(SORT_BY_NAME(.init_array.*))
 *(.init_array*)
 .init_array    0x08002d98        0x4 /opt/st/stm32cubeide_1.18.1/plugins/com.st.stm32cube.ide.mcu.externaltools.gnu-tools-for-stm32.13.3.rel1.linux64_1.0.0.202410170706/tools/bin/../lib/gcc/arm-none-eabi/13.3.1/thumb/v7e-m/nofp/crtbegin.o
                0x08002d9c                        PROVIDE (__init_array_end = .)
                0x08002d9c                        . = ALIGN (0x4)

.fini_array     0x08002d9c        0x4
                0x08002d9c                        . = ALIGN (0x4)
                [!provide]                        PROVIDE (__fini_array_start = .)
 *(SORT_BY_NAME(.fini_array.*))
 *(.fini_array*)
 .fini_array    0x08002d9c        0x4 /opt/st/stm32cubeide_1.18.1/plugins/com.st.stm32cube.ide.mcu.externaltools.gnu-tools-for-stm32.13.3.rel1.linux64_1.0.0.202410170706/tools/bin/../lib/gcc/arm-none-eabi/13.3.1/thumb/v7e-m/nofp/crtbegin.o
                [!provide]                        PROVIDE (__fini_array_end = .)
                0x08002da0                        . = ALIGN (0x4)
                0x08002da0                        _sidata = LOADADDR (.data)

.rel.dyn        0x08002da0        0x0
 .rel.iplt      0x08002da0        0x0 /opt/st/stm32cubeide_1.18.1/plugins/com.st.stm32cube.ide.mcu.externaltools.gnu-tools-for-stm32.13.3.rel1.linux64_1.0.0.202410170706/tools/bin/../lib/gcc/arm-none-eabi/13.3.1/thumb/v7e-m/nofp/crtbegin.o

.data           0x20000000       0x40 load address 0x08002da0
                0x20000000                        . = ALIGN (0x4)
                0x20000000                        _sdata = .
 *(.data)
 *(.data*)
 .data.SystemCoreClock
                0x20000000        0x4 ./Common/System/system_stm32wlxx.o
                0x20000000                SystemCoreClock
 .data.LED_PORT
                0x20000004        0xc ./Drivers/BSP/STM32WLxx_Nucleo/stm32wlxx_nucleo.o
 .data.BUTTON_PORT
                0x20000010        0xc ./Drivers/BSP/STM32WLxx_Nucleo/stm32wlxx_nucleo.o
 .data.COM_USART
                0x2000001c        0x4 ./Drivers/BSP/STM32WLxx_Nucleo/stm32wlxx_nucleo.o
 .data.button_callback.1
                0x20000020        0xc ./Drivers/BSP/STM32WLxx_Nucleo/stm32wlxx_nucleo.o
 .data.button_interrupt_priority.0
                0x2000002c        0xc ./Drivers/BSP/STM32WLxx_Nucleo/stm32wlxx_nucleo.o
 .data.uwTickPrio
                0x20000038        0x4 ./Drivers/STM32WLxx_HAL_Driver/stm32wlxx_hal.o
                0x20000038                uwTickPrio
 .data.uwTickFreq
                0x2000003c        0x1 ./Drivers/STM32WLxx_HAL_Driver/stm32wlxx_hal.o
                0x2000003c                uwTickFreq
 *(.RamFunc)
 *(.RamFunc*)
                0x20000040                        . = ALIGN (0x4)
 *fill*         0x2000003d        0x3 
                0x20000040                        _edata = .

.igot.plt       0x20000040        0x0 load address 0x08002de0
 .igot.plt      0x20000040        0x0 /opt/st/stm32cubeide_1.18.1/plugins/com.st.stm32cube.ide.mcu.externaltools.gnu-tools-for-stm32.13.3.rel1.linux64_1.0.0.202410170706/tools/bin/../lib/gcc/arm-none-eabi/13.3.1/thumb/v7e-m/nofp/crtbegin.o
                0x20000040                        . = ALIGN (0x4)

.bss            0x20000040       0xdc load address 0x08002de0
                0x20000040                        _sbss = .
                0x20000040                        __bss_start__ = _sbss
 *(.bss)
 .bss           0x20000040       0x1c /opt/st/stm32cubeide_1.18.1/plugins/com.st.stm32cube.ide.mcu.externaltools.gnu-tools-for-stm32.13.3.rel1.linux64_1.0.0.202410170706/tools/bin/../lib/gcc/arm-none-eabi/13.3.1/thumb/v7e-m/nofp/crtbegin.o
 *(.bss*)
 .bss.BspCOMInit
                0x2000005c       0x10 ./Core/Src/main.o
                0x2000005c                BspCOMInit
 .bss.hpb_exti  0x2000006c       0x18 ./Drivers/BSP/STM32WLxx_Nucleo/stm32wlxx_nucleo.o
                0x2000006c                hpb_exti
 .bss.hcom_uart
                0x20000084       0x94 ./Drivers/BSP/STM32WLxx_Nucleo/stm32wlxx_nucleo.o
                0x20000084                hcom_uart
 .bss.uwTick    0x20000118        0x4 ./Drivers/STM32WLxx_HAL_Driver/stm32wlxx_hal.o
                0x20000118                uwTick
 *(COMMON)
                0x2000011c                        . = ALIGN (0x4)
                0x2000011c                        _ebss = .
                0x2000011c                        __bss_end__ = _ebss

._user_heap_stack
                0x2000011c      0x604 load address 0x08002de0
                0x20000120                        . = ALIGN (0x8)
 *fill*         0x2000011c        0x4 
                [!provide]                        PROVIDE (end = .)
                0x20000120                        PROVIDE (_end = .)
                0x20000320                        . = (. + _Min_Heap_Size)
 *fill*         0x20000120      0x200 
                0x20000720                        . = (. + _Min_Stack_Size)
 *fill*         0x20000320      0x400 
                0x20000720                        . = ALIGN (0x8)

/DISCARD/
 libc.a(*)
 libm.a(*)
 libgcc.a(*)

.ARM.attributes
                0x00000000       0x2a
 *(.ARM.attributes)
 .ARM.attributes
                0x00000000       0x1e /opt/st/stm32cubeide_1.18.1/plugins/com.st.stm32cube.ide.mcu.externaltools.gnu-tools-for-stm32.13.3.rel1.linux64_1.0.0.202410170706/tools/bin/../lib/gcc/arm-none-eabi/13.3.1/thumb/v7e-m/nofp/crti.o
 .ARM.attributes
                0x0000001e       0x2e /opt/st/stm32cubeide_1.18.1/plugins/com.st.stm32cube.ide.mcu.externaltools.gnu-tools-for-stm32.13.3.rel1.linux64_1.0.0.202410170706/tools/bin/../lib/gcc/arm-none-eabi/13.3.1/thumb/v7e-m/nofp/crtbegin.o
 .ARM.attributes
                0x0000004c       0x2e ./Common/System/system_stm32wlxx.o
 .ARM.attributes
                0x0000007a       0x2e ./Core/Src/main.o
 .ARM.attributes
                0x000000a8       0x2e ./Core/Src/stm32wlxx_hal_msp.o
 .ARM.attributes
                0x000000d6       0x2e ./Core/Src/stm32wlxx_it.o
 .ARM.attributes
                0x00000104       0x21 ./Core/Startup/startup_stm32wl55jcix.o
 .ARM.attributes
                0x00000125       0x2e ./Drivers/BSP/STM32WLxx_Nucleo/stm32wlxx_nucleo.o
 .ARM.attributes
                0x00000153       0x2e ./Drivers/STM32WLxx_HAL_Driver/stm32wlxx_hal.o
 .ARM.attributes
                0x00000181       0x2e ./Drivers/STM32WLxx_HAL_Driver/stm32wlxx_hal_cortex.o
 .ARM.attributes
                0x000001af       0x2e ./Drivers/STM32WLxx_HAL_Driver/stm32wlxx_hal_exti.o
 .ARM.attributes
                0x000001dd       0x2e ./Drivers/STM32WLxx_HAL_Driver/stm32wlxx_hal_gpio.o
 .ARM.attributes
                0x0000020b       0x2e ./Drivers/STM32WLxx_HAL_Driver/stm32wlxx_hal_pwr.o
 .ARM.attributes
                0x00000239       0x2e ./Drivers/STM32WLxx_HAL_Driver/stm32wlxx_hal_pwr_ex.o
 .ARM.attributes
                0x00000267       0x2e ./Drivers/STM32WLxx_HAL_Driver/stm32wlxx_hal_rcc.o
 .ARM.attributes
                0x00000295       0x2e ./Drivers/STM32WLxx_HAL_Driver/stm32wlxx_hal_uart.o
 .ARM.attributes
                0x000002c3       0x2e /opt/st/stm32cubeide_1.18.1/plugins/com.st.stm32cube.ide.mcu.externaltools.gnu-tools-for-stm32.13.3.rel1.linux64_1.0.0.202410170706/tools/bin/../lib/gcc/arm-none-eabi/13.3.1/../../../../arm-none-eabi/lib/thumb/v7e-m/nofp/libc_nano.a(libc_a-memset.o)
 .ARM.attributes
                0x000002f1       0x2e /opt/st/stm32cubeide_1.18.1/plugins/com.st.stm32cube.ide.mcu.externaltools.gnu-tools-for-stm32.13.3.rel1.linux64_1.0.0.202410170706/tools/bin/../lib/gcc/arm-none-eabi/13.3.1/../../../../arm-none-eabi/lib/thumb/v7e-m/nofp/libc_nano.a(libc_a-init.o)
 .ARM.attributes
                0x0000031f       0x1e /opt/st/stm32cubeide_1.18.1/plugins/com.st.stm32cube.ide.mcu.externaltools.gnu-tools-for-stm32.13.3.rel1.linux64_1.0.0.202410170706/tools/bin/../lib/gcc/arm-none-eabi/13.3.1/thumb/v7e-m/nofp/libgcc.a(_aeabi_uldivmod.o)
 .ARM.attributes
                0x0000033d       0x2e /opt/st/stm32cubeide_1.18.1/plugins/com.st.stm32cube.ide.mcu.externaltools.gnu-tools-for-stm32.13.3.rel1.linux64_1.0.0.202410170706/tools/bin/../lib/gcc/arm-none-eabi/13.3.1/thumb/v7e-m/nofp/libgcc.a(_udivmoddi4.o)
 .ARM.attributes
                0x0000036b       0x1e /opt/st/stm32cubeide_1.18.1/plugins/com.st.stm32cube.ide.mcu.externaltools.gnu-tools-for-stm32.13.3.rel1.linux64_1.0.0.202410170706/tools/bin/../lib/gcc/arm-none-eabi/13.3.1/thumb/v7e-m/nofp/libgcc.a(_dvmd_tls.o)
 .ARM.attributes
                0x00000389       0x1e /opt/st/stm32cubeide_1.18.1/plugins/com.st.stm32cube.ide.mcu.externaltools.gnu-tools-for-stm32.13.3.rel1.linux64_1.0.0.202410170706/tools/bin/../lib/gcc/arm-none-eabi/13.3.1/thumb/v7e-m/nofp/crtn.o
OUTPUT(blink2_CM4.elf elf32-littlearm)
LOAD linker stubs
LOAD /opt/st/stm32cubeide_1.18.1/plugins/com.st.stm32cube.ide.mcu.externaltools.gnu-tools-for-stm32.13.3.rel1.linux64_1.0.0.202410170706/tools/bin/../lib/gcc/arm-none-eabi/13.3.1/../../../../arm-none-eabi/lib/thumb/v7e-m/nofp/libc.a
LOAD /opt/st/stm32cubeide_1.18.1/plugins/com.st.stm32cube.ide.mcu.externaltools.gnu-tools-for-stm32.13.3.rel1.linux64_1.0.0.202410170706/tools/bin/../lib/gcc/arm-none-eabi/13.3.1/../../../../arm-none-eabi/lib/thumb/v7e-m/nofp/libm.a
LOAD /opt/st/stm32cubeide_1.18.1/plugins/com.st.stm32cube.ide.mcu.externaltools.gnu-tools-for-stm32.13.3.rel1.linux64_1.0.0.202410170706/tools/bin/../lib/gcc/arm-none-eabi/13.3.1/thumb/v7e-m/nofp/libgcc.a

.debug_info     0x00000000     0xccf9
 .debug_info    0x00000000      0x515 ./Common/System/system_stm32wlxx.o
 .debug_info    0x00000515      0xb0e ./Core/Src/main.o
 .debug_info    0x00001023       0xd5 ./Core/Src/stm32wlxx_hal_msp.o
 .debug_info    0x000010f8      0x15e ./Core/Src/stm32wlxx_it.o
 .debug_info    0x00001256       0x30 ./Core/Startup/startup_stm32wl55jcix.o
 .debug_info    0x00001286     0x17da ./Drivers/BSP/STM32WLxx_Nucleo/stm32wlxx_nucleo.o
 .debug_info    0x00002a60     0x1165 ./Drivers/STM32WLxx_HAL_Driver/stm32wlxx_hal.o
 .debug_info    0x00003bc5      0xd39 ./Drivers/STM32WLxx_HAL_Driver/stm32wlxx_hal_cortex.o
 .debug_info    0x000048fe      0x7b2 ./Drivers/STM32WLxx_HAL_Driver/stm32wlxx_hal_exti.o
 .debug_info    0x000050b0      0x708 ./Drivers/STM32WLxx_HAL_Driver/stm32wlxx_hal_gpio.o
 .debug_info    0x000057b8      0x8e8 ./Drivers/STM32WLxx_HAL_Driver/stm32wlxx_hal_pwr.o
 .debug_info    0x000060a0      0xde7 ./Drivers/STM32WLxx_HAL_Driver/stm32wlxx_hal_pwr_ex.o
 .debug_info    0x00006e87     0x13ef ./Drivers/STM32WLxx_HAL_Driver/stm32wlxx_hal_rcc.o
 .debug_info    0x00008276     0x4a83 ./Drivers/STM32WLxx_HAL_Driver/stm32wlxx_hal_uart.o

.debug_abbrev   0x00000000     0x1d83
 .debug_abbrev  0x00000000      0x13e ./Common/System/system_stm32wlxx.o
 .debug_abbrev  0x0000013e      0x253 ./Core/Src/main.o
 .debug_abbrev  0x00000391       0x7e ./Core/Src/stm32wlxx_hal_msp.o
 .debug_abbrev  0x0000040f       0xac ./Core/Src/stm32wlxx_it.o
 .debug_abbrev  0x000004bb       0x24 ./Core/Startup/startup_stm32wl55jcix.o
 .debug_abbrev  0x000004df      0x338 ./Drivers/BSP/STM32WLxx_Nucleo/stm32wlxx_nucleo.o
 .debug_abbrev  0x00000817      0x344 ./Drivers/STM32WLxx_HAL_Driver/stm32wlxx_hal.o
 .debug_abbrev  0x00000b5b      0x2e8 ./Drivers/STM32WLxx_HAL_Driver/stm32wlxx_hal_cortex.o
 .debug_abbrev  0x00000e43      0x1cd ./Drivers/STM32WLxx_HAL_Driver/stm32wlxx_hal_exti.o
 .debug_abbrev  0x00001010      0x1e9 ./Drivers/STM32WLxx_HAL_Driver/stm32wlxx_hal_gpio.o
 .debug_abbrev  0x000011f9      0x209 ./Drivers/STM32WLxx_HAL_Driver/stm32wlxx_hal_pwr.o
 .debug_abbrev  0x00001402      0x302 ./Drivers/STM32WLxx_HAL_Driver/stm32wlxx_hal_pwr_ex.o
 .debug_abbrev  0x00001704      0x32d ./Drivers/STM32WLxx_HAL_Driver/stm32wlxx_hal_rcc.o
 .debug_abbrev  0x00001a31      0x352 ./Drivers/STM32WLxx_HAL_Driver/stm32wlxx_hal_uart.o

.debug_aranges  0x00000000      0xd68
 .debug_aranges
                0x00000000       0x28 ./Common/System/system_stm32wlxx.o
 .debug_aranges
                0x00000028       0x40 ./Core/Src/main.o
 .debug_aranges
                0x00000068       0x20 ./Core/Src/stm32wlxx_hal_msp.o
 .debug_aranges
                0x00000088       0x60 ./Core/Src/stm32wlxx_it.o
 .debug_aranges
                0x000000e8       0x28 ./Core/Startup/startup_stm32wl55jcix.o
 .debug_aranges
                0x00000110       0xe0 ./Drivers/BSP/STM32WLxx_Nucleo/stm32wlxx_nucleo.o
 .debug_aranges
                0x000001f0      0x240 ./Drivers/STM32WLxx_HAL_Driver/stm32wlxx_hal.o
 .debug_aranges
                0x00000430      0x128 ./Drivers/STM32WLxx_HAL_Driver/stm32wlxx_hal_cortex.o
 .debug_aranges
                0x00000558       0x60 ./Drivers/STM32WLxx_HAL_Driver/stm32wlxx_hal_exti.o
 .debug_aranges
                0x000005b8       0x60 ./Drivers/STM32WLxx_HAL_Driver/stm32wlxx_hal_gpio.o
 .debug_aranges
                0x00000618       0xc8 ./Drivers/STM32WLxx_HAL_Driver/stm32wlxx_hal_pwr.o
 .debug_aranges
                0x000006e0      0x200 ./Drivers/STM32WLxx_HAL_Driver/stm32wlxx_hal_pwr_ex.o
 .debug_aranges
                0x000008e0      0x230 ./Drivers/STM32WLxx_HAL_Driver/stm32wlxx_hal_rcc.o
 .debug_aranges
                0x00000b10      0x258 ./Drivers/STM32WLxx_HAL_Driver/stm32wlxx_hal_uart.o

.debug_rnglists
                0x00000000      0xa25
 .debug_rnglists
                0x00000000       0x1a ./Common/System/system_stm32wlxx.o
 .debug_rnglists
                0x0000001a       0x2c ./Core/Src/main.o
 .debug_rnglists
                0x00000046       0x13 ./Core/Src/stm32wlxx_hal_msp.o
 .debug_rnglists
                0x00000059       0x43 ./Core/Src/stm32wlxx_it.o
 .debug_rnglists
                0x0000009c       0x19 ./Core/Startup/startup_stm32wl55jcix.o
 .debug_rnglists
                0x000000b5       0xa4 ./Drivers/BSP/STM32WLxx_Nucleo/stm32wlxx_nucleo.o
 .debug_rnglists
                0x00000159      0x1ab ./Drivers/STM32WLxx_HAL_Driver/stm32wlxx_hal.o
 .debug_rnglists
                0x00000304       0xd9 ./Drivers/STM32WLxx_HAL_Driver/stm32wlxx_hal_cortex.o
 .debug_rnglists
                0x000003dd       0x46 ./Drivers/STM32WLxx_HAL_Driver/stm32wlxx_hal_exti.o
 .debug_rnglists
                0x00000423       0x45 ./Drivers/STM32WLxx_HAL_Driver/stm32wlxx_hal_gpio.o
 .debug_rnglists
                0x00000468       0x91 ./Drivers/STM32WLxx_HAL_Driver/stm32wlxx_hal_pwr.o
 .debug_rnglists
                0x000004f9      0x180 ./Drivers/STM32WLxx_HAL_Driver/stm32wlxx_hal_pwr_ex.o
 .debug_rnglists
                0x00000679      0x1a6 ./Drivers/STM32WLxx_HAL_Driver/stm32wlxx_hal_rcc.o
 .debug_rnglists
                0x0000081f      0x206 ./Drivers/STM32WLxx_HAL_Driver/stm32wlxx_hal_uart.o

.debug_macro    0x00000000    0x1c2d9
 .debug_macro   0x00000000      0x205 ./Common/System/system_stm32wlxx.o
 .debug_macro   0x00000205      0xad8 ./Common/System/system_stm32wlxx.o
 .debug_macro   0x00000cdd       0x2e ./Common/System/system_stm32wlxx.o
 .debug_macro   0x00000d0b       0x3a ./Common/System/system_stm32wlxx.o
 .debug_macro   0x00000d45       0x22 ./Common/System/system_stm32wlxx.o
 .debug_macro   0x00000d67       0x8e ./Common/System/system_stm32wlxx.o
 .debug_macro   0x00000df5       0x51 ./Common/System/system_stm32wlxx.o
 .debug_macro   0x00000e46      0x103 ./Common/System/system_stm32wlxx.o
 .debug_macro   0x00000f49       0x6a ./Common/System/system_stm32wlxx.o
 .debug_macro   0x00000fb3      0x1df ./Common/System/system_stm32wlxx.o
 .debug_macro   0x00001192       0x1c ./Common/System/system_stm32wlxx.o
 .debug_macro   0x000011ae       0x22 ./Common/System/system_stm32wlxx.o
 .debug_macro   0x000011d0       0xfb ./Common/System/system_stm32wlxx.o
 .debug_macro   0x000012cb     0x1011 ./Common/System/system_stm32wlxx.o
 .debug_macro   0x000022dc      0x11f ./Common/System/system_stm32wlxx.o
 .debug_macro   0x000023fb     0xf31a ./Common/System/system_stm32wlxx.o
 .debug_macro   0x00011715       0x6d ./Common/System/system_stm32wlxx.o
 .debug_macro   0x00011782      0x11e ./Common/System/system_stm32wlxx.o
 .debug_macro   0x000118a0     0x341d ./Common/System/system_stm32wlxx.o
 .debug_macro   0x00014cbd      0x190 ./Common/System/system_stm32wlxx.o
 .debug_macro   0x00014e4d       0x5c ./Common/System/system_stm32wlxx.o
 .debug_macro   0x00014ea9      0x416 ./Common/System/system_stm32wlxx.o
 .debug_macro   0x000152bf      0x29c ./Common/System/system_stm32wlxx.o
 .debug_macro   0x0001555b      0x35a ./Common/System/system_stm32wlxx.o
 .debug_macro   0x000158b5      0x196 ./Common/System/system_stm32wlxx.o
 .debug_macro   0x00015a4b       0x4a ./Common/System/system_stm32wlxx.o
 .debug_macro   0x00015a95      0x236 ./Common/System/system_stm32wlxx.o
 .debug_macro   0x00015ccb      0x229 ./Common/System/system_stm32wlxx.o
 .debug_macro   0x00015ef4      0x3fa ./Common/System/system_stm32wlxx.o
 .debug_macro   0x000162ee       0x2e ./Common/System/system_stm32wlxx.o
 .debug_macro   0x0001631c      0x107 ./Common/System/system_stm32wlxx.o
 .debug_macro   0x00016423      0x1ba ./Common/System/system_stm32wlxx.o
 .debug_macro   0x000165dd       0xe6 ./Common/System/system_stm32wlxx.o
 .debug_macro   0x000166c3      0x283 ./Common/System/system_stm32wlxx.o
 .debug_macro   0x00016946      0x133 ./Common/System/system_stm32wlxx.o
 .debug_macro   0x00016a79      0x36f ./Common/System/system_stm32wlxx.o
 .debug_macro   0x00016de8      0x683 ./Common/System/system_stm32wlxx.o
 .debug_macro   0x0001746b      0x20e ./Common/System/system_stm32wlxx.o
 .debug_macro   0x00017679      0xfb4 ./Common/System/system_stm32wlxx.o
 .debug_macro   0x0001862d      0x136 ./Common/System/system_stm32wlxx.o
 .debug_macro   0x00018763      0x2db ./Common/System/system_stm32wlxx.o
 .debug_macro   0x00018a3e      0x693 ./Common/System/system_stm32wlxx.o
 .debug_macro   0x000190d1       0xa6 ./Common/System/system_stm32wlxx.o
 .debug_macro   0x00019177      0x45a ./Common/System/system_stm32wlxx.o
 .debug_macro   0x000195d1      0x3c0 ./Common/System/system_stm32wlxx.o
 .debug_macro   0x00019991      0x30d ./Core/Src/main.o
 .debug_macro   0x00019c9e       0x52 ./Core/Src/main.o
 .debug_macro   0x00019cf0       0x22 ./Core/Src/main.o
 .debug_macro   0x00019d12       0x61 ./Core/Src/main.o
 .debug_macro   0x00019d73       0x24 ./Core/Src/main.o
 .debug_macro   0x00019d97       0x43 ./Core/Src/main.o
 .debug_macro   0x00019dda       0x34 ./Core/Src/main.o
 .debug_macro   0x00019e0e       0x16 ./Core/Src/main.o
 .debug_macro   0x00019e24       0x3c ./Core/Src/main.o
 .debug_macro   0x00019e60      0x370 ./Core/Src/main.o
 .debug_macro   0x0001a1d0       0x10 ./Core/Src/main.o
 .debug_macro   0x0001a1e0       0x16 ./Core/Src/main.o
 .debug_macro   0x0001a1f6       0x4a ./Core/Src/main.o
 .debug_macro   0x0001a240       0x34 ./Core/Src/main.o
 .debug_macro   0x0001a274       0x10 ./Core/Src/main.o
 .debug_macro   0x0001a284       0x58 ./Core/Src/main.o
 .debug_macro   0x0001a2dc       0x8e ./Core/Src/main.o
 .debug_macro   0x0001a36a       0x1c ./Core/Src/main.o
 .debug_macro   0x0001a386      0x185 ./Core/Src/main.o
 .debug_macro   0x0001a50b       0x16 ./Core/Src/main.o
 .debug_macro   0x0001a521       0x16 ./Core/Src/main.o
 .debug_macro   0x0001a537      0x146 ./Core/Src/main.o
 .debug_macro   0x0001a67d      0x1a1 ./Core/Src/main.o
 .debug_macro   0x0001a81e       0x1c ./Core/Src/main.o
 .debug_macro   0x0001a83a      0x30d ./Core/Src/stm32wlxx_hal_msp.o
 .debug_macro   0x0001ab47      0x317 ./Core/Src/stm32wlxx_it.o
 .debug_macro   0x0001ae5e      0x30a ./Drivers/BSP/STM32WLxx_Nucleo/stm32wlxx_nucleo.o
 .debug_macro   0x0001b168       0x1c ./Drivers/BSP/STM32WLxx_Nucleo/stm32wlxx_nucleo.o
 .debug_macro   0x0001b184      0x229 ./Drivers/STM32WLxx_HAL_Driver/stm32wlxx_hal.o
 .debug_macro   0x0001b3ad      0x205 ./Drivers/STM32WLxx_HAL_Driver/stm32wlxx_hal_cortex.o
 .debug_macro   0x0001b5b2      0x211 ./Drivers/STM32WLxx_HAL_Driver/stm32wlxx_hal_exti.o
 .debug_macro   0x0001b7c3      0x20b ./Drivers/STM32WLxx_HAL_Driver/stm32wlxx_hal_gpio.o
 .debug_macro   0x0001b9ce      0x25f ./Drivers/STM32WLxx_HAL_Driver/stm32wlxx_hal_pwr.o
 .debug_macro   0x0001bc2d      0x217 ./Drivers/STM32WLxx_HAL_Driver/stm32wlxx_hal_pwr_ex.o
 .debug_macro   0x0001be44      0x265 ./Drivers/STM32WLxx_HAL_Driver/stm32wlxx_hal_rcc.o
 .debug_macro   0x0001c0a9      0x230 ./Drivers/STM32WLxx_HAL_Driver/stm32wlxx_hal_uart.o

.debug_line     0x00000000     0xc869
 .debug_line    0x00000000      0x7d1 ./Common/System/system_stm32wlxx.o
 .debug_line    0x000007d1      0x974 ./Core/Src/main.o
 .debug_line    0x00001145      0x8ae ./Core/Src/stm32wlxx_hal_msp.o
 .debug_line    0x000019f3      0x961 ./Core/Src/stm32wlxx_it.o
 .debug_line    0x00002354       0x7b ./Core/Startup/startup_stm32wl55jcix.o
 .debug_line    0x000023cf      0xc8e ./Drivers/BSP/STM32WLxx_Nucleo/stm32wlxx_nucleo.o
 .debug_line    0x0000305d      0xee6 ./Drivers/STM32WLxx_HAL_Driver/stm32wlxx_hal.o
 .debug_line    0x00003f43      0xcd3 ./Drivers/STM32WLxx_HAL_Driver/stm32wlxx_hal_cortex.o
 .debug_line    0x00004c16      0xaab ./Drivers/STM32WLxx_HAL_Driver/stm32wlxx_hal_exti.o
 .debug_line    0x000056c1      0xb34 ./Drivers/STM32WLxx_HAL_Driver/stm32wlxx_hal_gpio.o
 .debug_line    0x000061f5      0x9b2 ./Drivers/STM32WLxx_HAL_Driver/stm32wlxx_hal_pwr.o
 .debug_line    0x00006ba7      0xe68 ./Drivers/STM32WLxx_HAL_Driver/stm32wlxx_hal_pwr_ex.o
 .debug_line    0x00007a0f     0x18d9 ./Drivers/STM32WLxx_HAL_Driver/stm32wlxx_hal_rcc.o
 .debug_line    0x000092e8     0x3581 ./Drivers/STM32WLxx_HAL_Driver/stm32wlxx_hal_uart.o

.debug_str      0x00000000    0xb0a34
 .debug_str     0x00000000    0xb0a34 ./Common/System/system_stm32wlxx.o
                              0xa85e6 (size before relaxing)
 .debug_str     0x000b0a34    0xacf09 ./Core/Src/main.o
 .debug_str     0x000b0a34    0xac7ef ./Core/Src/stm32wlxx_hal_msp.o
 .debug_str     0x000b0a34    0xac88c ./Core/Src/stm32wlxx_it.o
 .debug_str     0x000b0a34       0x85 ./Core/Startup/startup_stm32wl55jcix.o
 .debug_str     0x000b0a34    0xada03 ./Drivers/BSP/STM32WLxx_Nucleo/stm32wlxx_nucleo.o
 .debug_str     0x000b0a34    0xa93c9 ./Drivers/STM32WLxx_HAL_Driver/stm32wlxx_hal.o
 .debug_str     0x000b0a34    0xa8cff ./Drivers/STM32WLxx_HAL_Driver/stm32wlxx_hal_cortex.o
 .debug_str     0x000b0a34    0xa865f ./Drivers/STM32WLxx_HAL_Driver/stm32wlxx_hal_exti.o
 .debug_str     0x000b0a34    0xa863a ./Drivers/STM32WLxx_HAL_Driver/stm32wlxx_hal_gpio.o
 .debug_str     0x000b0a34    0xa8a39 ./Drivers/STM32WLxx_HAL_Driver/stm32wlxx_hal_pwr.o
 .debug_str     0x000b0a34    0xa8d99 ./Drivers/STM32WLxx_HAL_Driver/stm32wlxx_hal_pwr_ex.o
 .debug_str     0x000b0a34    0xa93ad ./Drivers/STM32WLxx_HAL_Driver/stm32wlxx_hal_rcc.o
 .debug_str     0x000b0a34    0xa961f ./Drivers/STM32WLxx_HAL_Driver/stm32wlxx_hal_uart.o

.comment        0x00000000       0x43
 .comment       0x00000000       0x43 ./Common/System/system_stm32wlxx.o
                                 0x44 (size before relaxing)
 .comment       0x00000043       0x44 ./Core/Src/main.o
 .comment       0x00000043       0x44 ./Core/Src/stm32wlxx_hal_msp.o
 .comment       0x00000043       0x44 ./Core/Src/stm32wlxx_it.o
 .comment       0x00000043       0x44 ./Drivers/BSP/STM32WLxx_Nucleo/stm32wlxx_nucleo.o
 .comment       0x00000043       0x44 ./Drivers/STM32WLxx_HAL_Driver/stm32wlxx_hal.o
 .comment       0x00000043       0x44 ./Drivers/STM32WLxx_HAL_Driver/stm32wlxx_hal_cortex.o
 .comment       0x00000043       0x44 ./Drivers/STM32WLxx_HAL_Driver/stm32wlxx_hal_exti.o
 .comment       0x00000043       0x44 ./Drivers/STM32WLxx_HAL_Driver/stm32wlxx_hal_gpio.o
 .comment       0x00000043       0x44 ./Drivers/STM32WLxx_HAL_Driver/stm32wlxx_hal_pwr.o
 .comment       0x00000043       0x44 ./Drivers/STM32WLxx_HAL_Driver/stm32wlxx_hal_pwr_ex.o
 .comment       0x00000043       0x44 ./Drivers/STM32WLxx_HAL_Driver/stm32wlxx_hal_rcc.o
 .comment       0x00000043       0x44 ./Drivers/STM32WLxx_HAL_Driver/stm32wlxx_hal_uart.o

.debug_frame    0x00000000     0x3718
 .debug_frame   0x00000000       0x58 ./Common/System/system_stm32wlxx.o
 .debug_frame   0x00000058       0xac ./Core/Src/main.o
 .debug_frame   0x00000104       0x30 ./Core/Src/stm32wlxx_hal_msp.o
 .debug_frame   0x00000134      0x104 ./Core/Src/stm32wlxx_it.o
 .debug_frame   0x00000238      0x38c ./Drivers/BSP/STM32WLxx_Nucleo/stm32wlxx_nucleo.o
 .debug_frame   0x000005c4      0x948 ./Drivers/STM32WLxx_HAL_Driver/stm32wlxx_hal.o
 .debug_frame   0x00000f0c      0x4e8 ./Drivers/STM32WLxx_HAL_Driver/stm32wlxx_hal_cortex.o
 .debug_frame   0x000013f4      0x174 ./Drivers/STM32WLxx_HAL_Driver/stm32wlxx_hal_exti.o
 .debug_frame   0x00001568      0x174 ./Drivers/STM32WLxx_HAL_Driver/stm32wlxx_hal_gpio.o
 .debug_frame   0x000016dc      0x31c ./Drivers/STM32WLxx_HAL_Driver/stm32wlxx_hal_pwr.o
 .debug_frame   0x000019f8      0x894 ./Drivers/STM32WLxx_HAL_Driver/stm32wlxx_hal_pwr_ex.o
 .debug_frame   0x0000228c      0x8fc ./Drivers/STM32WLxx_HAL_Driver/stm32wlxx_hal_rcc.o
 .debug_frame   0x00002b88      0xae4 ./Drivers/STM32WLxx_HAL_Driver/stm32wlxx_hal_uart.o
 .debug_frame   0x0000366c       0x20 /opt/st/stm32cubeide_1.18.1/plugins/com.st.stm32cube.ide.mcu.externaltools.gnu-tools-for-stm32.13.3.rel1.linux64_1.0.0.202410170706/tools/bin/../lib/gcc/arm-none-eabi/13.3.1/../../../../arm-none-eabi/lib/thumb/v7e-m/nofp/libc_nano.a(libc_a-memset.o)
 .debug_frame   0x0000368c       0x2c /opt/st/stm32cubeide_1.18.1/plugins/com.st.stm32cube.ide.mcu.externaltools.gnu-tools-for-stm32.13.3.rel1.linux64_1.0.0.202410170706/tools/bin/../lib/gcc/arm-none-eabi/13.3.1/../../../../arm-none-eabi/lib/thumb/v7e-m/nofp/libc_nano.a(libc_a-init.o)
 .debug_frame   0x000036b8       0x2c /opt/st/stm32cubeide_1.18.1/plugins/com.st.stm32cube.ide.mcu.externaltools.gnu-tools-for-stm32.13.3.rel1.linux64_1.0.0.202410170706/tools/bin/../lib/gcc/arm-none-eabi/13.3.1/thumb/v7e-m/nofp/libgcc.a(_aeabi_uldivmod.o)
 .debug_frame   0x000036e4       0x34 /opt/st/stm32cubeide_1.18.1/plugins/com.st.stm32cube.ide.mcu.externaltools.gnu-tools-for-stm32.13.3.rel1.linux64_1.0.0.202410170706/tools/bin/../lib/gcc/arm-none-eabi/13.3.1/thumb/v7e-m/nofp/libgcc.a(_udivmoddi4.o)

.debug_line_str
                0x00000000       0x69
 .debug_line_str
                0x00000000       0x69 ./Core/Startup/startup_stm32wl55jcix.o
